ARM Linker, 4.1 [Build 791] [Professional]

==============================================================================

Section Cross References

    startup.o(.text) refers to kservice.o(.text) for rt_kprintf
    startup.o(.text) refers to board.o(.text) for rt_hw_board_init
    startup.o(.text) refers to clock.o(.text) for rt_system_tick_init
    startup.o(.text) refers to object.o(.text) for rt_system_object_init
    startup.o(.text) refers to timer.o(.text) for rt_system_timer_init
    startup.o(.text) refers to mem.o(.text) for rt_system_heap_init
    startup.o(.text) refers to scheduler.o(.text) for rt_system_scheduler_init
    startup.o(.text) refers to device.o(.text) for rt_device_init_all
    startup.o(.text) refers to chipminer.o(.text) for rt_application_init
    startup.o(.text) refers to idle.o(.text) for rt_thread_idle_init
    startup.o(.text) refers to context_rvds.o(.text) for rt_hw_interrupt_disable
    chipminer.o(.text) refers to _printf_pad.o(.text) for _printf_pre_padding
    chipminer.o(.text) refers to _printf_percent.o(.ARM.Collect$$_printf_percent$$00000000) for _printf_percent
    chipminer.o(.text) refers to _printf_x.o(.ARM.Collect$$_printf_percent$$0000000C) for _printf_x
    chipminer.o(.text) refers to _printf_hex_int_ll_ptr.o(.text) for _printf_longlong_hex
    chipminer.o(.text) refers to _scanf_int.o(.text) for _scanf_int
    chipminer.o(.text) refers to _printf_s.o(.ARM.Collect$$_printf_percent$$00000014) for _printf_s
    chipminer.o(.text) refers to _printf_str.o(.text) for _printf_str
    chipminer.o(.text) refers to _printf_d.o(.ARM.Collect$$_printf_percent$$00000009) for _printf_d
    chipminer.o(.text) refers to _printf_dec.o(.text) for _printf_int_dec
    chipminer.o(.text) refers to mem.o(.text) for rt_calloc
    chipminer.o(.text) refers to kservice.o(.text) for rt_kprintf
    chipminer.o(.text) refers to __2sprintf.o(.text) for __2sprintf
    chipminer.o(.text) refers to __0sscanf.o(.text) for __0sscanf
    chipminer.o(.text) refers to cjson.o(.text) for cJSON_GetObjectItem
    chipminer.o(.text) refers to strlen.o(.text) for strlen
    chipminer.o(.text) refers to sha2.o(.text) for sha2_starts
    chipminer.o(.text) refers to rt_memcpy_w.o(.text) for __aeabi_memcpy4
    chipminer.o(.text) refers to nanohttp-logging.o(.text) for hlog_error
    chipminer.o(.text) refers to nanohttp-client.o(.text) for httpc_new
    chipminer.o(.text) refers to nanohttp-stream.o(.text) for http_output_stream_write_string
    chipminer.o(.text) refers to nanohttp-response.o(.text) for hresponse_free
    chipminer.o(.text) refers to chipminer.o(.constdata) for .constdata
    chipminer.o(.text) refers to chipminer.o(.data) for .data
    chipminer.o(.text) refers to pthread_mutex.o(.text) for pthread_mutex_lock
    chipminer.o(.text) refers to rt_memclr_w.o(.text) for __aeabi_memclr4
    chipminer.o(.text) refers to thread.o(.text) for rt_thread_delay
    chipminer.o(.text) refers to device.o(.text) for rt_device_read
    chipminer.o(.text) refers to strncmp.o(.text) for strncmp
    chipminer.o(.text) refers to chipminer.o(.bss) for .bss
    chipminer.o(.text) refers to nanohttp-server.o(.text) for httpd_send_header
    chipminer.o(.text) refers to nanohttp-socket.o(.text) for hsocket_send
    chipminer.o(.text) refers to clock.o(.text) for rt_tick_get
    chipminer.o(.text) refers to strcpy.o(.text) for strcpy
    chipminer.o(.text) refers to stm32f10x_flash.o(.text) for FLASH_Unlock
    chipminer.o(.text) refers to shell.o(.text) for strcmp
    chipminer.o(.text) refers to h1_alloc.o(.text) for malloc
    chipminer.o(.text) refers to __2printf.o(.text) for __2printf
    chipminer.o(.text) refers to h1_free.o(.text) for free
    chipminer.o(.text) refers to ethernetif.o(.text) for get_base_network_info
    chipminer.o(.text) refers to platform.o(.text) for rt_platform_init
    chipminer.o(.text) refers to components.o(.text) for rt_components_init
    chipminer.o(.text) refers to dfs_fs.o(.text) for dfs_mount
    chipminer.o(.text) refers to stm32_eth.o(.text) for rt_hw_stm32_eth_init
    chipminer.o(.text) refers to sys_arch.o(.text) for lwip_sys_init
    chipminer.o(FSymTab) refers to chipminer.o(.constdata) for __fsym_guw_name
    chipminer.o(FSymTab) refers to chipminer.o(.constdata) for __fsym_guw_desc
    chipminer.o(FSymTab) refers to chipminer.o(.text) for guw
    chipminer.o(FSymTab) refers to chipminer.o(.constdata) for __fsym_chip_detect_name
    chipminer.o(FSymTab) refers to chipminer.o(.constdata) for __fsym_chip_detect_desc
    chipminer.o(FSymTab) refers to chipminer.o(.text) for chip_detect
    chipminer.o(FSymTab) refers to chipminer.o(.constdata) for __fsym_chip_scanhash_name
    chipminer.o(FSymTab) refers to chipminer.o(.constdata) for __fsym_chip_scanhash_desc
    chipminer.o(FSymTab) refers to chipminer.o(.text) for chip_scanhash
    chipminer.o(FSymTab) refers to chipminer.o(.constdata) for __fsym_miner_name
[...]
    __fsym_list_event_name                   0x0802b7fb   Data          11  cmd.o(.constdata)
    __fsym_list_event_desc                   0x0802b806   Data          21  cmd.o(.constdata)
    __fsym_list_mutex_name                   0x0802b81b   Data          11  cmd.o(.constdata)
    __fsym_list_mutex_desc                   0x0802b826   Data          21  cmd.o(.constdata)
    __fsym_list_mailbox_name                 0x0802b83b   Data          13  cmd.o(.constdata)
    __fsym_list_mailbox_desc                 0x0802b848   Data          24  cmd.o(.constdata)
    __fsym_list_msgqueue_name                0x0802b860   Data          14  cmd.o(.constdata)
    __fsym_list_msgqueue_desc                0x0802b86e   Data          29  cmd.o(.constdata)
    __fsym_list_mempool_name                 0x0802b88b   Data          13  cmd.o(.constdata)
    __fsym_list_mempool_desc                 0x0802b898   Data          27  cmd.o(.constdata)
    __fsym_list_timer_name                   0x0802b8b3   Data          11  cmd.o(.constdata)
    __fsym_list_timer_desc                   0x0802b8be   Data          21  cmd.o(.constdata)
    __fsym_list_device_name                  0x0802b8d3   Data          12  cmd.o(.constdata)
    __fsym_list_device_desc                  0x0802b8df   Data          22  cmd.o(.constdata)
    __fsym_list_name                         0x0802b8f5   Data           5  cmd.o(.constdata)
    __fsym_list_desc                         0x0802b8fa   Data          26  cmd.o(.constdata)
    __vsym_dummy_name                        0x0802b914   Data           6  cmd.o(.constdata)
    __vsym_dummy_desc                        0x0802b91a   Data          25  cmd.o(.constdata)
    op_table                                 0x0802ba0c   Data         196  finsh_ops.o(.constdata)
    pthread_default_attr                     0x0802bc18   Data          12  pthread_attr.o(.constdata)
    memp_sizes                               0x0802bfa4   Data          28  memp.o(.constdata)
    tcp_persist_backoff                      0x0802bfc0   Data           7  tcp.o(.constdata)
    tcp_state_str                            0x0802bfc8   Data          44  tcp.o(.constdata)
    tcp_backoff                              0x0802bff4   Data          13  tcp.o(.constdata)
    tcp_pcb_lists                            0x0802c004   Data          16  tcp.o(.constdata)
    ip_addr_any                              0x0802c06c   Data           4  ip_addr.o(.constdata)
    ip_addr_broadcast                        0x0802c070   Data           4  ip_addr.o(.constdata)
    ethbroadcast                             0x0802c074   Data           6  etharp.o(.constdata)
    ethzero                                  0x0802c07a   Data           6  etharp.o(.constdata)
    __fsym_set_if_name                       0x0802c0c4   Data           7  ethernetif.o(.constdata)
    __fsym_set_if_desc                       0x0802c0cb   Data          30  ethernetif.o(.constdata)
    __fsym_set_dns_name                      0x0802c0e9   Data           8  ethernetif.o(.constdata)
    __fsym_set_dns_desc                      0x0802c0f1   Data          23  ethernetif.o(.constdata)
    __fsym_list_if_name                      0x0802c108   Data           8  ethernetif.o(.constdata)
    __fsym_list_if_desc                      0x0802c110   Data          35  ethernetif.o(.constdata)
    __fsym_list_tcps_name                    0x0802c133   Data          10  ethernetif.o(.constdata)
    __fsym_list_tcps_desc                    0x0802c13d   Data          28  ethernetif.o(.constdata)
    __fsym_ping_name                         0x0802c19a   Data           5  ping.o(.constdata)
    __fsym_ping_desc                         0x0802c19f   Data          18  ping.o(.constdata)
    __mathlib_zero                           0x0802c840   Data           8  qnan.o(.constdata)
    __rt_init_rti_start                      0x0802cb20   Data           4  components.o(.rti_fn.0)
    __rt_init_rti_board_end                  0x0802cb24   Data           4  components.o(.rti_fn.1.post)
    __rt_init_rti_end                        0x0802cb28   Data           4  components.o(.rti_fn.7)
    FSymTab$$Base                            0x0802cb2c   Number         0  chipminer.o(FSymTab)
    __fsym_guw                               0x0802cb2c   Data          12  chipminer.o(FSymTab)
    __fsym_chip_detect                       0x0802cb38   Data          12  chipminer.o(FSymTab)
    __fsym_chip_scanhash                     0x0802cb44   Data          12  chipminer.o(FSymTab)
    __fsym_miner                             0x0802cb50   Data          12  chipminer.o(FSymTab)
    __fsym_dump_settings                     0x0802cb5c   Data          12  chipminer.o(FSymTab)
    __fsym_dump_stinfo                       0x0802cb68   Data          12  chipminer.o(FSymTab)
    __fsym_flash_erase                       0x0802cb74   Data          12  chipminer.o(FSymTab)
    __fsym_flash_test                        0x0802cb80   Data          12  chipminer.o(FSymTab)
    __fsym_load_settings                     0x0802cb8c   Data          12  chipminer.o(FSymTab)
    __fsym_list_mem                          0x0802cb98   Data          12  mem.o(FSymTab)
    __fsym_mkfs                              0x0802cba4   Data          12  dfs_fs.o(FSymTab)
    __fsym_df                                0x0802cbb0   Data          12  dfs_fs.o(FSymTab)
    __fsym_ls                                0x0802cbbc   Data          12  dfs_file.o(FSymTab)
    __fsym_rm                                0x0802cbc8   Data          12  dfs_file.o(FSymTab)
    __fsym_cat                               0x0802cbd4   Data          12  dfs_file.o(FSymTab)
    __fsym_copy                              0x0802cbe0   Data          12  dfs_file.o(FSymTab)
    __fsym_mkdir                             0x0802cbec   Data          12  dfs_posix.o(FSymTab)
    __fsym_chdir                             0x0802cbf8   Data          12  dfs_posix.o(FSymTab)
    __fsym_hello                             0x0802cc04   Data          12  cmd.o(FSymTab)
    __fsym_version                           0x0802cc10   Data          12  cmd.o(FSymTab)
    __fsym_list_thread                       0x0802cc1c   Data          12  cmd.o(FSymTab)
    __fsym_list_sem                          0x0802cc28   Data          12  cmd.o(FSymTab)
    __fsym_list_event                        0x0802cc34   Data          12  cmd.o(FSymTab)
    __fsym_list_mutex                        0x0802cc40   Data          12  cmd.o(FSymTab)
    __fsym_list_mailbox                      0x0802cc4c   Data          12  cmd.o(FSymTab)
    __fsym_list_msgqueue                     0x0802cc58   Data          12  cmd.o(FSymTab)
    __fsym_list_mempool                      0x0802cc64   Data          12  cmd.o(FSymTab)
    __fsym_list_timer                        0x0802cc70   Data          12  cmd.o(FSymTab)
    __fsym_list_device                       0x0802cc7c   Data          12  cmd.o(FSymTab)
    __fsym_list                              0x0802cc88   Data          12  cmd.o(FSymTab)
    __fsym_set_if                            0x0802cc94   Data          12  ethernetif.o(FSymTab)
    __fsym_set_dns                           0x0802cca0   Data          12  ethernetif.o(FSymTab)
    __fsym_list_if                           0x0802ccac   Data          12  ethernetif.o(FSymTab)
    __fsym_list_tcps                         0x0802ccb8   Data          12  ethernetif.o(FSymTab)
    __fsym_ping                              0x0802ccc4   Data          12  ping.o(FSymTab)
    FSymTab$$Limit                           0x0802ccd0   Number         0  ping.o(FSymTab)
    Region$$Table$$Base                      0x0802ccd0   Number         0  anon$$obj.o(Region$$Table)
    Region$$Table$$Limit                     0x0802ccf0   Number         0  anon$$obj.o(Region$$Table)
    VSymTab$$Base                            0x0802ccf0   Number         0  cmd.o(VSymTab)
    __vsym_dummy                             0x0802ccf0   Data          16  cmd.o(VSymTab)
    VSymTab$$Limit                           0x0802cd00   Number         0  cmd.o(VSymTab)
    __ctype                                  0x0802cd0d   Data           0  lc_ctype_c.o(locale$$data)
    restart_miner                            0x20000008   Data           4  chipminer.o(.data)
    power_on_tick                            0x20000014   Data           4  chipminer.o(.data)
    DMATxDescToSet                           0x20000028   Data           4  stm32_eth.o(.data)
    DMARxDescToGet                           0x2000002c   Data           4  stm32_eth.o(.data)
    DMAPTPTxDescToSet                        0x20000030   Data           4  stm32_eth.o(.data)
    DMAPTPRxDescToGet                        0x20000034   Data           4  stm32_eth.o(.data)
    uart1                                    0x20000038   Data          12  usart.o(.data)
    uart2                                    0x20000044   Data          12  usart.o(.data)
    SystemCoreClock                          0x20000050   Data           4  system_stm32f10x.o(.data)
    AHBPrescTable                            0x20000054   Data          16  system_stm32f10x.o(.data)
    rt_interrupt_nest                        0x20000080   Data           1  irq.o(.data)
    rt_object_trytake_hook                   0x200000bc   Data           4  object.o(.data)
    rt_object_take_hook                      0x200000c0   Data           4  object.o(.data)
    rt_object_put_hook                       0x200000c4   Data           4  object.o(.data)
    rt_object_container                      0x200000c8   Data         144  object.o(.data)
    rt_current_priority                      0x20000158   Data           1  scheduler.o(.data)
    rt_current_thread                        0x2000015c   Data           4  scheduler.o(.data)
    rt_thread_ready_priority_group           0x20000160   Data           4  scheduler.o(.data)
    rt_thread_defunct                        0x20000168   Data           8  scheduler.o(.data)
    rt_interrupt_from_thread                 0x20000180   Data           4  cpuport.o(.data)
    rt_interrupt_to_thread                   0x20000184   Data           4  cpuport.o(.data)
    rt_thread_switch_interrupt_flag          0x20000188   Data           4  cpuport.o(.data)
    working_directory                        0x2000018c   Data         256  dfs.o(.data)
    finsh_compile_sp                         0x20000290   Data           4  finsh_compiler.o(.data)
    finsh_compile_pc                         0x20000294   Data           4  finsh_compiler.o(.data)
    global_errno                             0x20000298   Data           1  finsh_error.o(.data)
    global_sysvar_list                       0x200002e0   Data           4  finsh_var.o(.data)
    global_syscall_list                      0x200002e4   Data           4  finsh_vm.o(.data)
    finsh_sp                                 0x200002e8   Data           4  finsh_vm.o(.data)
    finsh_pc                                 0x200002ec   Data           4  finsh_vm.o(.data)
    shell                                    0x200002f0   Data           4  shell.o(.data)
    _syscall_table_begin                     0x200006f8   Data           4  symbol.o(.data)
    _syscall_table_end                       0x200006fc   Data           4  symbol.o(.data)
    _sysvar_table_begin                      0x20000700   Data           4  symbol.o(.data)
    _sysvar_table_end                        0x20000704   Data           4  symbol.o(.data)
    _timevalue                               0x20000708   Data           8  clock_time.o(.data)
    h_errno                                  0x20000728   Data           4  netdb.o(.data)
    netif_list                               0x2000076c   Data           4  netif.o(.data)
    netif_default                            0x20000770   Data           4  netif.o(.data)
    tcp_ticks                                0x20000784   Data           4  tcp.o(.data)
    tcp_bound_pcbs                           0x20000788   Data           4  tcp.o(.data)
    tcp_listen_pcbs                          0x2000078c   Data           4  tcp.o(.data)
    tcp_active_pcbs                          0x20000790   Data           4  tcp.o(.data)
    tcp_tw_pcbs                              0x20000794   Data           4  tcp.o(.data)
    tcp_tmp_pcb                              0x20000798   Data           4  tcp.o(.data)
    tcp_input_pcb                            0x200007b4   Data           4  tcp_in.o(.data)
    udp_pcbs                                 0x200007c0   Data           4  udp.o(.data)
    current_netif                            0x200007c8   Data           4  ip.o(.data)
    current_header                           0x200007cc   Data           4  ip.o(.data)
    current_iphdr_src                        0x200007d0   Data           4  ip.o(.data)
    current_iphdr_dest                       0x200007d4   Data           4  ip.o(.data)
    __aeabi_stdin                            0x20000818   Data           4  stdio_streams.o(.data)
    __aeabi_stdout                           0x2000081c   Data           4  stdio_streams.o(.data)
    __aeabi_stderr                           0x20000820   Data           4  stdio_streams.o(.data)
    MAIN_page                                0x2000090c   Data        3554  chipminer.o(.bss)
    chip_settings                            0x200016f0   Data         132  chipminer.o(.bss)
    statis_info                              0x20001774   Data         284  chipminer.o(.bss)
    network_acc_lock                         0x20001890   Data          40  chipminer.o(.bss)
    uart1_int_rx                             0x20003ec8   Data         136  usart.o(.bss)
    uart1_device                             0x20003f50   Data          64  usart.o(.bss)
    uart2_device                             0x20003f90   Data          64  usart.o(.bss)
    uart2_int_rx                             0x20003fd0   Data         136  usart.o(.bss)
    rt_thread_priority_table                 0x200045f8   Data         256  scheduler.o(.bss)
    filesystem_operation_table               0x200046f8   Data          16  dfs.o(.bss)
    filesystem_table                         0x20004708   Data          32  dfs.o(.bss)
    fd_table                                 0x2000474c   Data         128  dfs.o(.bss)
    finsh_heap                               0x200048f0   Data         128  finsh_heap.o(.bss)
    global_node_table                        0x20004970   Data         320  finsh_node.o(.bss)
    global_variable                          0x20004ab0   Data         192  finsh_var.o(.bss)
    finsh_vm_stack                           0x20004b70   Data         256  finsh_vm.o(.bss)
    text_segment                             0x20004c70   Data         128  finsh_vm.o(.bss)
    _thread_keys                             0x20007590   Data          64  pthread_tls.o(.bss)
    dhcp_rx_options_val                      0x20007664   Data          40  dhcp.o(.bss)
    dhcp_rx_options_given                    0x2000768c   Data          10  dhcp.o(.bss)
    __stdin                                  0x200083cc   Data          80  stdio_streams.o(.bss)
    __stdout                                 0x2000841c   Data          80  stdio_streams.o(.bss)
    __stderr                                 0x2000846c   Data          80  stdio_streams.o(.bss)
    __libspace_start                         0x200084bc   Data          96  libspace.o(.bss)
    __temporary_stack_top$libspace           0x2000851c   Data           0  libspace.o(.bss)
    Image$$RW_IRAM1$$ZI$$Limit               0x20009520   Number         0  startup_stm32f10x_cl.o(STACK)



==============================================================================

Memory Map of the image

  Image Entry point : 0x08000151

  Load Region LR_IROM1 (Base: 0x08000000, Size: 0x0002d650, Max: 0x00040000, ABSOLUTE, COMPRESSED[0x0002cf1c])

    Execution Region ER_IROM1 (Base: 0x08000000, Size: 0x0002ce2c, Max: 0x00040000, ABSOLUTE)

    Base Addr    Size         Type   Attr      Idx    E Section Name        Object

    0x08000000   0x00000150   Data   RO         1141    RESET               startup_stm32f10x_cl.o
    0x08000150   0x00000008   Code   RO         3724  * !!!main             c_w.l(__main.o)
    0x08000158   0x00000034   Code   RO         4191    !!!scatter          c_w.l(__scatter.o)
    0x0800018c   0x0000005a   Code   RO         4189    !!dczerorl2         c_w.l(__dczerorl2.o)
    0x080001e6   0x00000002   PAD
    0x080001e8   0x0000001c   Code   RO         4193    !!handler_zi        c_w.l(__scatter_zi.o)
    0x08000204   0x00000000   Code   RO         3657    .ARM.Collect$$_printf_percent$$00000000  c_w.l(_printf_percent.o)
    0x08000204   0x00000006   Code   RO         3651    .ARM.Collect$$_printf_percent$$00000001  c_w.l(_printf_n.o)
    0x0800020a   0x00000006   Code   RO         3653    .ARM.Collect$$_printf_percent$$00000002  c_w.l(_printf_p.o)
    0x08000210   0x00000006   Code   RO         3655    .ARM.Collect$$_printf_percent$$00000003  c_w.l(_printf_f.o)
    0x08000216   0x00000006   Code   RO         3656    .ARM.Collect$$_printf_percent$$00000004  c_w.l(_printf_e.o)
    0x0800021c   0x00000006   Code   RO         3837    .ARM.Collect$$_printf_percent$$00000005  c_w.l(_printf_g.o)
    0x08000222   0x00000006   Code   RO         3838    .ARM.Collect$$_printf_percent$$00000006  c_w.l(_printf_a.o)
    0x08000228   0x0000000a   Code   RO         3843    .ARM.Collect$$_printf_percent$$00000007  c_w.l(_printf_ll.o)
    0x08000232   0x00000006   Code   RO         3835    .ARM.Collect$$_printf_percent$$00000008  c_w.l(_printf_i.o)
    0x08000238   0x00000006   Code   RO         3654    .ARM.Collect$$_printf_percent$$00000009  c_w.l(_printf_d.o)
    0x0800023e   0x00000006   Code   RO         3836    .ARM.Collect$$_printf_percent$$0000000A  c_w.l(_printf_u.o)
    0x08000244   0x00000006   Code   RO         3834    .ARM.Collect$$_printf_percent$$0000000B  c_w.l(_printf_o.o)
    0x0800024a   0x00000006   Code   RO         3652    .ARM.Collect$$_printf_percent$$0000000C  c_w.l(_printf_x.o)
    0x08000250   0x00000006   Code   RO         3840    .ARM.Collect$$_printf_percent$$0000000D  c_w.l(_printf_lli.o)
    0x08000256   0x00000006   Code   RO         3841    .ARM.Collect$$_printf_percent$$0000000E  c_w.l(_printf_lld.o)
    0x0800025c   0x00000006   Code   RO         3842    .ARM.Collect$$_printf_percent$$0000000F  c_w.l(_printf_llu.o)
    0x08000262   0x00000006   Code   RO         3847    .ARM.Collect$$_printf_percent$$00000010  c_w.l(_printf_llo.o)
    0x08000268   0x00000006   Code   RO         3848    .ARM.Collect$$_printf_percent$$00000011  c_w.l(_printf_llx.o)
    0x0800026e   0x0000000a   Code   RO         3844    .ARM.Collect$$_printf_percent$$00000012  c_w.l(_printf_l.o)
    0x08000278   0x00000006   Code   RO         3833    .ARM.Collect$$_printf_percent$$00000013  c_w.l(_printf_c.o)
    0x0800027e   0x00000006   Code   RO         3650    .ARM.Collect$$_printf_percent$$00000014  c_w.l(_printf_s.o)
    0x08000284   0x00000006   Code   RO         3845    .ARM.Collect$$_printf_percent$$00000015  c_w.l(_printf_lc.o)
    0x0800028a   0x00000006   Code   RO         3846    .ARM.Collect$$_printf_percent$$00000016  c_w.l(_printf_ls.o)
    0x08000290   0x00000004   Code   RO         3839    .ARM.Collect$$_printf_percent$$00000017  c_w.l(_printf_percent_end.o)
    0x08000294   0x00000006   Code   RO         4131    .ARM.Collect$$libinit$$00000000  c_w.l(libinit.o)
    0x0800029a   0x00000008   Code   RO         3883    .ARM.Collect$$libinit$$00000001  c_w.l(libinit2.o)
    0x080002a2   0x00000000   Code   RO         3885    .ARM.Collect$$libinit$$00000006  c_w.l(libinit2.o)
    0x080002a2   0x00000000   Code   RO         3887    .ARM.Collect$$libinit$$00000008  c_w.l(libinit2.o)
    0x080002a2   0x00000000   Code   RO         3889    .ARM.Collect$$libinit$$0000000A  c_w.l(libinit2.o)
    0x080002a2   0x00000006   Code   RO         3890    .ARM.Collect$$libinit$$0000000B  c_w.l(libinit2.o)
    0x080002a8   0x00000000   Code   RO         3892    .ARM.Collect$$libinit$$0000000D  c_w.l(libinit2.o)
    0x080002a8   0x0000000c   Code   RO         3893    .ARM.Collect$$libinit$$0000000E  c_w.l(libinit2.o)
    0x080002b4   0x00000000   Code   RO         3894    .ARM.Collect$$libinit$$0000000F  c_w.l(libinit2.o)
    0x080002b4   0x00000000   Code   RO         3896    .ARM.Collect$$libinit$$00000011  c_w.l(libinit2.o)
    0x080002b4   0x0000000a   Code   RO         3897    .ARM.Collect$$libinit$$00000012  c_w.l(libinit2.o)
    0x080002be   0x00000000   Code   RO         3898    .ARM.Collect$$libinit$$00000013  c_w.l(libinit2.o)
    0x080002be   0x00000000   Code   RO         3900    .ARM.Collect$$libinit$$00000015  c_w.l(libinit2.o)
    0x080002be   0x00000000   Code   RO         3902    .ARM.Collect$$libinit$$00000017  c_w.l(libinit2.o)
    0x080002be   0x00000000   Code   RO         3904    .ARM.Collect$$libinit$$00000019  c_w.l(libinit2.o)
    0x080002be   0x00000000   Code   RO         3906    .ARM.Collect$$libinit$$0000001B  c_w.l(libinit2.o)
    0x080002be   0x00000000   Code   RO         3908    .ARM.Collect$$libinit$$0000001D  c_w.l(libinit2.o)
    0x080002be   0x00000000   Code   RO         3910    .ARM.Collect$$libinit$$0000001F  c_w.l(libinit2.o)
    0x080002be   0x00000004   Code   RO         3911    .ARM.Collect$$libinit$$00000020  c_w.l(libinit2.o)
    0x080002c2   0x00000000   Code   RO         3912    .ARM.Collect$$libinit$$00000021  c_w.l(libinit2.o)
    0x080002c2   0x00000000   Code   RO         3916    .ARM.Collect$$libinit$$00000028  c_w.l(libinit2.o)
    0x080002c2   0x00000000   Code   RO         3918    .ARM.Collect$$libinit$$0000002A  c_w.l(libinit2.o)
    0x080002c2   0x00000000   Code   RO         3920    .ARM.Collect$$libinit$$0000002C  c_w.l(libinit2.o)
    0x080002c2   0x00000000   Code   RO         3922    .ARM.Collect$$libinit$$0000002E  c_w.l(libinit2.o)
    0x080002c2   0x00000002   Code   RO         3923    .ARM.Collect$$libinit$$0000002F  c_w.l(libinit2.o)
    0x080002c4   0x00000002   Code   RO         4186    .ARM.Collect$$libshutdown$$00000000  c_w.l(libshutdown.o)
    0x080002c6   0x00000004   Code   RO         4064    .ARM.Collect$$libshutdown$$00000002  c_w.l(libshutdown2.o)
    0x080002ca   0x00000000   Code   RO         4065    .ARM.Collect$$libshutdown$$00000003  c_w.l(libshutdown2.o)
    0x080002ca   0x00000000   Code   RO         4068    .ARM.Collect$$libshutdown$$00000006  c_w.l(libshutdown2.o)
    0x080002ca   0x00000000   Code   RO         4071    .ARM.Collect$$libshutdown$$00000009  c_w.l(libshutdown2.o)
    0x080002ca   0x00000000   Code   RO         4073    .ARM.Collect$$libshutdown$$0000000B  c_w.l(libshutdown2.o)
    0x080002ca   0x00000000   Code   RO         4076    .ARM.Collect$$libshutdown$$0000000E  c_w.l(libshutdown2.o)
    0x080002ca   0x00000002   Code   RO         4077    .ARM.Collect$$libshutdown$$0000000F  c_w.l(libshutdown2.o)
    0x080002cc   0x00000000   Code   RO         3771    .ARM.Collect$$rtentry$$00000000  c_w.l(rtentry.o)
    0x080002cc   0x00000000   Code   RO         3960    .ARM.Collect$$rtentry$$00000002  c_w.l(rtentry2.o)
    0x080002cc   0x00000006   Code   RO         3972    .ARM.Collect$$rtentry$$00000004  c_w.l(rtentry4.o)
    0x080002d2   0x00000000   Code   RO         3962    .ARM.Collect$$rtentry$$00000009  c_w.l(rtentry2.o)
    0x080002d2   0x00000004   Code   RO         3963    .ARM.Collect$$rtentry$$0000000A  c_w.l(rtentry2.o)
    0x080002d6   0x00000000   Code   RO         3965    .ARM.Collect$$rtentry$$0000000C  c_w.l(rtentry2.o)
    0x080002d6   0x00000008   Code   RO         3966    .ARM.Collect$$rtentry$$0000000D  c_w.l(rtentry2.o)
    0x080002de   0x00000002   Code   RO         4134    .ARM.Collect$$rtexit$$00000000  c_w.l(rtexit.o)
    0x080002e0   0x00000000   Code   RO         4157    .ARM.Collect$$rtexit$$00000002  c_w.l(rtexit2.o)
    0x080002e0   0x00000004   Code   RO         4158    .ARM.Collect$$rtexit$$00000003  c_w.l(rtexit2.o)
    0x080002e4   0x00000006   Code   RO         4159    .ARM.Collect$$rtexit$$00000004  c_w.l(rtexit2.o)
    0x080002ea   0x00000002   PAD
    0x080002ec   0x00000000   Code   RO         3981    .emb_text           c_w.l(maybetermalloc1.o)
    0x080002ec   0x000000bc   Code   RO            3    .text               startup.o
    0x080003a8   0x0000002c   Code   RO          135    .text               retarget.o
    0x080003d4   0x00001b84   Code   RO          157    .text               chipminer.o
    0x08001f58   0x00001e00   Code   RO          381    .text               sha2.o
    0x08003d58   0x0000006c   Code   RO          404    .text               board.o
    0x08003dc4   0x00000094   Code   RO          453    .text               platform.o
    0x08003e58   0x0000022c   Code   RO          487    .text               rt_stm32f10x_spi.o
    0x08004084   0x00000524   Code   RO          509    .text               serial.o
    0x080045a8   0x00001c74   Code   RO          533    .text               stm32_eth.o
    0x0800621c   0x00000040   Code   RO          592    .text               stm32f10x_it.o
    0x0800625c   0x000001a0   Code   RO          616    .text               usart.o
    0x080063fc   0x000001a8   Code   RO          642    .text               system_stm32f10x.o
    0x080065a4   0x00000930   Code   RO          688    .text               stm32f10x_rcc.o
    0x08006ed4   0x00000864   Code   RO          934    .text               stm32f10x_spi.o
    0x08007738   0x00000614   Code   RO          954    .text               stm32f10x_flash.o
    0x08007d4c   0x00000954   Code   RO          998    .text               stm32f10x_gpio.o
    0x080086a0   0x00000c14   Code   RO         1018    .text               stm32f10x_usart.o
    0x080092b4   0x0000080c   Code   RO         1058    .text               stm32f10x_dma.o
    0x08009ac0   0x0000019c   Code   RO         1121    .text               misc.o
    0x08009c5c   0x00000040   Code   RO         1142    .text               startup_stm32f10x_cl.o
    0x08009c9c   0x00000060   Code   RO         1146    .text               clock.o
    0x08009cfc   0x00000344   Code   RO         1160    .text               device.o
    0x0800a040   0x00000140   Code   RO         1174    .text               idle.o
    0x0800a180   0x00001464   Code   RO         1194    .text               ipc.o
    0x0800b5e4   0x00000038   Code   RO         1211    .text               irq.o
    0x0800b61c   0x00000780   Code   RO         1226    .text               kservice.o
    0x0800bd9c   0x00000754   Code   RO         1244    .text               mem.o
    0x0800c4f0   0x0000039c   Code   RO         1268    .text               mempool.o
    0x0800c88c   0x000002cc   Code   RO         1286    .text               object.o
    0x0800cb58   0x00000288   Code   RO         1306    .text               scheduler.o
    0x0800cde0   0x000005dc   Code   RO         1327    .text               thread.o
    0x0800d3bc   0x00000390   Code   RO         1344    .text               timer.o
    0x0800d74c   0x00000198   Code   RO         1363    .text               cpuport.o
    0x0800d8e4   0x000000d4   Code   RO         1382    .text               context_rvds.o
    0x0800d9b8   0x00000350   Code   RO         1420    .text               dfs.o
    0x0800dd08   0x000004e8   Code   RO         1455    .text               dfs_fs.o
    0x0800e1f0   0x000005b0   Code   RO         1484    .text               dfs_file.o
    0x0800e7a0   0x000004ac   Code   RO         1512    .text               dfs_posix.o
    0x0800ec4c   0x000005ac   Code   RO         1584    .text               spi_core.o
    0x0800f1f8   0x000002c0   Code   RO         1597    .text               spi_dev.o
    0x0800f4b8   0x00000ac8   Code   RO         1610    .text               cmd.o
    0x0800ff80   0x0000077c   Code   RO         1670    .text               finsh_compiler.o
    0x080106fc   0x00000024   Code   RO         1707    .text               finsh_error.o
    0x08010720   0x000001a8   Code   RO         1723    .text               finsh_heap.o
    0x080108c8   0x0000004c   Code   RO         1740    .text               finsh_init.o
    0x08010914   0x0000014c   Code   RO         1758    .text               finsh_node.o
    0x08010a60   0x000004e0   Code   RO         1773    .text               finsh_ops.o
    0x08010f40   0x00000762   Code   RO         1791    .text               finsh_parser.o
    0x080116a2   0x00000002   PAD
    0x080116a4   0x000004f8   Code   RO         1806    .text               finsh_token.o
    0x08011b9c   0x00000160   Code   RO         1821    .text               finsh_var.o
    0x08011cfc   0x000000b0   Code   RO         1844    .text               finsh_vm.o
    0x08011dac   0x00000648   Code   RO         1871    .text               shell.o
    0x080123f4   0x00000040   Code   RO         1913    .text               components.o
    0x08012434   0x000001a0   Code   RO         1943    .text               clock_time.o
    0x080125d4   0x00000260   Code   RO         1978    .text               mqueue.o
    0x08012834   0x000005a0   Code   RO         1999    .text               pthread.o
    0x08012dd4   0x0000029c   Code   RO         2020    .text               pthread_attr.o
    0x08013070   0x000001b4   Code   RO         2066    .text               pthread_mutex.o
    0x08013224   0x000001bc   Code   RO         2106    .text               pthread_tls.o
    0x080133e0   0x000002f0   Code   RO         2134    .text               semaphore.o
    0x080136d0   0x00000a04   Code   RO         2152    .text               api_lib.o
    0x080140d4   0x00001454   Code   RO         2231    .text               api_msg.o
    0x08015528   0x00000304   Code   RO         2303    .text               netbuf.o
    0x0801582c   0x00000234   Code   RO         2322    .text               netdb.o
    0x08015a60   0x000000ca   Code   RO         2362    .text               netifapi.o
    0x08015b2a   0x00000002   PAD
    0x08015b2c   0x0000154c   Code   RO         2410    .text               sockets.o
    0x08017078   0x00000308   Code   RO         2465    .text               tcpip.o
    0x08017380   0x000006e8   Code   RO         2522    .text               sys_arch.o
    0x08017a68   0x00000010   Code   RO         2559    .text               def.o
    0x08017a78   0x00001454   Code   RO         2572    .text               dhcp.o
    0x08018ecc   0x00000600   Code   RO         2607    .text               dns.o
    0x080194cc   0x00000028   Code   RO         2635    .text               init.o
    0x080194f4   0x0000023c   Code   RO         2711    .text               netif.o
    0x08019730   0x00000cb2   Code   RO         2755    .text               pbuf.o
    0x0801a3e2   0x00000002   PAD
    0x0801a3e4   0x000001d4   Code   RO         2800    .text               raw.o
    0x0801a5b8   0x00000e1c   Code   RO         2832    .text               tcp.o
    0x0801b3d4   0x000014e4   Code   RO         2860    .text               tcp_in.o
    0x0801c8b8   0x00000fa0   Code   RO         2886    .text               tcp_out.o
    0x0801d858   0x00000268   Code   RO         2899    .text               timers.o
    0x0801dac0   0x00000454   Code   RO         2943    .text               udp.o
    0x0801df14   0x00000330   Code   RO         2979    .text               icmp.o
    0x0801e244   0x00000228   Code   RO         3003    .text               inet_chksum.o
    0x0801e46c   0x00000318   Code   RO         3015    .text               ip.o
    0x0801e784   0x00000234   Code   RO         3043    .text               ip_addr.o
    0x0801e9b8   0x00000978   Code   RO         3076    .text               etharp.o
    0x0801f330   0x00000ab4   Code   RO         3105    .text               ethernetif.o
    0x0801fde4   0x00000214   Code   RO         3181    .text               ping.o
    0x0801fff8   0x00000128   Code   RO         3203    .text               nanohttp-base64.o
    0x08020120   0x00000874   Code   RO         3223    .text               nanohttp-client.o
    0x08020994   0x000007d0   Code   RO         3291    .text               nanohttp-common.o
    0x08021164   0x0000013c   Code   RO         3311    .text               nanohttp-logging.o
    0x080212a0   0x00000af6   Code   RO         3326    .text               nanohttp-mime.o
    0x08021d96   0x00000002   PAD
    0x08021d98   0x000003bc   Code   RO         3346    .text               nanohttp-request.o
    0x08022154   0x0000037c   Code   RO         3368    .text               nanohttp-response.o
    0x080224d0   0x000011b4   Code   RO         3384    .text               nanohttp-server.o
    0x08023684   0x00000624   Code   RO         3418    .text               nanohttp-socket.o
    0x08023ca8   0x000000a4   Code   RO         3451    .text               nanohttp-ssl.o
    0x08023d4c   0x00000714   Code   RO         3466    .text               nanohttp-stream.o
    0x08024460   0x00000f74   Code   RO         3482    .text               cjson.o
    0x080253d4   0x00000012   Code   RO         3513    .text               c_w.l(sys_remove.o)
    0x080253e6   0x0000005e   Code   RO         3519    .text               c_w.l(h1_alloc.o)
    0x08025444   0x0000004e   Code   RO         3521    .text               c_w.l(h1_free.o)
    0x08025492   0x0000001a   Code   RO         3577    .text               c_w.l(tolower.o)
    0x080254ac   0x0000001e   Code   RO         3579    .text               c_w.l(toupper.o)
    0x080254ca   0x00000002   PAD
    0x080254cc   0x00000024   Code   RO         3581    .text               c_w.l(c89vsprintf.o)
    0x080254f0   0x00000018   Code   RO         3583    .text               c_w.l(__2printf.o)
    0x08025508   0x00000014   Code   RO         3585    .text               c_w.l(__2fprintf.o)
    0x0802551c   0x0000002c   Code   RO         3587    .text               c_w.l(__2sprintf.o)
    0x08025548   0x00000038   Code   RO         3589    .text               c_w.l(__2snprintf.o)
    0x08025580   0x00000052   Code   RO         3601    .text               c_w.l(_printf_pad.o)
    0x080255d2   0x00000052   Code   RO         3603    .text               c_w.l(_printf_str.o)
    0x08025624   0x00000078   Code   RO         3605    .text               c_w.l(_printf_dec.o)
    0x0802569c   0x0000002a   Code   RO         3607    .text               c_w.l(_printf_charcount.o)
    0x080256c6   0x00000002   PAD
    0x080256c8   0x0000009c   Code   RO         3627    .text               c_w.l(_printf_hex_int_ll_ptr.o)
    0x08025764   0x0000018c   Code   RO         3647    .text               c_w.l(__printf_flags_ss_wp.o)
    0x080258f0   0x0000003c   Code   RO         3658    .text               c_w.l(__0sscanf.o)
    0x0802592c   0x00000150   Code   RO         3660    .text               c_w.l(_scanf_int.o)
    0x08025a7c   0x0000001a   Code   RO         3662    .text               c_w.l(atoi.o)
    0x08025a96   0x0000001a   Code   RO         3664    .text               c_w.l(atol.o)
    0x08025ab0   0x00000070   Code   RO         3666    .text               c_w.l(strtol.o)
    0x08025b20   0x00000008   Code   RO         3668    .text               c_w.l(feof.o)
    0x08025b28   0x000000ec   Code   RO         3674    .text               c_w.l(fopen.o)
    0x08025c14   0x0000004c   Code   RO         3682    .text               c_w.l(fclose.o)
    0x08025c60   0x00000108   Code   RO         3690    .text               c_w.l(strerror.o)
    0x08025d68   0x00000004   Code   RO         3692    .text               c_w.l(strtok_r.o)
    0x08025d6c   0x00000014   Code   RO         3694    .text               c_w.l(strchr.o)
    0x08025d80   0x00000024   Code   RO         3696    .text               c_w.l(strstr.o)
    0x08025da4   0x00000048   Code   RO         3698    .text               c_w.l(strcpy.o)
    0x08025dec   0x00000032   Code   RO         3700    .text               c_w.l(strncasecmp.o)
    0x08025e1e   0x0000003e   Code   RO         3702    .text               c_w.l(strlen.o)
    0x08025e5c   0x00000096   Code   RO         3704    .text               c_w.l(strncmp.o)
    0x08025ef2   0x00000018   Code   RO         3706    .text               c_w.l(strcat.o)
    0x08025f0a   0x0000008a   Code   RO         3708    .text               c_w.l(rt_memcpy_v6.o)
    0x08025f94   0x00000064   Code   RO         3710    .text               c_w.l(rt_memcpy_w.o)
    0x08025ff8   0x00000044   Code   RO         3714    .text               c_w.l(rt_memclr.o)
    0x0802603c   0x0000004e   Code   RO         3716    .text               c_w.l(rt_memclr_w.o)
    0x0802608a   0x00000056   Code   RO         3718    .text               c_w.l(strncpy.o)
    0x080260e0   0x00000006   Code   RO         3722    .text               c_w.l(heapauxi.o)
    0x080260e6   0x00000002   Code   RO         3766    .text               c_w.l(use_no_semi.o)
    0x080260e8   0x00000000   Code   RO         3770    .text               c_w.l(indicate_semi.o)
    0x080260e8   0x00000010   Code   RO         3772    .text               c_w.l(rt_ctype_table.o)
    0x080260f8   0x00000008   Code   RO         3777    .text               c_w.l(rt_heap_descriptor_intlibspace.o)
    0x08026100   0x00000008   Code   RO         3782    .text               c_w.l(rt_errno_addr_intlibspace.o)
    0x08026108   0x00000004   Code   RO         3784    .text               c_w.l(hguard.o)
    0x0802610c   0x0000008a   Code   RO         3786    .text               c_w.l(init_alloc.o)
    0x08026196   0x0000000e   Code   RO         3790    .text               c_w.l(h1_init.o)
    0x080261a4   0x00000016   Code   RO         3804    .text               c_w.l(_rserrno.o)
    0x080261ba   0x00000024   Code   RO         3806    .text               c_w.l(_printf_truncate.o)
    0x080261de   0x000000b8   Code   RO         3808    .text               c_w.l(_printf_intcommon.o)
    0x08026296   0x0000041e   Code   RO         3810    .text               c_w.l(_printf_fp_dec.o)
    0x080266b4   0x00000030   Code   RO         3812    .text               c_w.l(_printf_char_common.o)
    0x080266e4   0x0000000a   Code   RO         3814    .text               c_w.l(_sputc.o)
    0x080266ee   0x00000010   Code   RO         3816    .text               c_w.l(_snputc.o)
    0x080266fe   0x0000002c   Code   RO         3818    .text               c_w.l(_printf_char.o)
    0x0802672a   0x00000002   PAD
    0x0802672c   0x00000024   Code   RO         3820    .text               c_w.l(_printf_char_file.o)
    0x08026750   0x000000bc   Code   RO         3822    .text               c_w.l(_printf_wctomb.o)
    0x0802680c   0x00000078   Code   RO         3825    .text               c_w.l(_printf_longlong_dec.o)
    0x08026884   0x00000078   Code   RO         3831    .text               c_w.l(_printf_oct_int_ll.o)
    0x080268fc   0x0000001c   Code   RO         3849    .text               c_w.l(_chval.o)
    0x08026918   0x00000030   Code   RO         3851    .text               c_w.l(scanf_char.o)
    0x08026948   0x00000040   Code   RO         3853    .text               c_w.l(_sgetc.o)
    0x08026988   0x0000009e   Code   RO         3855    .text               c_w.l(_strtoul.o)
    0x08026a26   0x00000002   PAD
    0x08026a28   0x000000f8   Code   RO         3865    .text               c_w.l(fseek.o)
    0x08026b20   0x000000f0   Code   RO         3867    .text               c_w.l(stdio.o)
    0x08026c10   0x00000138   Code   RO         3870    .text               c_w.l(initio.o)
    0x08026d48   0x00000044   Code   RO         3878    .text               c_w.l(strtok_int.o)
    0x08026d8c   0x00000008   Code   RO         3956    .text               c_w.l(libspace.o)
    0x08026d94   0x00000008   Code   RO         3977    .text               c_w.l(rt_locale_intlibspace.o)
    0x08026d9c   0x00000034   Code   RO         3983    .text               c_w.l(h1_extend.o)
    0x08026dd0   0x0000008a   Code   RO         3987    .text               c_w.l(lludiv10.o)
    0x08026e5a   0x00000012   Code   RO         3989    .text               c_w.l(isspace.o)
    0x08026e6c   0x00000080   Code   RO         3991    .text               c_w.l(_printf_fp_infnan.o)
    0x08026eec   0x0000002c   Code   RO         3995    .text               c_w.l(_printf_wchar.o)
    0x08026f18   0x00000378   Code   RO         3997    .text               c_w.l(_scanf.o)
    0x08027290   0x000000e4   Code   RO         3999    .text               c_w.l(bigflt0.o)
    0x08027374   0x00000008   Code   RO         4024    .text               c_w.l(ferror.o)
    0x0802737c   0x00000242   Code   RO         4026    .text               c_w.l(filbuf.o)
    0x080275be   0x000001e0   Code   RO         4028    .text               c_w.l(flsbuf.o)
    0x0802779e   0x00000046   Code   RO         4030    .text               c_w.l(ftell.o)
    0x080277e4   0x00000046   Code   RO         4032    .text               c_w.l(setvbuf.o)
    0x0802782a   0x00000040   Code   RO         4038    .text               c_w.l(_wcrtomb.o)
    0x0802786a   0x0000000e   Code   RO         4046    .text               c_w.l(defsig_rtred_outer.o)
    0x08027878   0x0000000e   Code   RO         4050    .text               c_w.l(defsig_rtmem_outer.o)
    0x08027886   0x00000020   Code   RO         4054    .text               c_w.l(strcspn.o)
    0x080278a6   0x0000001c   Code   RO         4056    .text               c_w.l(strspn.o)
    0x080278c2   0x0000004a   Code   RO         4088    .text               c_w.l(sys_stackheap_outer.o)
    0x0802790c   0x0000011c   Code   RO         4096    .text               c_w.l(freadfast.o)
    0x08027a28   0x000000c0   Code   RO         4100    .text               c_w.l(fwritefast.o)
    0x08027ae8   0x00000034   Code   RO         4102    .text               c_w.l(flushlinebuffered.o)
    0x08027b1c   0x0000000c   Code   RO         4112    .text               c_w.l(exit.o)
    0x08027b28   0x0000000a   Code   RO         4114    .text               c_w.l(defsig_exit.o)
    0x08027b32   0x00000002   PAD
    0x08027b34   0x00000034   Code   RO         4116    .text               c_w.l(defsig_rtred_inner.o)
    0x08027b68   0x00000050   Code   RO         4118    .text               c_w.l(defsig_rtmem_inner.o)
    0x08027bb8   0x00000064   Code   RO         4140    .text               c_w.l(fflush.o)
    0x08027c1c   0x00000032   Code   RO         4150    .text               c_w.l(defsig_general.o)
    0x08027c4e   0x00000002   PAD
    0x08027c50   0x00000008   Code   RO         4166    .text               c_w.l(rt_fp_status_addr_intlibspace.o)
    0x08027c58   0x0000003e   Code   RO         4002    CL$$btod_d2e        c_w.l(btod.o)
    0x08027c96   0x00000046   Code   RO         4004    CL$$btod_d2e_denorm_low  c_w.l(btod.o)
    0x08027cdc   0x00000060   Code   RO         4003    CL$$btod_d2e_norm_op1  c_w.l(btod.o)
    0x08027d3c   0x00000338   Code   RO         4012    CL$$btod_div_common  c_w.l(btod.o)
    0x08028074   0x000000c6   Code   RO         4009    CL$$btod_e2e        c_w.l(btod.o)
    0x0802813a   0x00000028   Code   RO         4006    CL$$btod_ediv       c_w.l(btod.o)
    0x08028162   0x00000028   Code   RO         4005    CL$$btod_emul       c_w.l(btod.o)
    0x0802818a   0x00000244   Code   RO         4011    CL$$btod_mult_common  c_w.l(btod.o)
    0x080283ce   0x00000028   Code   RO         3941    i.__ARM_fpclassify  m_ws.l(fpclassify.o)
    0x080283f6   0x000000aa   Code   RO         3943    i.__kernel_poly     m_ws.l(poly.o)
    0x080284a0   0x00000010   Code   RO         3939    i.__mathlib_dbl_underflow  m_ws.l(dunder.o)
    0x080284b0   0x0000000e   Code   RO         3640    i._is_digit         c_w.l(__printf_wp.o)
    0x080284be   0x00000002   PAD
    0x080284c0   0x000000dc   Code   RO         3753    i.floor             m_ws.l(floor.o)
    0x0802859c   0x0000001a   Code   RO         3862    i.fputc             c_w.l(fputc.o)
    0x080285b6   0x00000002   PAD
    0x080285b8   0x000009ec   Code   RO         3757    i.pow               m_ws.l(pow.o)
    0x08028fa4   0x0000004c   Code   RO         3947    i.sqrt              m_ws.l(sqrt.o)
    0x08028ff0   0x0000002c   Code   RO         4041    locale$$code        c_w.l(lc_ctype_c.o)
    0x0802901c   0x0000002c   Code   RO         4044    locale$$code        c_w.l(lc_numeric_c.o)
    0x08029048   0x00000150   Code   RO         3726    x$fpl$dadd          fz_ws.l(daddsub_clz.o)
    0x08029198   0x00000010   Code   RO         4082    x$fpl$dcheck1       fz_ws.l(dcheck1.o)
    0x080291a8   0x00000018   Code   RO         3924    x$fpl$dcmpinf       fz_ws.l(dcmpi.o)
    0x080291c0   0x000002b0   Code   RO         3927    x$fpl$ddiv          fz_ws.l(ddiv.o)
    0x08029470   0x0000005e   Code   RO         3732    x$fpl$dfix          fz_ws.l(dfix.o)
    0x080294ce   0x0000002e   Code   RO         3737    x$fpl$dflt          fz_ws.l(dflt_clz.o)
    0x080294fc   0x00000078   Code   RO         3742    x$fpl$dleqf         fz_ws.l(dleqf.o)
    0x08029574   0x00000154   Code   RO         3744    x$fpl$dmul          fz_ws.l(dmul.o)
    0x080296c8   0x0000009c   Code   RO         3930    x$fpl$dnaninf       fz_ws.l(dnaninf.o)
    0x08029764   0x0000000c   Code   RO         3932    x$fpl$dretinf       fz_ws.l(dretinf.o)
    0x08029770   0x0000006c   Code   RO         3746    x$fpl$drleqf        fz_ws.l(drleqf.o)
    0x080297dc   0x00000016   Code   RO         3727    x$fpl$drsb          fz_ws.l(daddsub_clz.o)
    0x080297f2   0x00000002   PAD
    0x080297f4   0x000001cc   Code   RO         4084    x$fpl$dsqrt         fz_ws.l(dsqrt_noumaal.o)
    0x080299c0   0x000001d4   Code   RO         3728    x$fpl$dsub          fz_ws.l(daddsub_clz.o)
    0x08029b94   0x00000056   Code   RO         3748    x$fpl$f2d           fz_ws.l(f2d.o)
    0x08029bea   0x0000008c   Code   RO         3934    x$fpl$fnaninf       fz_ws.l(fnaninf.o)
    0x08029c76   0x0000000e   Code   RO         4152    x$fpl$fpinit        fz_ws.l(fpinit.o)
    0x08029c84   0x00000004   Code   RO         3750    x$fpl$printf1       fz_ws.l(printf1.o)
    0x08029c88   0x00000064   Code   RO         4132    x$fpl$retnan        fz_ws.l(retnan.o)
    0x08029cec   0x0000005c   Code   RO         3936    x$fpl$scalbn        fz_ws.l(scalbn.o)
    0x08029d48   0x00000030   Code   RO         4154    x$fpl$trapveneer    fz_ws.l(trapv.o)
    0x08029d78   0x00000000   Code   RO         3938    x$fpl$usenofp       fz_ws.l(usenofp.o)
    0x08029d78   0x00000006   Data   RO          136    .constdata          retarget.o
    0x08029d7e   0x00000007   Data   RO          137    .constdata          retarget.o
    0x08029d85   0x00000007   Data   RO          138    .constdata          retarget.o
    0x08029d8c   0x00000004   Data   RO          159    .constdata          chipminer.o
    0x08029d90   0x0000000e   Data   RO          160    .constdata          chipminer.o
    0x08029d9e   0x0000000c   Data   RO          161    .constdata          chipminer.o
    0x08029daa   0x00000011   Data   RO          162    .constdata          chipminer.o
    0x08029dbb   0x0000000e   Data   RO          163    .constdata          chipminer.o
    0x08029dc9   0x00000013   Data   RO          164    .constdata          chipminer.o
    0x08029ddc   0x00000006   Data   RO          165    .constdata          chipminer.o
    0x08029de2   0x00000014   Data   RO          166    .constdata          chipminer.o
    0x08029df6   0x0000000e   Data   RO          167    .constdata          chipminer.o
    0x08029e04   0x0000000e   Data   RO          168    .constdata          chipminer.o
    0x08029e12   0x0000000c   Data   RO          169    .constdata          chipminer.o
    0x08029e1e   0x00000011   Data   RO          170    .constdata          chipminer.o
    0x08029e2f   0x0000000c   Data   RO          171    .constdata          chipminer.o
    0x08029e3b   0x00000016   Data   RO          172    .constdata          chipminer.o
    0x08029e51   0x0000000b   Data   RO          173    .constdata          chipminer.o
    0x08029e5c   0x00000016   Data   RO          174    .constdata          chipminer.o
    0x08029e72   0x0000000e   Data   RO          175    .constdata          chipminer.o
    0x08029e80   0x00000015   Data   RO          176    .constdata          chipminer.o
    0x08029e95   0x00000003   PAD
    0x08029e98   0x00000e86   Data   RO          177    .constdata          chipminer.o
    0x0802ad1e   0x00000040   Data   RO          382    .constdata          sha2.o
    0x0802ad5e   0x00000085   Data   RO          510    .constdata          serial.o
    0x0802ade3   0x000000a8   Data   RO         1161    .constdata          device.o
    0x0802ae8b   0x00000016   Data   RO         1176    .constdata          idle.o
    0x0802aea1   0x000001c6   Data   RO         1195    .constdata          ipc.o
    0x0802b067   0x00000122   Data   RO         1228    .constdata          kservice.o
    0x0802b189   0x00000009   Data   RO         1246    .constdata          mem.o
    0x0802b192   0x0000001e   Data   RO         1247    .constdata          mem.o
    0x0802b1b0   0x00000138   Data   RO         1248    .constdata          mem.o
    0x0802b2e8   0x0000003e   Data   RO         1269    .constdata          mempool.o
    0x0802b326   0x0000005e   Data   RO         1287    .constdata          object.o
    0x0802b384   0x0000004e   Data   RO         1308    .constdata          scheduler.o
    0x0802b3d2   0x000000aa   Data   RO         1328    .constdata          thread.o
    0x0802b47c   0x0000005c   Data   RO         1345    .constdata          timer.o
    0x0802b4d8   0x00000013   Data   RO         1364    .constdata          cpuport.o
    0x0802b4eb   0x00000023   Data   RO         1422    .constdata          dfs.o
    0x0802b50e   0x00000005   Data   RO         1456    .constdata          dfs_fs.o
    0x0802b513   0x00000013   Data   RO         1457    .constdata          dfs_fs.o
    0x0802b526   0x00000003   Data   RO         1458    .constdata          dfs_fs.o
    0x0802b529   0x0000000e   Data   RO         1459    .constdata          dfs_fs.o
    0x0802b537   0x0000001d   Data   RO         1460    .constdata          dfs_fs.o
    0x0802b554   0x00000003   Data   RO         1486    .constdata          dfs_file.o
    0x0802b557   0x00000018   Data   RO         1487    .constdata          dfs_file.o
    0x0802b56f   0x00000003   Data   RO         1488    .constdata          dfs_file.o
    0x0802b572   0x0000001c   Data   RO         1489    .constdata          dfs_file.o
    0x0802b58e   0x00000004   Data   RO         1490    .constdata          dfs_file.o
    0x0802b592   0x0000000b   Data   RO         1491    .constdata          dfs_file.o
    0x0802b59d   0x00000005   Data   RO         1492    .constdata          dfs_file.o
    0x0802b5a2   0x00000025   Data   RO         1493    .constdata          dfs_file.o
    0x0802b5c7   0x00000006   Data   RO         1513    .constdata          dfs_posix.o
    0x0802b5cd   0x00000013   Data   RO         1514    .constdata          dfs_posix.o
    0x0802b5e0   0x00000003   Data   RO         1515    .constdata          dfs_posix.o
    0x0802b5e3   0x00000021   Data   RO         1516    .constdata          dfs_posix.o
    0x0802b604   0x000000a3   Data   RO         1585    .constdata          spi_core.o
    0x0802b6a7   0x000000d9   Data   RO         1598    .constdata          spi_dev.o
    0x0802b780   0x00000006   Data   RO         1611    .constdata          cmd.o
    0x0802b786   0x00000010   Data   RO         1612    .constdata          cmd.o
    0x0802b796   0x00000008   Data   RO         1613    .constdata          cmd.o
    0x0802b79e   0x00000023   Data   RO         1614    .constdata          cmd.o
    0x0802b7c1   0x0000000c   Data   RO         1615    .constdata          cmd.o
    0x0802b7cd   0x0000000c   Data   RO         1616    .constdata          cmd.o
    0x0802b7d9   0x00000009   Data   RO         1617    .constdata          cmd.o
    0x0802b7e2   0x00000019   Data   RO         1618    .constdata          cmd.o
    0x0802b7fb   0x0000000b   Data   RO         1619    .constdata          cmd.o
    0x0802b806   0x00000015   Data   RO         1620    .constdata          cmd.o
    0x0802b81b   0x0000000b   Data   RO         1621    .constdata          cmd.o
    0x0802b826   0x00000015   Data   RO         1622    .constdata          cmd.o
    0x0802b83b   0x0000000d   Data   RO         1623    .constdata          cmd.o
    0x0802b848   0x00000018   Data   RO         1624    .constdata          cmd.o
    0x0802b860   0x0000000e   Data   RO         1625    .constdata          cmd.o
    0x0802b86e   0x0000001d   Data   RO         1626    .constdata          cmd.o
    0x0802b88b   0x0000000d   Data   RO         1627    .constdata          cmd.o
    0x0802b898   0x0000001b   Data   RO         1628    .constdata          cmd.o
    0x0802b8b3   0x0000000b   Data   RO         1629    .constdata          cmd.o
    0x0802b8be   0x00000015   Data   RO         1630    .constdata          cmd.o
    0x0802b8d3   0x0000000c   Data   RO         1631    .constdata          cmd.o
    0x0802b8df   0x00000016   Data   RO         1632    .constdata          cmd.o
    0x0802b8f5   0x00000005   Data   RO         1633    .constdata          cmd.o
    0x0802b8fa   0x0000001a   Data   RO         1634    .constdata          cmd.o
    0x0802b914   0x00000006   Data   RO         1635    .constdata          cmd.o
    0x0802b91a   0x00000019   Data   RO         1636    .constdata          cmd.o
    0x0802b933   0x00000001   PAD
    0x0802b934   0x000000d7   Data   RO         1637    .constdata          cmd.o
    0x0802ba0b   0x00000001   PAD
    0x0802ba0c   0x000000c4   Data   RO         1774    .constdata          finsh_ops.o
    0x0802bad0   0x00000040   Data   RO         1807    .constdata          finsh_token.o
    0x0802bb10   0x0000004d   Data   RO         1873    .constdata          shell.o
    0x0802bb5d   0x00000013   Data   RO         1944    .constdata          clock_time.o
    0x0802bb70   0x000000a6   Data   RO         2000    .constdata          pthread.o
    0x0802bc16   0x00000002   PAD
    0x0802bc18   0x0000016d   Data   RO         2021    .constdata          pthread_attr.o
    0x0802bd85   0x0000003a   Data   RO         2108    .constdata          pthread_tls.o
    0x0802bdbf   0x00000001   PAD
    0x0802bdc0   0x00000040   Data   RO         2412    .constdata          sockets.o
    0x0802be00   0x000000b3   Data   RO         2523    .constdata          sys_arch.o
    0x0802beb3   0x00000001   PAD
    0x0802beb4   0x00000089   Data   RO         2574    .constdata          dhcp.o
    0x0802bf3d   0x00000003   PAD
    0x0802bf40   0x00000064   Data   RO         2636    .constdata          init.o
    0x0802bfa4   0x0000001c   Data   RO         2678    .constdata          memp.o
    0x0802bfc0   0x00000054   Data   RO         2833    .constdata          tcp.o
    0x0802c014   0x00000055   Data   RO         2887    .constdata          tcp_out.o
    0x0802c069   0x00000003   PAD
    0x0802c06c   0x00000004   Data   RO         3045    .constdata          ip_addr.o
    0x0802c070   0x00000004   Data   RO         3046    .constdata          ip_addr.o
    0x0802c074   0x00000050   Data   RO         3078    .constdata          etharp.o
    0x0802c0c4   0x00000007   Data   RO         3107    .constdata          ethernetif.o
    0x0802c0cb   0x0000001e   Data   RO         3108    .constdata          ethernetif.o
    0x0802c0e9   0x00000008   Data   RO         3109    .constdata          ethernetif.o
    0x0802c0f1   0x00000017   Data   RO         3110    .constdata          ethernetif.o
    0x0802c108   0x00000008   Data   RO         3111    .constdata          ethernetif.o
    0x0802c110   0x00000023   Data   RO         3112    .constdata          ethernetif.o
    0x0802c133   0x0000000a   Data   RO         3113    .constdata          ethernetif.o
    0x0802c13d   0x0000001c   Data   RO         3114    .constdata          ethernetif.o
    0x0802c159   0x00000041   Data   RO         3115    .constdata          ethernetif.o
    0x0802c19a   0x00000005   Data   RO         3182    .constdata          ping.o
    0x0802c19f   0x00000012   Data   RO         3183    .constdata          ping.o
    0x0802c1b1   0x00000092   Data   RO         3204    .constdata          nanohttp-base64.o
    0x0802c243   0x00000081   Data   RO         3224    .constdata          nanohttp-client.o
    0x0802c2c4   0x0000006e   Data   RO         3292    .constdata          nanohttp-common.o
    0x0802c332   0x00000002   PAD
    0x0802c334   0x000000fc   Data   RO         3327    .constdata          nanohttp-mime.o
    0x0802c430   0x0000003d   Data   RO         3347    .constdata          nanohttp-request.o
    0x0802c46d   0x00000040   Data   RO         3369    .constdata          nanohttp-response.o
    0x0802c4ad   0x00000003   PAD
    0x0802c4b0   0x000001a3   Data   RO         3386    .constdata          nanohttp-server.o
    0x0802c653   0x00000089   Data   RO         3419    .constdata          nanohttp-socket.o
    0x0802c6dc   0x0000008f   Data   RO         3467    .constdata          nanohttp-stream.o
    0x0802c76b   0x00000007   Data   RO         3483    .constdata          cjson.o
    0x0802c772   0x00000028   Data   RO         3628    .constdata          c_w.l(_printf_hex_int_ll_ptr.o)
    0x0802c79a   0x00000011   Data   RO         3648    .constdata          c_w.l(__printf_flags_ss_wp.o)
    0x0802c7ab   0x00000005   PAD
    0x0802c7b0   0x00000088   Data   RO         3758    .constdata          m_ws.l(pow.o)
    0x0802c838   0x00000008   Data   RO         3823    .constdata          c_w.l(_printf_wctomb.o)
    0x0802c840   0x00000008   Data   RO         3945    .constdata          m_ws.l(qnan.o)
    0x0802c848   0x00000094   Data   RO         4000    .constdata          c_w.l(bigflt0.o)
    0x0802c8dc   0x000000d6   Data   RO         1638    .conststring        cmd.o
    0x0802c9b2   0x000000d8   Data   RO         1708    .conststring        finsh_error.o
    0x0802ca8a   0x0000002c   Data   RO         1808    .conststring        finsh_token.o
    0x0802cab6   0x00000068   Data   RO         2834    .conststring        tcp.o
    0x0802cb1e   0x00000002   PAD
    0x0802cb20   0x00000004   Data   RO         1914    .rti_fn.0           components.o
    0x0802cb24   0x00000004   Data   RO         1915    .rti_fn.1.post      components.o
    0x0802cb28   0x00000004   Data   RO         1916    .rti_fn.7           components.o
    0x0802cb2c   0x0000000c   Data   RO          179    FSymTab             chipminer.o
    0x0802cb38   0x0000000c   Data   RO          180    FSymTab             chipminer.o
    0x0802cb44   0x0000000c   Data   RO          181    FSymTab             chipminer.o
    0x0802cb50   0x0000000c   Data   RO          182    FSymTab             chipminer.o
    0x0802cb5c   0x0000000c   Data   RO          183    FSymTab             chipminer.o
    0x0802cb68   0x0000000c   Data   RO          184    FSymTab             chipminer.o
    0x0802cb74   0x0000000c   Data   RO          185    FSymTab             chipminer.o
    0x0802cb80   0x0000000c   Data   RO          186    FSymTab             chipminer.o
    0x0802cb8c   0x0000000c   Data   RO          187    FSymTab             chipminer.o
    0x0802cb98   0x0000000c   Data   RO         1250    FSymTab             mem.o
    0x0802cba4   0x0000000c   Data   RO         1461    FSymTab             dfs_fs.o
    0x0802cbb0   0x0000000c   Data   RO         1462    FSymTab             dfs_fs.o
    0x0802cbbc   0x0000000c   Data   RO         1494    FSymTab             dfs_file.o
    0x0802cbc8   0x0000000c   Data   RO         1495    FSymTab             dfs_file.o
    0x0802cbd4   0x0000000c   Data   RO         1496    FSymTab             dfs_file.o
    0x0802cbe0   0x0000000c   Data   RO         1497    FSymTab             dfs_file.o
    0x0802cbec   0x0000000c   Data   RO         1517    FSymTab             dfs_posix.o
    0x0802cbf8   0x0000000c   Data   RO         1518    FSymTab             dfs_posix.o
    0x0802cc04   0x0000000c   Data   RO         1640    FSymTab             cmd.o
    0x0802cc10   0x0000000c   Data   RO         1641    FSymTab             cmd.o
    0x0802cc1c   0x0000000c   Data   RO         1642    FSymTab             cmd.o
    0x0802cc28   0x0000000c   Data   RO         1643    FSymTab             cmd.o
    0x0802cc34   0x0000000c   Data   RO         1644    FSymTab             cmd.o
    0x0802cc40   0x0000000c   Data   RO         1645    FSymTab             cmd.o
    0x0802cc4c   0x0000000c   Data   RO         1646    FSymTab             cmd.o
    0x0802cc58   0x0000000c   Data   RO         1647    FSymTab             cmd.o
    0x0802cc64   0x0000000c   Data   RO         1648    FSymTab             cmd.o
    0x0802cc70   0x0000000c   Data   RO         1649    FSymTab             cmd.o
    0x0802cc7c   0x0000000c   Data   RO         1650    FSymTab             cmd.o
    0x0802cc88   0x0000000c   Data   RO         1651    FSymTab             cmd.o
    0x0802cc94   0x0000000c   Data   RO         3117    FSymTab             ethernetif.o
    0x0802cca0   0x0000000c   Data   RO         3118    FSymTab             ethernetif.o
    0x0802ccac   0x0000000c   Data   RO         3119    FSymTab             ethernetif.o
    0x0802ccb8   0x0000000c   Data   RO         3120    FSymTab             ethernetif.o
    0x0802ccc4   0x0000000c   Data   RO         3185    FSymTab             ping.o
    0x0802ccd0   0x00000020   Data   RO         4187    Region$$Table       anon$$obj.o
    0x0802ccf0   0x00000010   Data   RO         1652    VSymTab             cmd.o
    0x0802cd00   0x00000110   Data   RO         4040    locale$$data        c_w.l(lc_ctype_c.o)
    0x0802ce10   0x0000001c   Data   RO         4043    locale$$data        c_w.l(lc_numeric_c.o)


    Execution Region RW_IRAM1 (Base: 0x20000000, Size: 0x00009520, Max: 0x00010000, ABSOLUTE, COMPRESSED[0x000000f0])

    Base Addr    Size         Type   Attr      Idx    E Section Name        Object

    0x20000000   0x00000018   Data   RW          178    .data               chipminer.o
    0x20000018   0x00000008   Data   RW          455    .data               platform.o
    0x20000020   0x00000008   Data   RW          488    .data               rt_stm32f10x_spi.o
    0x20000028   0x00000010   Data   RW          535    .data               stm32_eth.o
    0x20000038   0x00000018   Data   RW          620    .data               usart.o
    0x20000050   0x00000014   Data   RW          643    .data               system_stm32f10x.o
    0x20000064   0x00000014   Data   RW          689    .data               stm32f10x_rcc.o
    0x20000078   0x00000004   Data   RW         1147    .data               clock.o
    0x2000007c   0x00000004   Data   RW         1177    .data               idle.o
    0x20000080   0x00000001   Data   RW         1212    .data               irq.o
    0x20000081   0x00000003   PAD
    0x20000084   0x00000008   Data   RW         1229    .data               kservice.o
    0x2000008c   0x00000020   Data   RW         1249    .data               mem.o
    0x200000ac   0x00000008   Data   RW         1270    .data               mempool.o
    0x200000b4   0x000000a4   Data   RW         1288    .data               object.o
    0x20000158   0x00000018   Data   RW         1309    .data               scheduler.o
    0x20000170   0x0000000c   Data   RW         1346    .data               timer.o
    0x2000017c   0x00000004   Data   RW         1365    .data               cpuport.o
    0x20000180   0x00000004   Data   RW         1366    .data               cpuport.o
    0x20000184   0x00000004   Data   RW         1367    .data               cpuport.o
    0x20000188   0x00000004   Data   RW         1368    .data               cpuport.o
    0x2000018c   0x00000100   Data   RW         1423    .data               dfs.o
    0x2000028c   0x00000004   Data   RW         1639    .data               cmd.o
    0x20000290   0x00000008   Data   RW         1671    .data               finsh_compiler.o
    0x20000298   0x00000040   Data   RW         1709    .data               finsh_error.o
    0x200002d8   0x00000008   Data   RW         1725    .data               finsh_heap.o
    0x200002e0   0x00000004   Data   RW         1823    .data               finsh_var.o
    0x200002e4   0x0000000c   Data   RW         1846    .data               finsh_vm.o
    0x200002f0   0x00000405   Data   RW         1874    .data               shell.o
    0x200006f5   0x00000003   PAD
    0x200006f8   0x00000004   Data   RW         1897    .data               symbol.o
    0x200006fc   0x00000004   Data   RW         1898    .data               symbol.o
    0x20000700   0x00000004   Data   RW         1899    .data               symbol.o
    0x20000704   0x00000004   Data   RW         1900    .data               symbol.o
    0x20000708   0x00000008   Data   RW         1945    .data               clock_time.o
    0x20000710   0x00000004   Data   RW         1980    .data               mqueue.o
    0x20000714   0x00000002   Data   RW         2001    .data               pthread.o
    0x20000716   0x00000002   Data   RW         2068    .data               pthread_mutex.o
    0x20000718   0x00000008   Data   RW         2136    .data               semaphore.o
    0x20000720   0x00000014   Data   RW         2324    .data               netdb.o
    0x20000734   0x00000008   Data   RW         2413    .data               sockets.o
    0x2000073c   0x0000000c   Data   RW         2466    .data               tcpip.o
    0x20000748   0x00000006   Data   RW         2524    .data               sys_arch.o
    0x2000074e   0x00000002   PAD
    0x20000750   0x00000004   Data   RW         2575    .data               dhcp.o
    0x20000754   0x00000014   Data   RW         2609    .data               dns.o
    0x20000768   0x0000000c   Data   RW         2712    .data               netif.o
    0x20000774   0x00000001   Data   RW         2756    .data               pbuf.o
    0x20000775   0x00000003   PAD
    0x20000778   0x00000004   Data   RW         2801    .data               raw.o
    0x2000077c   0x00000020   Data   RW         2835    .data               tcp.o
    0x2000079c   0x0000001c   Data   RW         2862    .data               tcp_in.o
    0x200007b8   0x00000008   Data   RW         2900    .data               timers.o
    0x200007c0   0x00000004   Data   RW         2944    .data               udp.o
    0x200007c4   0x00000014   Data   RW         3016    .data               ip.o
    0x200007d8   0x00000001   Data   RW         3079    .data               etharp.o
    0x200007d9   0x00000001   PAD
    0x200007da   0x00000002   Data   RW         3184    .data               ping.o
    0x200007dc   0x00000004   Data   RW         3225    .data               nanohttp-client.o
    0x200007e0   0x00000008   Data   RW         3313    .data               nanohttp-logging.o
    0x200007e8   0x00000024   Data   RW         3387    .data               nanohttp-server.o
    0x2000080c   0x0000000c   Data   RW         3484    .data               cjson.o
    0x20000818   0x00000004   Data   RW         3679    .data               c_w.l(stdio_streams.o)
    0x2000081c   0x00000004   Data   RW         3680    .data               c_w.l(stdio_streams.o)
    0x20000820   0x00000004   Data   RW         3681    .data               c_w.l(stdio_streams.o)
    0x20000824   0x00001094   Zero   RW          158    .bss                chipminer.o
    0x200018b8   0x000000bc   Zero   RW          454    .bss                platform.o
    0x20001974   0x00002554   Zero   RW          534    .bss                stm32_eth.o
    0x20003ec8   0x00000088   Zero   RW          617    .bss                usart.o
    0x20003f50   0x00000080   Zero   RW          618    .bss                usart.o
    0x20003fd0   0x00000088   Zero   RW          619    .bss                usart.o
    0x20004058   0x00000180   Zero   RW         1175    .bss                idle.o
    0x200041d8   0x00000400   Zero   RW         1227    .bss                kservice.o
    0x200045d8   0x00000020   Zero   RW         1245    .bss                mem.o
    0x200045f8   0x00000100   Zero   RW         1307    .bss                scheduler.o
    0x200046f8   0x000000d4   Zero   RW         1421    .bss                dfs.o
    0x200047cc   0x00000124   Zero   RW         1485    .bss                dfs_file.o
    0x200048f0   0x00000080   Zero   RW         1724    .bss                finsh_heap.o
    0x20004970   0x00000140   Zero   RW         1759    .bss                finsh_node.o
    0x20004ab0   0x000000c0   Zero   RW         1822    .bss                finsh_var.o
    0x20004b70   0x00000180   Zero   RW         1845    .bss                finsh_vm.o
    0x20004cf0   0x00002880   Zero   RW         1872    .bss                shell.o
    0x20007570   0x00000020   Zero   RW         1979    .bss                mqueue.o
    0x20007590   0x00000040   Zero   RW         2107    .bss                pthread_tls.o
    0x200075d0   0x00000020   Zero   RW         2135    .bss                semaphore.o
    0x200075f0   0x00000014   Zero   RW         2323    .bss                netdb.o
    0x20007604   0x00000060   Zero   RW         2411    .bss                sockets.o
    0x20007664   0x00000032   Zero   RW         2573    .bss                dhcp.o
    0x20007696   0x00000002   PAD
    0x20007698   0x00000663   Zero   RW         2608    .bss                dns.o
    0x20007cfb   0x00000001   PAD
    0x20007cfc   0x00000014   Zero   RW         2861    .bss                tcp_in.o
    0x20007d10   0x00000010   Zero   RW         3044    .bss                ip_addr.o
    0x20007d20   0x000000a0   Zero   RW         3077    .bss                etharp.o
    0x20007dc0   0x00000580   Zero   RW         3106    .bss                ethernetif.o
    0x20008340   0x0000004b   Zero   RW         3312    .bss                nanohttp-logging.o
    0x2000838b   0x00000001   PAD
    0x2000838c   0x00000040   Zero   RW         3385    .bss                nanohttp-server.o
    0x200083cc   0x00000050   Zero   RW         3676    .bss                c_w.l(stdio_streams.o)
    0x2000841c   0x00000050   Zero   RW         3677    .bss                c_w.l(stdio_streams.o)
    0x2000846c   0x00000050   Zero   RW         3678    .bss                c_w.l(stdio_streams.o)
    0x200084bc   0x00000060   Zero   RW         3957    .bss                c_w.l(libspace.o)
    0x2000851c   0x00000004   PAD
    0x20008520   0x00000800   Zero   RW         1140    HEAP                startup_stm32f10x_cl.o
    0x20008d20   0x00000800   Zero   RW         1139    STACK               startup_stm32f10x_cl.o


==============================================================================

Image component sizes


      Code (inc. data)   RO Data    RW Data    ZI Data      Debug   Object Name

      2564        862          0          0          0      29247   api_lib.o
      5204       1226          0          0          0      30626   api_msg.o
       108         18          0          0          0      23191   board.o
      7044       3270       4091         24       4244      62337   chipminer.o
      3956        154          7         12          0      21085   cjson.o
        96          6          0          4          0       1432   clock.o
       416         76         19          8          0       9926   clock_time.o
      2760       1190       1024          4          0      11227   cmd.o
        64         12         12          0          0       4021   components.o
       212         24          0          0          0        740   context_rvds.o
       408        220         19         16          0       2655   cpuport.o
        16          0          0          0          0       1440   def.o
       836        114        168          0          0       5489   device.o
       848        100         35        256        212       8739   dfs.o
      1456        192        163          0        292       7549   dfs_file.o
      1256        288         94          0          0      10314   dfs_fs.o
      1196         12         85          0          0       9758   dfs_posix.o
      5204       1018        137          4         50      20017   dhcp.o
      1536        242          0         20       1635      12329   dns.o
      2424        520         80          1        160      11755   etharp.o
      2740        818        262          0       1408      30218   ethernetif.o
      1916        102          0          8          0       9378   finsh_compiler.o
        36          4        216         64          0       1593   finsh_error.o
       424         14          0          8        128       3389   finsh_heap.o
        76          4          0          0          0       1528   finsh_init.o
       332          6          0          0        320       3448   finsh_node.o
      1248         36        196          0          0       8496   finsh_ops.o
      1890         32          0          0          0      10545   finsh_parser.o
      1272         18        108          0          0       6128   finsh_token.o
       352         16          0          4        192       7293   finsh_var.o
       176         22          0         12        384       6886   finsh_vm.o
       816        338          0          0          0       2435   icmp.o
       320        100         22          4        384       2811   idle.o
       552         70          0          0          0       3369   inet_chksum.o
        40          4        100          0          0      14764   init.o
       792        122          0         20          0      11170   ip.o
       564         76          8          0         16       9359   ip_addr.o
      5220        268        454          0          0      22631   ipc.o
        56          6          0          1          0       1326   irq.o
      1920        164        290          8       1024      11985   kservice.o
      1876        508        363         32         32      10066   mem.o
         0          0         28          0          0       1165   memp.o
       924         98         62          8          0       5362   mempool.o
       412         70          0          0          0       2173   misc.o
       608         14          0          4         32       5770   mqueue.o
         0          0          0          0          0       1660   msd.o
       296          4        146          0          0       2138   nanohttp-base64.o
      2164        786        129          4          0      23554   nanohttp-client.o
      2000        366        110          0          0      16591   nanohttp-common.o
       316         68          0          8         75       3451   nanohttp-logging.o
      2806        538        252          0          0      11960   nanohttp-mime.o
       956        190         61          0          0       9957   nanohttp-request.o
       892        306         64          0          0       3387   nanohttp-response.o
      4532       1704        419         36         64      16866   nanohttp-server.o
      1572        582        137          0          0      14415   nanohttp-socket.o
       164         66          0          0          0       1571   nanohttp-ssl.o
      1812        618        143          0          0       8590   nanohttp-stream.o
       772        308          0          0          0       8113   netbuf.o
       564        112          0         20         20      11639   netdb.o
       572         80          0         12          0      19551   netif.o
       202          0          0          0          0      10819   netifapi.o
       716        150         94        164          0       5948   object.o
      3250       1144          0          1          0      10083   pbuf.o
       532        138         35          2          0       5703   ping.o
       148         34          0          8        188      35031   platform.o
      1440        196        166          2          0       8690   pthread.o
       668         78        365          0          0       7046   pthread_attr.o
         0          0          0          0          0       2512   pthread_cond.o
       436         16          0          2          0       4088   pthread_mutex.o
       444        120         58          0         64       2987   pthread_tls.o
       468        102          0          4          0       3501   raw.o
        44          0         20          0          0       3353   retarget.o
       556         26          0          8          0       2937   rt_stm32f10x_spi.o
       648        152         78         24        256       4827   scheduler.o
       752         28          0          8         32       5476   semaphore.o
      1316        274        133          0          0       6181   serial.o
      7680        296         64          0          0       5299   sha2.o
      1608        250         77       1029      10368       6970   shell.o
      5452        612         64          8         96      39236   sockets.o
      1452        120        163          0          0       6478   spi_core.o
       704        170        217          0          0       4631   spi_dev.o
       188         88          0          0          0     286643   startup.o
        64         26        336          0       4096        880   startup_stm32f10x_cl.o
      7284        240          0         16       9556      46177   stm32_eth.o
      2060        120          0          0          0       5674   stm32f10x_dma.o
      1556        100          0          0          0       9608   stm32f10x_flash.o
      2388        202          0          0          0       7465   stm32f10x_gpio.o
        64         10          0          0          0       1347   stm32f10x_it.o
      2352        140          0         20          0      13782   stm32f10x_rcc.o
      2148         98          0          0          0       8638   stm32f10x_spi.o
      3092        126          0          0          0      11384   stm32f10x_usart.o
         0          0          0         16          0       4181   symbol.o
      1768        314        179          6          0      12375   sys_arch.o
       424         46          0         20          0       2287   system_stm32f10x.o
      3612        796        188         32          0      21344   tcp.o
      5348        828          0         28         20      16527   tcp_in.o
      4000        840         85          0          0      10863   tcp_out.o
       776        146          0         12          0      20584   tcpip.o
      1500        214        170          0          0       8042   thread.o
       912        106         92         12          0       6759   timer.o
       616        144          0          8          0       4795   timers.o
      1108        160          0          4          0      14270   udp.o
       416         40          0         24        400       2365   usart.o

    ----------------------------------------------------------------------
    151784      26872      12142       2072      35752    1328394   Object Totals
         0          0         32          0          0          0   (incl. Generated)
         8          0         22         12          4          0   (incl. Padding)

    ----------------------------------------------------------------------

      Code (inc. data)   RO Data    RW Data    ZI Data      Debug   Library Member Name

        60          8          0          0          0         84   __0sscanf.o
        20          0          0          0          0         84   __2fprintf.o
        24          4          0          0          0         84   __2printf.o
        56          6          0          0          0         88   __2snprintf.o
        44          6          0          0          0         84   __2sprintf.o
        90          0          0          0          0          0   __dczerorl2.o
         8          0          0          0          0         68   __main.o
       396          6         17          0          0         92   __printf_flags_ss_wp.o
        14          0          0          0          0         68   __printf_wp.o
        52          8          0          0          0          0   __scatter.o
        28          0          0          0          0          0   __scatter_zi.o
        28          0          0          0          0         68   _chval.o
         6          0          0          0          0          0   _printf_a.o
         6          0          0          0          0          0   _printf_c.o
        44          0          0          0          0        108   _printf_char.o
        48          6          0          0          0         96   _printf_char_common.o
        36          4          0          0          0         80   _printf_char_file.o
        42          0          0          0          0         68   _printf_charcount.o
         6          0          0          0          0          0   _printf_d.o
       120         18          0          0          0         92   _printf_dec.o
         6          0          0          0          0          0   _printf_e.o
         6          0          0          0          0          0   _printf_f.o
      1054          0          0          0          0        216   _printf_fp_dec.o
       128         16          0          0          0         84   _printf_fp_infnan.o
         6          0          0          0          0          0   _printf_g.o
       156          6         40          0          0        160   _printf_hex_int_ll_ptr.o
         6          0          0          0          0          0   _printf_i.o
       184          0          0          0          0         88   _printf_intcommon.o
        10          0          0          0          0          0   _printf_l.o
         6          0          0          0          0          0   _printf_lc.o
        10          0          0          0          0          0   _printf_ll.o
         6          0          0          0          0          0   _printf_lld.o
         6          0          0          0          0          0   _printf_lli.o
         6          0          0          0          0          0   _printf_llo.o
         6          0          0          0          0          0   _printf_llu.o
         6          0          0          0          0          0   _printf_llx.o
       120         16          0          0          0         92   _printf_longlong_dec.o
         6          0          0          0          0          0   _printf_ls.o
         6          0          0          0          0          0   _printf_n.o
         6          0          0          0          0          0   _printf_o.o
       120          8          0          0          0        124   _printf_oct_int_ll.o
         6          0          0          0          0          0   _printf_p.o
        82          0          0          0          0        108   _printf_pad.o
         0          0          0          0          0          0   _printf_percent.o
         4          0          0          0          0          0   _printf_percent_end.o
         6          0          0          0          0          0   _printf_s.o
        82          0          0          0          0         80   _printf_str.o
        36          0          0          0          0         84   _printf_truncate.o
         6          0          0          0          0          0   _printf_u.o
        44          0          0          0          0        108   _printf_wchar.o
       188          6          8          0          0         92   _printf_wctomb.o
         6          0          0          0          0          0   _printf_x.o
        22          0          0          0          0        100   _rserrno.o
       888          6          0          0          0        100   _scanf.o
       336          0          0          0          0         96   _scanf_int.o
        64          0          0          0          0         84   _sgetc.o
        16          0          0          0          0         68   _snputc.o
        10          0          0          0          0         68   _sputc.o
       158          0          0          0          0         92   _strtoul.o
        64          0          0          0          0         92   _wcrtomb.o
        26          0          0          0          0         80   atoi.o
        26          0          0          0          0         80   atol.o
       228          6        148          0          0         96   bigflt0.o
      1910        128          0          0          0        672   btod.o
        36          4          0          0          0         76   c89vsprintf.o
        10          0          0          0          0         68   defsig_exit.o
        50          0          0          0          0         88   defsig_general.o
        80         58          0          0          0         76   defsig_rtmem_inner.o
        14          0          0          0          0         80   defsig_rtmem_outer.o
        52         38          0          0          0         76   defsig_rtred_inner.o
        14          0          0          0          0         80   defsig_rtred_outer.o
        12          0          0          0          0         72   exit.o
        76          0          0          0          0         88   fclose.o
         8          0          0          0          0         68   feof.o
         8          0          0          0          0         68   ferror.o
       100          4          0          0          0        120   fflush.o
       578          0          0          0          0        132   filbuf.o
       480          0          0          0          0         88   flsbuf.o
        52          4          0          0          0         80   flushlinebuffered.o
       236          4          0          0          0        128   fopen.o
        26          0          0          0          0         68   fputc.o
       284          0          0          0          0         96   freadfast.o
       248          4          0          0          0         84   fseek.o
        70          0          0          0          0         76   ftell.o
       192          0          0          0          0         88   fwritefast.o
        94          0          0          0          0         80   h1_alloc.o
        52          0          0          0          0         68   h1_extend.o
        78          0          0          0          0         80   h1_free.o
        14          0          0          0          0         84   h1_init.o
         6          0          0          0          0        152   heapauxi.o
         4          0          0          0          0        136   hguard.o
         0          0          0          0          0          0   indicate_semi.o
       138          0          0          0          0        168   init_alloc.o
       312         46          0          0          0        112   initio.o
        18          0          0          0          0         76   isspace.o
        44         10        272          0          0         76   lc_ctype_c.o
        44         10         28          0          0         76   lc_numeric_c.o
         6          0          0          0          0          0   libinit.o
        42          0          0          0          0          0   libinit2.o
         2          0          0          0          0          0   libshutdown.o
         6          0          0          0          0          0   libshutdown2.o
         8          4          0          0         96         68   libspace.o
       138          0          0          0          0         80   lludiv10.o
         0          0          0          0          0          0   maybetermalloc1.o
        16          4          0          0          0         76   rt_ctype_table.o
         8          4          0          0          0         68   rt_errno_addr_intlibspace.o
         8          4          0          0          0         68   rt_fp_status_addr_intlibspace.o
         8          4          0          0          0         68   rt_heap_descriptor_intlibspace.o
         8          4          0          0          0         68   rt_locale_intlibspace.o
        68          0          0          0          0         68   rt_memclr.o
        78          0          0          0          0         80   rt_memclr_w.o
       138          0          0          0          0         68   rt_memcpy_v6.o
       100          0          0          0          0         80   rt_memcpy_w.o
         0          0          0          0          0          0   rtentry.o
        12          0          0          0          0          0   rtentry2.o
         6          0          0          0          0          0   rtentry4.o
         2          0          0          0          0          0   rtexit.o
        10          0          0          0          0          0   rtexit2.o
        48         10          0          0          0         84   scanf_char.o
        70          0          0          0          0         80   setvbuf.o
       240          6          0          0          0        156   stdio.o
         0          0          0         12        240          0   stdio_streams.o
        24          0          0          0          0         68   strcat.o
        20          0          0          0          0         68   strchr.o
        72          0          0          0          0         80   strcpy.o
        32          0          0          0          0         80   strcspn.o
       264        228          0          0          0         68   strerror.o
        62          0          0          0          0         76   strlen.o
        50          0          0          0          0         84   strncasecmp.o
       150          0          0          0          0         80   strncmp.o
        86          0          0          0          0         76   strncpy.o
        28          0          0          0          0         80   strspn.o
        36          0          0          0          0         80   strstr.o
        68          4          0          0          0         84   strtok_int.o
         4          0          0          0          0         68   strtok_r.o
       112          0          0          0          0         88   strtol.o
        18          0          0          0          0         76   sys_remove.o
        74          0          0          0          0         80   sys_stackheap_outer.o
        26          0          0          0          0         76   tolower.o
        30          0          0          0          0         76   toupper.o
         2          0          0          0          0         68   use_no_semi.o
       826         16          0          0          0        356   daddsub_clz.o
        16          4          0          0          0         68   dcheck1.o
        24          0          0          0          0         68   dcmpi.o
       688        140          0          0          0        212   ddiv.o
        94          4          0          0          0         92   dfix.o
        46          0          0          0          0         68   dflt_clz.o
       120          4          0          0          0         92   dleqf.o
       340         12          0          0          0        104   dmul.o
       156          4          0          0          0         92   dnaninf.o
        12          0          0          0          0         68   dretinf.o
       108          0          0          0          0         80   drleqf.o
       460         56          0          0          0        120   dsqrt_noumaal.o
        86          4          0          0          0         84   f2d.o
       140          4          0          0          0         84   fnaninf.o
        14          0          0          0          0         76   fpinit.o
         4          0          0          0          0         68   printf1.o
       100          0          0          0          0         68   retnan.o
        92          0          0          0          0         68   scalbn.o
        48          0          0          0          0         68   trapv.o
         0          0          0          0          0          0   usenofp.o
        16          6          0          0          0         68   dunder.o
       220         16          0          0          0         84   floor.o
        40          0          0          0          0         68   fpclassify.o
       170          0          0          0          0         96   poly.o
      2540        190        136          0          0        340   pow.o
         0          0          8          0          0          0   qnan.o
        76          0          0          0          0         84   sqrt.o

    ----------------------------------------------------------------------
     19264       1172        662         12        340      12180   Library Totals
        22          0          5          0          4          0   (incl. Padding)

    ----------------------------------------------------------------------

      Code (inc. data)   RO Data    RW Data    ZI Data      Debug   Library Name

     12806        712        513         12        336       9504   c_w.l
      3374        248          0          0          0       1936   fz_ws.l
      3062        212        144          0          0        740   m_ws.l

    ----------------------------------------------------------------------
     19264       1172        662         12        340      12180   Library Totals

    ----------------------------------------------------------------------

==============================================================================


      Code (inc. data)   RO Data    RW Data    ZI Data      Debug   

    171048      28044      12804       2084      36092    1323414   Grand Totals
    171048      28044      12804        240      36092    1323414   ELF Image Totals (compressed)
    171048      28044      12804        240          0          0   ROM Totals

==============================================================================

    Total RO  Size (Code + RO Data)               183852 ( 179.54kB)
    Total RW  Size (RW Data + ZI Data)             38176 (  37.28kB)
    Total ROM Size (Code + RO Data + RW Data)     184092 ( 179.78kB)

==============================================================================

