ARM Linker, 4.1 [Build 791] [Professional]

==============================================================================

Section Cross References

    startup.o(.text) refers to kservice.o(.text) for rt_kprintf
    startup.o(.text) refers to board.o(.text) for rt_hw_board_init
    startup.o(.text) refers to clock.o(.text) for rt_system_tick_init
    startup.o(.text) refers to object.o(.text) for rt_system_object_init
    startup.o(.text) refers to timer.o(.text) for rt_system_timer_init
    startup.o(.text) refers to mem.o(.text) for rt_system_heap_init
    startup.o(.text) refers to scheduler.o(.text) for rt_system_scheduler_init
    startup.o(.text) refers to device.o(.text) for rt_device_init_all
    startup.o(.text) refers to chipminer.o(.text) for rt_application_init
    startup.o(.text) refers to idle.o(.text) for rt_thread_idle_init
    startup.o(.text) refers to context_rvds.o(.text) for rt_hw_interrupt_disable
    chipminer.o(.text) refers to _printf_pad.o(.text) for _printf_pre_padding
    chipminer.o(.text) refers to _printf_percent.o(.ARM.Collect$$_printf_percent$$00000000) for _printf_percent
    chipminer.o(.text) refers to _printf_x.o(.ARM.Collect$$_printf_percent$$0000000C) for _printf_x
    chipminer.o(.text) refers to _printf_hex_int_ll_ptr.o(.text) for _printf_longlong_hex
    chipminer.o(.text) refers to _scanf_int.o(.text) for _scanf_int
    chipminer.o(.text) refers to _printf_s.o(.ARM.Collect$$_printf_percent$$00000014) for _printf_s
    chipminer.o(.text) refers to _printf_str.o(.text) for _printf_str
    chipminer.o(.text) refers to _printf_d.o(.ARM.Collect$$_printf_percent$$00000009) for _printf_d
    chipminer.o(.text) refers to _printf_dec.o(.text) for _printf_int_dec
    chipminer.o(.text) refers to mem.o(.text) for rt_calloc
    chipminer.o(.text) refers to kservice.o(.text) for rt_kprintf
    chipminer.o(.text) refers to __2sprintf.o(.text) for __2sprintf
    chipminer.o(.text) refers to __0sscanf.o(.text) for __0sscanf
    chipminer.o(.text) refers to cjson.o(.text) for cJSON_GetObjectItem
    chipminer.o(.text) refers to strlen.o(.text) for strlen
    chipminer.o(.text) refers to sha2.o(.text) for sha2_starts
    chipminer.o(.text) refers to rt_memcpy_w.o(.text) for __aeabi_memcpy4
    chipminer.o(.text) refers to nanohttp-logging.o(.text) for hlog_error
    chipminer.o(.text) refers to nanohttp-client.o(.text) for httpc_new
    chipminer.o(.text) refers to nanohttp-stream.o(.text) for http_output_stream_write_string
    chipminer.o(.text) refers to nanohttp-response.o(.text) for hresponse_free
    chipminer.o(.text) refers to chipminer.o(.constdata) for .constdata
    chipminer.o(.text) refers to chipminer.o(.data) for .data
    chipminer.o(.text) refers to pthread_mutex.o(.text) for pthread_mutex_lock
    chipminer.o(.text) refers to rt_memclr_w.o(.text) for __aeabi_memclr4
    chipminer.o(.text) refers to thread.o(.text) for rt_thread_delay
    chipminer.o(.text) refers to clock.o(.text) for rt_tick_get
    chipminer.o(.text) refers to fflt_clz.o(x$fpl$ffltu) for __aeabi_ui2f
    chipminer.o(.text) refers to fdiv.o(x$fpl$fdiv) for __aeabi_fdiv
    chipminer.o(.text) refers to f2d.o(x$fpl$f2d) for __aeabi_f2d
    chipminer.o(.text) refers to ddiv.o(x$fpl$ddiv) for __aeabi_ddiv
    chipminer.o(.text) refers to dfixu.o(x$fpl$dfixu) for __aeabi_d2uiz
    chipminer.o(.text) refers to ffltll_clz.o(x$fpl$ffltll) for __aeabi_ul2f
    chipminer.o(.text) refers to device.o(.text) for rt_device_read
    chipminer.o(.text) refers to strncmp.o(.text) for strncmp
    chipminer.o(.text) refers to chipminer.o(.bss) for .bss
    chipminer.o(.text) refers to nanohttp-server.o(.text) for httpd_send_header
    chipminer.o(.text) refers to nanohttp-socket.o(.text) for hsocket_send
    chipminer.o(.text) refers to strcpy.o(.text) for strcpy
    chipminer.o(.text) refers to stm32f10x_flash.o(.text) for FLASH_Unlock
    chipminer.o(.text) refers to shell.o(.text) for strcmp
    chipminer.o(.text) refers to h1_alloc.o(.text) for malloc
    chipminer.o(.text) refers to __2printf.o(.text) for __2printf
    chipminer.o(.text) refers to atoi.o(.text) for atoi
    chipminer.o(.text) refers to h1_free.o(.text) for free
    chipminer.o(.text) refers to ethernetif.o(.text) for get_base_network_info
    chipminer.o(.text) refers to platform.o(.text) for rt_platform_init
    chipminer.o(.text) refers to components.o(.text) for rt_components_init
    chipminer.o(.text) refers to stm32_eth.o(.text) for rt_hw_stm32_eth_init
    chipminer.o(.text) refers to sys_arch.o(.text) for lwip_sys_init
    chipminer.o(FSymTab) refers to chipminer.o(.constdata) for __fsym_guw_name
    chipminer.o(FSymTab) refers to chipminer.o(.constdata) for __fsym_guw_desc
    chipminer.o(FSymTab) refers to chipminer.o(.text) for guw
    chipminer.o(FSymTab) refers to chipminer.o(.constdata) for __fsym_chip_detect_name
    chipminer.o(FSymTab) refers to chipminer.o(.constdata) for __fsym_chip_detect_desc
[...]
    __fsym_list_msgqueue_desc                0x0802beea   Data          29  cmd.o(.constdata)
    __fsym_list_mempool_name                 0x0802bf07   Data          13  cmd.o(.constdata)
    __fsym_list_mempool_desc                 0x0802bf14   Data          27  cmd.o(.constdata)
    __fsym_list_timer_name                   0x0802bf2f   Data          11  cmd.o(.constdata)
    __fsym_list_timer_desc                   0x0802bf3a   Data          21  cmd.o(.constdata)
    __fsym_list_device_name                  0x0802bf4f   Data          12  cmd.o(.constdata)
    __fsym_list_device_desc                  0x0802bf5b   Data          22  cmd.o(.constdata)
    __fsym_list_name                         0x0802bf71   Data           5  cmd.o(.constdata)
    __fsym_list_desc                         0x0802bf76   Data          26  cmd.o(.constdata)
    __vsym_dummy_name                        0x0802bf90   Data           6  cmd.o(.constdata)
    __vsym_dummy_desc                        0x0802bf96   Data          25  cmd.o(.constdata)
    op_table                                 0x0802c088   Data         196  finsh_ops.o(.constdata)
    pthread_default_attr                     0x0802c294   Data          12  pthread_attr.o(.constdata)
    memp_sizes                               0x0802c620   Data          28  memp.o(.constdata)
    tcp_persist_backoff                      0x0802c63c   Data           7  tcp.o(.constdata)
    tcp_state_str                            0x0802c644   Data          44  tcp.o(.constdata)
    tcp_backoff                              0x0802c670   Data          13  tcp.o(.constdata)
    tcp_pcb_lists                            0x0802c680   Data          16  tcp.o(.constdata)
    ip_addr_any                              0x0802c6e8   Data           4  ip_addr.o(.constdata)
    ip_addr_broadcast                        0x0802c6ec   Data           4  ip_addr.o(.constdata)
    ethbroadcast                             0x0802c6f0   Data           6  etharp.o(.constdata)
    ethzero                                  0x0802c6f6   Data           6  etharp.o(.constdata)
    __fsym_set_if_name                       0x0802c740   Data           7  ethernetif.o(.constdata)
    __fsym_set_if_desc                       0x0802c747   Data          30  ethernetif.o(.constdata)
    __fsym_set_dns_name                      0x0802c765   Data           8  ethernetif.o(.constdata)
    __fsym_set_dns_desc                      0x0802c76d   Data          23  ethernetif.o(.constdata)
    __fsym_list_if_name                      0x0802c784   Data           8  ethernetif.o(.constdata)
    __fsym_list_if_desc                      0x0802c78c   Data          35  ethernetif.o(.constdata)
    __fsym_list_tcps_name                    0x0802c7af   Data          10  ethernetif.o(.constdata)
    __fsym_list_tcps_desc                    0x0802c7b9   Data          28  ethernetif.o(.constdata)
    __fsym_ping_name                         0x0802c816   Data           5  ping.o(.constdata)
    __fsym_ping_desc                         0x0802c81b   Data          18  ping.o(.constdata)
    __mathlib_zero                           0x0802cee0   Data           8  qnan.o(.constdata)
    __rt_init_rti_start                      0x0802d1c0   Data           4  components.o(.rti_fn.0)
    __rt_init_rti_board_end                  0x0802d1c4   Data           4  components.o(.rti_fn.1.post)
    __rt_init_rti_end                        0x0802d1c8   Data           4  components.o(.rti_fn.7)
    FSymTab$$Base                            0x0802d1cc   Number         0  chipminer.o(FSymTab)
    __fsym_guw                               0x0802d1cc   Data          12  chipminer.o(FSymTab)
    __fsym_chip_detect                       0x0802d1d8   Data          12  chipminer.o(FSymTab)
    __fsym_chip_scanhash                     0x0802d1e4   Data          12  chipminer.o(FSymTab)
    __fsym_miner                             0x0802d1f0   Data          12  chipminer.o(FSymTab)
    __fsym_dump_settings                     0x0802d1fc   Data          12  chipminer.o(FSymTab)
    __fsym_dump_stinfo                       0x0802d208   Data          12  chipminer.o(FSymTab)
    __fsym_flash_erase                       0x0802d214   Data          12  chipminer.o(FSymTab)
    __fsym_flash_test                        0x0802d220   Data          12  chipminer.o(FSymTab)
    __fsym_load_settings                     0x0802d22c   Data          12  chipminer.o(FSymTab)
    __fsym_list_mem                          0x0802d238   Data          12  mem.o(FSymTab)
    __fsym_mkfs                              0x0802d244   Data          12  dfs_fs.o(FSymTab)
    __fsym_df                                0x0802d250   Data          12  dfs_fs.o(FSymTab)
    __fsym_ls                                0x0802d25c   Data          12  dfs_file.o(FSymTab)
    __fsym_rm                                0x0802d268   Data          12  dfs_file.o(FSymTab)
    __fsym_cat                               0x0802d274   Data          12  dfs_file.o(FSymTab)
    __fsym_copy                              0x0802d280   Data          12  dfs_file.o(FSymTab)
    __fsym_mkdir                             0x0802d28c   Data          12  dfs_posix.o(FSymTab)
    __fsym_hello                             0x0802d298   Data          12  cmd.o(FSymTab)
    __fsym_version                           0x0802d2a4   Data          12  cmd.o(FSymTab)
    __fsym_list_thread                       0x0802d2b0   Data          12  cmd.o(FSymTab)
    __fsym_list_sem                          0x0802d2bc   Data          12  cmd.o(FSymTab)
    __fsym_list_event                        0x0802d2c8   Data          12  cmd.o(FSymTab)
    __fsym_list_mutex                        0x0802d2d4   Data          12  cmd.o(FSymTab)
    __fsym_list_mailbox                      0x0802d2e0   Data          12  cmd.o(FSymTab)
    __fsym_list_msgqueue                     0x0802d2ec   Data          12  cmd.o(FSymTab)
    __fsym_list_mempool                      0x0802d2f8   Data          12  cmd.o(FSymTab)
    __fsym_list_timer                        0x0802d304   Data          12  cmd.o(FSymTab)
    __fsym_list_device                       0x0802d310   Data          12  cmd.o(FSymTab)
    __fsym_list                              0x0802d31c   Data          12  cmd.o(FSymTab)
    __fsym_set_if                            0x0802d328   Data          12  ethernetif.o(FSymTab)
    __fsym_set_dns                           0x0802d334   Data          12  ethernetif.o(FSymTab)
    __fsym_list_if                           0x0802d340   Data          12  ethernetif.o(FSymTab)
    __fsym_list_tcps                         0x0802d34c   Data          12  ethernetif.o(FSymTab)
    __fsym_ping                              0x0802d358   Data          12  ping.o(FSymTab)
    FSymTab$$Limit                           0x0802d364   Number         0  ping.o(FSymTab)
    Region$$Table$$Base                      0x0802d364   Number         0  anon$$obj.o(Region$$Table)
    Region$$Table$$Limit                     0x0802d384   Number         0  anon$$obj.o(Region$$Table)
    VSymTab$$Base                            0x0802d384   Number         0  cmd.o(VSymTab)
    __vsym_dummy                             0x0802d384   Data          16  cmd.o(VSymTab)
    VSymTab$$Limit                           0x0802d394   Number         0  cmd.o(VSymTab)
    __ctype                                  0x0802d3a1   Data           0  lc_ctype_c.o(locale$$data)
    restart_miner                            0x20000008   Data           4  chipminer.o(.data)
    power_on_tick                            0x20000014   Data           4  chipminer.o(.data)
    DMATxDescToSet                           0x20000028   Data           4  stm32_eth.o(.data)
    DMARxDescToGet                           0x2000002c   Data           4  stm32_eth.o(.data)
    DMAPTPTxDescToSet                        0x20000030   Data           4  stm32_eth.o(.data)
    DMAPTPRxDescToGet                        0x20000034   Data           4  stm32_eth.o(.data)
    uart1                                    0x20000038   Data          12  usart.o(.data)
    uart2                                    0x20000044   Data          12  usart.o(.data)
    SystemCoreClock                          0x20000050   Data           4  system_stm32f10x.o(.data)
    AHBPrescTable                            0x20000054   Data          16  system_stm32f10x.o(.data)
    rt_interrupt_nest                        0x20000080   Data           1  irq.o(.data)
    rt_object_trytake_hook                   0x200000bc   Data           4  object.o(.data)
    rt_object_take_hook                      0x200000c0   Data           4  object.o(.data)
    rt_object_put_hook                       0x200000c4   Data           4  object.o(.data)
    rt_object_container                      0x200000c8   Data         144  object.o(.data)
    rt_current_priority                      0x20000158   Data           1  scheduler.o(.data)
    rt_current_thread                        0x2000015c   Data           4  scheduler.o(.data)
    rt_thread_ready_priority_group           0x20000160   Data           4  scheduler.o(.data)
    rt_thread_defunct                        0x20000168   Data           8  scheduler.o(.data)
    rt_interrupt_from_thread                 0x20000180   Data           4  cpuport.o(.data)
    rt_interrupt_to_thread                   0x20000184   Data           4  cpuport.o(.data)
    rt_thread_switch_interrupt_flag          0x20000188   Data           4  cpuport.o(.data)
    finsh_compile_sp                         0x20000190   Data           4  finsh_compiler.o(.data)
    finsh_compile_pc                         0x20000194   Data           4  finsh_compiler.o(.data)
    global_errno                             0x20000198   Data           1  finsh_error.o(.data)
    global_sysvar_list                       0x200001e0   Data           4  finsh_var.o(.data)
    global_syscall_list                      0x200001e4   Data           4  finsh_vm.o(.data)
    finsh_sp                                 0x200001e8   Data           4  finsh_vm.o(.data)
    finsh_pc                                 0x200001ec   Data           4  finsh_vm.o(.data)
    shell                                    0x200001f0   Data           4  shell.o(.data)
    _syscall_table_begin                     0x200001f4   Data           4  symbol.o(.data)
    _syscall_table_end                       0x200001f8   Data           4  symbol.o(.data)
    _sysvar_table_begin                      0x200001fc   Data           4  symbol.o(.data)
    _sysvar_table_end                        0x20000200   Data           4  symbol.o(.data)
    _timevalue                               0x20000204   Data           8  clock_time.o(.data)
    h_errno                                  0x20000224   Data           4  netdb.o(.data)
    netif_list                               0x2000026c   Data           4  netif.o(.data)
    netif_default                            0x20000270   Data           4  netif.o(.data)
    tcp_ticks                                0x20000284   Data           4  tcp.o(.data)
    tcp_bound_pcbs                           0x20000288   Data           4  tcp.o(.data)
    tcp_listen_pcbs                          0x2000028c   Data           4  tcp.o(.data)
    tcp_active_pcbs                          0x20000290   Data           4  tcp.o(.data)
    tcp_tw_pcbs                              0x20000294   Data           4  tcp.o(.data)
    tcp_tmp_pcb                              0x20000298   Data           4  tcp.o(.data)
    tcp_input_pcb                            0x200002b4   Data           4  tcp_in.o(.data)
    udp_pcbs                                 0x200002c0   Data           4  udp.o(.data)
    current_netif                            0x200002c8   Data           4  ip.o(.data)
    current_header                           0x200002cc   Data           4  ip.o(.data)
    current_iphdr_src                        0x200002d0   Data           4  ip.o(.data)
    current_iphdr_dest                       0x200002d4   Data           4  ip.o(.data)
    __aeabi_stdin                            0x20000318   Data           4  stdio_streams.o(.data)
    __aeabi_stdout                           0x2000031c   Data           4  stdio_streams.o(.data)
    __aeabi_stderr                           0x20000320   Data           4  stdio_streams.o(.data)
    MAIN_page                                0x20000410   Data        3667  chipminer.o(.bss)
    chip_settings                            0x20001264   Data         136  chipminer.o(.bss)
    statis_info                              0x200012f0   Data         320  chipminer.o(.bss)
    network_acc_lock                         0x20001430   Data          40  chipminer.o(.bss)
    uart1_int_rx                             0x20003a68   Data         136  usart.o(.bss)
    uart1_device                             0x20003af0   Data          64  usart.o(.bss)
    uart2_device                             0x20003b30   Data          64  usart.o(.bss)
    uart2_int_rx                             0x20003b70   Data         136  usart.o(.bss)
    rt_thread_priority_table                 0x20004198   Data         256  scheduler.o(.bss)
    filesystem_operation_table               0x20004298   Data          16  dfs.o(.bss)
    filesystem_table                         0x200042a8   Data          32  dfs.o(.bss)
    fd_table                                 0x200042ec   Data         128  dfs.o(.bss)
    finsh_heap                               0x20004490   Data         128  finsh_heap.o(.bss)
    global_node_table                        0x20004510   Data         320  finsh_node.o(.bss)
    global_variable                          0x20004650   Data         192  finsh_var.o(.bss)
    finsh_vm_stack                           0x20004710   Data         256  finsh_vm.o(.bss)
    text_segment                             0x20004810   Data         128  finsh_vm.o(.bss)
    _thread_keys                             0x20005930   Data          64  pthread_tls.o(.bss)
    dhcp_rx_options_val                      0x20005a04   Data          40  dhcp.o(.bss)
    dhcp_rx_options_given                    0x20005a2c   Data          10  dhcp.o(.bss)
    __stdin                                  0x2000676c   Data          80  stdio_streams.o(.bss)
    __stdout                                 0x200067bc   Data          80  stdio_streams.o(.bss)
    __stderr                                 0x2000680c   Data          80  stdio_streams.o(.bss)
    __libspace_start                         0x2000685c   Data          96  libspace.o(.bss)
    __temporary_stack_top$libspace           0x200068bc   Data           0  libspace.o(.bss)
    Image$$RW_IRAM1$$ZI$$Limit               0x200078c0   Number         0  startup_stm32f10x_cl.o(STACK)



==============================================================================

Memory Map of the image

  Image Entry point : 0x08000151

  Load Region LR_IROM1 (Base: 0x08000000, Size: 0x0002d7e4, Max: 0x00040000, ABSOLUTE, COMPRESSED[0x0002d59c])

    Execution Region ER_IROM1 (Base: 0x08000000, Size: 0x0002d4c0, Max: 0x00040000, ABSOLUTE)

    Base Addr    Size         Type   Attr      Idx    E Section Name        Object

    0x08000000   0x00000150   Data   RO         1117    RESET               startup_stm32f10x_cl.o
    0x08000150   0x00000008   Code   RO         3703  * !!!main             c_w.l(__main.o)
    0x08000158   0x00000034   Code   RO         4188    !!!scatter          c_w.l(__scatter.o)
    0x0800018c   0x0000005a   Code   RO         4186    !!dczerorl2         c_w.l(__dczerorl2.o)
    0x080001e6   0x00000002   PAD
    0x080001e8   0x0000001c   Code   RO         4190    !!handler_zi        c_w.l(__scatter_zi.o)
    0x08000204   0x00000000   Code   RO         3636    .ARM.Collect$$_printf_percent$$00000000  c_w.l(_printf_percent.o)
    0x08000204   0x00000006   Code   RO         3630    .ARM.Collect$$_printf_percent$$00000001  c_w.l(_printf_n.o)
    0x0800020a   0x00000006   Code   RO         3632    .ARM.Collect$$_printf_percent$$00000002  c_w.l(_printf_p.o)
    0x08000210   0x00000006   Code   RO         3634    .ARM.Collect$$_printf_percent$$00000003  c_w.l(_printf_f.o)
    0x08000216   0x00000006   Code   RO         3635    .ARM.Collect$$_printf_percent$$00000004  c_w.l(_printf_e.o)
    0x0800021c   0x00000006   Code   RO         3836    .ARM.Collect$$_printf_percent$$00000005  c_w.l(_printf_g.o)
    0x08000222   0x00000006   Code   RO         3837    .ARM.Collect$$_printf_percent$$00000006  c_w.l(_printf_a.o)
    0x08000228   0x0000000a   Code   RO         3842    .ARM.Collect$$_printf_percent$$00000007  c_w.l(_printf_ll.o)
    0x08000232   0x00000006   Code   RO         3834    .ARM.Collect$$_printf_percent$$00000008  c_w.l(_printf_i.o)
    0x08000238   0x00000006   Code   RO         3633    .ARM.Collect$$_printf_percent$$00000009  c_w.l(_printf_d.o)
    0x0800023e   0x00000006   Code   RO         3835    .ARM.Collect$$_printf_percent$$0000000A  c_w.l(_printf_u.o)
    0x08000244   0x00000006   Code   RO         3833    .ARM.Collect$$_printf_percent$$0000000B  c_w.l(_printf_o.o)
    0x0800024a   0x00000006   Code   RO         3631    .ARM.Collect$$_printf_percent$$0000000C  c_w.l(_printf_x.o)
    0x08000250   0x00000006   Code   RO         3839    .ARM.Collect$$_printf_percent$$0000000D  c_w.l(_printf_lli.o)
    0x08000256   0x00000006   Code   RO         3840    .ARM.Collect$$_printf_percent$$0000000E  c_w.l(_printf_lld.o)
    0x0800025c   0x00000006   Code   RO         3841    .ARM.Collect$$_printf_percent$$0000000F  c_w.l(_printf_llu.o)
    0x08000262   0x00000006   Code   RO         3846    .ARM.Collect$$_printf_percent$$00000010  c_w.l(_printf_llo.o)
    0x08000268   0x00000006   Code   RO         3847    .ARM.Collect$$_printf_percent$$00000011  c_w.l(_printf_llx.o)
    0x0800026e   0x0000000a   Code   RO         3843    .ARM.Collect$$_printf_percent$$00000012  c_w.l(_printf_l.o)
    0x08000278   0x00000006   Code   RO         3832    .ARM.Collect$$_printf_percent$$00000013  c_w.l(_printf_c.o)
    0x0800027e   0x00000006   Code   RO         3629    .ARM.Collect$$_printf_percent$$00000014  c_w.l(_printf_s.o)
    0x08000284   0x00000006   Code   RO         3844    .ARM.Collect$$_printf_percent$$00000015  c_w.l(_printf_lc.o)
    0x0800028a   0x00000006   Code   RO         3845    .ARM.Collect$$_printf_percent$$00000016  c_w.l(_printf_ls.o)
    0x08000290   0x00000004   Code   RO         3838    .ARM.Collect$$_printf_percent$$00000017  c_w.l(_printf_percent_end.o)
    0x08000294   0x00000006   Code   RO         4128    .ARM.Collect$$libinit$$00000000  c_w.l(libinit.o)
    0x0800029a   0x00000008   Code   RO         3882    .ARM.Collect$$libinit$$00000001  c_w.l(libinit2.o)
    0x080002a2   0x00000000   Code   RO         3884    .ARM.Collect$$libinit$$00000006  c_w.l(libinit2.o)
    0x080002a2   0x00000000   Code   RO         3886    .ARM.Collect$$libinit$$00000008  c_w.l(libinit2.o)
    0x080002a2   0x00000000   Code   RO         3888    .ARM.Collect$$libinit$$0000000A  c_w.l(libinit2.o)
    0x080002a2   0x00000006   Code   RO         3889    .ARM.Collect$$libinit$$0000000B  c_w.l(libinit2.o)
    0x080002a8   0x00000000   Code   RO         3891    .ARM.Collect$$libinit$$0000000D  c_w.l(libinit2.o)
    0x080002a8   0x0000000c   Code   RO         3892    .ARM.Collect$$libinit$$0000000E  c_w.l(libinit2.o)
    0x080002b4   0x00000000   Code   RO         3893    .ARM.Collect$$libinit$$0000000F  c_w.l(libinit2.o)
    0x080002b4   0x00000000   Code   RO         3895    .ARM.Collect$$libinit$$00000011  c_w.l(libinit2.o)
    0x080002b4   0x0000000a   Code   RO         3896    .ARM.Collect$$libinit$$00000012  c_w.l(libinit2.o)
    0x080002be   0x00000000   Code   RO         3897    .ARM.Collect$$libinit$$00000013  c_w.l(libinit2.o)
    0x080002be   0x00000000   Code   RO         3899    .ARM.Collect$$libinit$$00000015  c_w.l(libinit2.o)
    0x080002be   0x00000000   Code   RO         3901    .ARM.Collect$$libinit$$00000017  c_w.l(libinit2.o)
    0x080002be   0x00000000   Code   RO         3903    .ARM.Collect$$libinit$$00000019  c_w.l(libinit2.o)
    0x080002be   0x00000000   Code   RO         3905    .ARM.Collect$$libinit$$0000001B  c_w.l(libinit2.o)
    0x080002be   0x00000000   Code   RO         3907    .ARM.Collect$$libinit$$0000001D  c_w.l(libinit2.o)
    0x080002be   0x00000000   Code   RO         3909    .ARM.Collect$$libinit$$0000001F  c_w.l(libinit2.o)
    0x080002be   0x00000004   Code   RO         3910    .ARM.Collect$$libinit$$00000020  c_w.l(libinit2.o)
    0x080002c2   0x00000000   Code   RO         3911    .ARM.Collect$$libinit$$00000021  c_w.l(libinit2.o)
    0x080002c2   0x00000000   Code   RO         3915    .ARM.Collect$$libinit$$00000028  c_w.l(libinit2.o)
    0x080002c2   0x00000000   Code   RO         3917    .ARM.Collect$$libinit$$0000002A  c_w.l(libinit2.o)
    0x080002c2   0x00000000   Code   RO         3919    .ARM.Collect$$libinit$$0000002C  c_w.l(libinit2.o)
    0x080002c2   0x00000000   Code   RO         3921    .ARM.Collect$$libinit$$0000002E  c_w.l(libinit2.o)
    0x080002c2   0x00000002   Code   RO         3922    .ARM.Collect$$libinit$$0000002F  c_w.l(libinit2.o)
    0x080002c4   0x00000002   Code   RO         4183    .ARM.Collect$$libshutdown$$00000000  c_w.l(libshutdown.o)
    0x080002c6   0x00000004   Code   RO         4061    .ARM.Collect$$libshutdown$$00000002  c_w.l(libshutdown2.o)
    0x080002ca   0x00000000   Code   RO         4062    .ARM.Collect$$libshutdown$$00000003  c_w.l(libshutdown2.o)
    0x080002ca   0x00000000   Code   RO         4065    .ARM.Collect$$libshutdown$$00000006  c_w.l(libshutdown2.o)
    0x080002ca   0x00000000   Code   RO         4068    .ARM.Collect$$libshutdown$$00000009  c_w.l(libshutdown2.o)
    0x080002ca   0x00000000   Code   RO         4070    .ARM.Collect$$libshutdown$$0000000B  c_w.l(libshutdown2.o)
    0x080002ca   0x00000000   Code   RO         4073    .ARM.Collect$$libshutdown$$0000000E  c_w.l(libshutdown2.o)
    0x080002ca   0x00000002   Code   RO         4074    .ARM.Collect$$libshutdown$$0000000F  c_w.l(libshutdown2.o)
    0x080002cc   0x00000000   Code   RO         3770    .ARM.Collect$$rtentry$$00000000  c_w.l(rtentry.o)
    0x080002cc   0x00000000   Code   RO         3957    .ARM.Collect$$rtentry$$00000002  c_w.l(rtentry2.o)
    0x080002cc   0x00000006   Code   RO         3969    .ARM.Collect$$rtentry$$00000004  c_w.l(rtentry4.o)
    0x080002d2   0x00000000   Code   RO         3959    .ARM.Collect$$rtentry$$00000009  c_w.l(rtentry2.o)
    0x080002d2   0x00000004   Code   RO         3960    .ARM.Collect$$rtentry$$0000000A  c_w.l(rtentry2.o)
    0x080002d6   0x00000000   Code   RO         3962    .ARM.Collect$$rtentry$$0000000C  c_w.l(rtentry2.o)
    0x080002d6   0x00000008   Code   RO         3963    .ARM.Collect$$rtentry$$0000000D  c_w.l(rtentry2.o)
    0x080002de   0x00000002   Code   RO         4131    .ARM.Collect$$rtexit$$00000000  c_w.l(rtexit.o)
    0x080002e0   0x00000000   Code   RO         4154    .ARM.Collect$$rtexit$$00000002  c_w.l(rtexit2.o)
    0x080002e0   0x00000004   Code   RO         4155    .ARM.Collect$$rtexit$$00000003  c_w.l(rtexit2.o)
    0x080002e4   0x00000006   Code   RO         4156    .ARM.Collect$$rtexit$$00000004  c_w.l(rtexit2.o)
    0x080002ea   0x00000002   PAD
    0x080002ec   0x00000000   Code   RO         3978    .emb_text           c_w.l(maybetermalloc1.o)
    0x080002ec   0x000000e0   Code   RO            3    .text               startup.o
    0x080003cc   0x0000002c   Code   RO          135    .text               retarget.o
    0x080003f8   0x00001e20   Code   RO          157    .text               chipminer.o
    0x08002218   0x00001e00   Code   RO          359    .text               sha2.o
    0x08004018   0x0000006c   Code   RO          382    .text               board.o
    0x08004084   0x00000094   Code   RO          431    .text               platform.o
    0x08004118   0x0000022c   Code   RO          466    .text               rt_stm32f10x_spi.o
    0x08004344   0x00000524   Code   RO          488    .text               serial.o
    0x08004868   0x00001c74   Code   RO          512    .text               stm32_eth.o
    0x080064dc   0x00000040   Code   RO          568    .text               stm32f10x_it.o
    0x0800651c   0x000001a0   Code   RO          592    .text               usart.o
    0x080066bc   0x000001a8   Code   RO          618    .text               system_stm32f10x.o
    0x08006864   0x00000930   Code   RO          664    .text               stm32f10x_rcc.o
    0x08007194   0x00000864   Code   RO          910    .text               stm32f10x_spi.o
    0x080079f8   0x00000614   Code   RO          930    .text               stm32f10x_flash.o
    0x0800800c   0x00000954   Code   RO          974    .text               stm32f10x_gpio.o
    0x08008960   0x00000c14   Code   RO          994    .text               stm32f10x_usart.o
    0x08009574   0x0000080c   Code   RO         1034    .text               stm32f10x_dma.o
    0x08009d80   0x0000019c   Code   RO         1097    .text               misc.o
    0x08009f1c   0x00000040   Code   RO         1118    .text               startup_stm32f10x_cl.o
    0x08009f5c   0x00000060   Code   RO         1122    .text               clock.o
    0x08009fbc   0x00000344   Code   RO         1136    .text               device.o
    0x0800a300   0x00000140   Code   RO         1150    .text               idle.o
    0x0800a440   0x00001464   Code   RO         1170    .text               ipc.o
    0x0800b8a4   0x00000038   Code   RO         1187    .text               irq.o
    0x0800b8dc   0x00000780   Code   RO         1202    .text               kservice.o
    0x0800c05c   0x0000079c   Code   RO         1220    .text               mem.o
    0x0800c7f8   0x0000039c   Code   RO         1244    .text               mempool.o
    0x0800cb94   0x000002cc   Code   RO         1262    .text               object.o
    0x0800ce60   0x00000288   Code   RO         1282    .text               scheduler.o
    0x0800d0e8   0x000005dc   Code   RO         1303    .text               thread.o
    0x0800d6c4   0x00000390   Code   RO         1320    .text               timer.o
    0x0800da54   0x00000198   Code   RO         1339    .text               cpuport.o
    0x0800dbec   0x000000d4   Code   RO         1358    .text               context_rvds.o
    0x0800dcc0   0x00000370   Code   RO         1396    .text               dfs.o
    0x0800e030   0x000004e8   Code   RO         1431    .text               dfs_fs.o
    0x0800e518   0x000005ac   Code   RO         1470    .text               dfs_file.o
    0x0800eac4   0x00000450   Code   RO         1498    .text               dfs_posix.o
    0x0800ef14   0x000005ac   Code   RO         1567    .text               spi_core.o
    0x0800f4c0   0x000002c0   Code   RO         1580    .text               spi_dev.o
    0x0800f780   0x00000ac8   Code   RO         1593    .text               cmd.o
    0x08010248   0x0000077c   Code   RO         1653    .text               finsh_compiler.o
    0x080109c4   0x00000024   Code   RO         1690    .text               finsh_error.o
    0x080109e8   0x000001a8   Code   RO         1706    .text               finsh_heap.o
    0x08010b90   0x0000004c   Code   RO         1723    .text               finsh_init.o
    0x08010bdc   0x0000014c   Code   RO         1741    .text               finsh_node.o
    0x08010d28   0x000004e0   Code   RO         1756    .text               finsh_ops.o
    0x08011208   0x00000762   Code   RO         1774    .text               finsh_parser.o
    0x0801196a   0x00000002   PAD
    0x0801196c   0x000004f8   Code   RO         1789    .text               finsh_token.o
    0x08011e64   0x00000160   Code   RO         1804    .text               finsh_var.o
    0x08011fc4   0x000000b0   Code   RO         1827    .text               finsh_vm.o
    0x08012074   0x0000061c   Code   RO         1854    .text               shell.o
    0x08012690   0x00000040   Code   RO         1892    .text               components.o
    0x080126d0   0x000001a0   Code   RO         1922    .text               clock_time.o
    0x08012870   0x00000260   Code   RO         1953    .text               mqueue.o
    0x08012ad0   0x000005a0   Code   RO         1974    .text               pthread.o
    0x08013070   0x0000029c   Code   RO         1995    .text               pthread_attr.o
    0x0801330c   0x000001b4   Code   RO         2041    .text               pthread_mutex.o
    0x080134c0   0x000001bc   Code   RO         2081    .text               pthread_tls.o
    0x0801367c   0x000002f0   Code   RO         2109    .text               semaphore.o
    0x0801396c   0x00000a04   Code   RO         2127    .text               api_lib.o
    0x08014370   0x00001448   Code   RO         2203    .text               api_msg.o
    0x080157b8   0x00000304   Code   RO         2275    .text               netbuf.o
    0x08015abc   0x00000234   Code   RO         2294    .text               netdb.o
    0x08015cf0   0x000000ca   Code   RO         2334    .text               netifapi.o
    0x08015dba   0x00000002   PAD
    0x08015dbc   0x0000154c   Code   RO         2382    .text               sockets.o
    0x08017308   0x00000308   Code   RO         2437    .text               tcpip.o
    0x08017610   0x000006e8   Code   RO         2494    .text               sys_arch.o
    0x08017cf8   0x00000010   Code   RO         2531    .text               def.o
    0x08017d08   0x00001454   Code   RO         2544    .text               dhcp.o
    0x0801915c   0x00000600   Code   RO         2579    .text               dns.o
    0x0801975c   0x00000028   Code   RO         2607    .text               init.o
    0x08019784   0x00000064   Code   RO         2650    .text               memp.o
    0x080197e8   0x0000023c   Code   RO         2690    .text               netif.o
    0x08019a24   0x00000cc2   Code   RO         2734    .text               pbuf.o
    0x0801a6e6   0x00000002   PAD
    0x0801a6e8   0x000001d0   Code   RO         2779    .text               raw.o
    0x0801a8b8   0x00000e24   Code   RO         2811    .text               tcp.o
    0x0801b6dc   0x000014e0   Code   RO         2839    .text               tcp_in.o
    0x0801cbbc   0x00000f9c   Code   RO         2865    .text               tcp_out.o
    0x0801db58   0x00000264   Code   RO         2878    .text               timers.o
    0x0801ddbc   0x00000454   Code   RO         2922    .text               udp.o
    0x0801e210   0x00000330   Code   RO         2958    .text               icmp.o
    0x0801e540   0x00000228   Code   RO         2982    .text               inet_chksum.o
    0x0801e768   0x00000318   Code   RO         2994    .text               ip.o
    0x0801ea80   0x00000234   Code   RO         3022    .text               ip_addr.o
    0x0801ecb4   0x00000978   Code   RO         3055    .text               etharp.o
    0x0801f62c   0x00000ab4   Code   RO         3084    .text               ethernetif.o
    0x080200e0   0x00000214   Code   RO         3160    .text               ping.o
    0x080202f4   0x00000128   Code   RO         3182    .text               nanohttp-base64.o
    0x0802041c   0x000008a0   Code   RO         3202    .text               nanohttp-client.o
    0x08020cbc   0x000007d0   Code   RO         3270    .text               nanohttp-common.o
    0x0802148c   0x0000013c   Code   RO         3290    .text               nanohttp-logging.o
    0x080215c8   0x00000af6   Code   RO         3305    .text               nanohttp-mime.o
    0x080220be   0x00000002   PAD
    0x080220c0   0x000003bc   Code   RO         3325    .text               nanohttp-request.o
    0x0802247c   0x0000037c   Code   RO         3347    .text               nanohttp-response.o
    0x080227f8   0x000011b4   Code   RO         3363    .text               nanohttp-server.o
    0x080239ac   0x00000684   Code   RO         3397    .text               nanohttp-socket.o
    0x08024030   0x000000a4   Code   RO         3430    .text               nanohttp-ssl.o
    0x080240d4   0x00000714   Code   RO         3445    .text               nanohttp-stream.o
    0x080247e8   0x00000fa4   Code   RO         3461    .text               cjson.o
    0x0802578c   0x00000012   Code   RO         3492    .text               c_w.l(sys_remove.o)
    0x0802579e   0x0000005e   Code   RO         3498    .text               c_w.l(h1_alloc.o)
    0x080257fc   0x0000004e   Code   RO         3500    .text               c_w.l(h1_free.o)
    0x0802584a   0x0000001a   Code   RO         3556    .text               c_w.l(tolower.o)
    0x08025864   0x0000001e   Code   RO         3558    .text               c_w.l(toupper.o)
    0x08025882   0x00000002   PAD
    0x08025884   0x00000024   Code   RO         3560    .text               c_w.l(c89vsprintf.o)
    0x080258a8   0x00000018   Code   RO         3562    .text               c_w.l(__2printf.o)
    0x080258c0   0x00000014   Code   RO         3564    .text               c_w.l(__2fprintf.o)
    0x080258d4   0x0000002c   Code   RO         3566    .text               c_w.l(__2sprintf.o)
    0x08025900   0x00000038   Code   RO         3568    .text               c_w.l(__2snprintf.o)
    0x08025938   0x00000052   Code   RO         3580    .text               c_w.l(_printf_pad.o)
    0x0802598a   0x00000052   Code   RO         3582    .text               c_w.l(_printf_str.o)
    0x080259dc   0x00000078   Code   RO         3584    .text               c_w.l(_printf_dec.o)
    0x08025a54   0x0000002a   Code   RO         3586    .text               c_w.l(_printf_charcount.o)
    0x08025a7e   0x00000002   PAD
    0x08025a80   0x0000009c   Code   RO         3606    .text               c_w.l(_printf_hex_int_ll_ptr.o)
    0x08025b1c   0x0000018c   Code   RO         3626    .text               c_w.l(__printf_flags_ss_wp.o)
    0x08025ca8   0x0000003c   Code   RO         3637    .text               c_w.l(__0sscanf.o)
    0x08025ce4   0x00000150   Code   RO         3639    .text               c_w.l(_scanf_int.o)
    0x08025e34   0x0000001a   Code   RO         3641    .text               c_w.l(atoi.o)
    0x08025e4e   0x0000001a   Code   RO         3643    .text               c_w.l(atol.o)
    0x08025e68   0x00000070   Code   RO         3645    .text               c_w.l(strtol.o)
    0x08025ed8   0x00000008   Code   RO         3647    .text               c_w.l(feof.o)
    0x08025ee0   0x000000ec   Code   RO         3653    .text               c_w.l(fopen.o)
    0x08025fcc   0x0000004c   Code   RO         3661    .text               c_w.l(fclose.o)
    0x08026018   0x00000108   Code   RO         3669    .text               c_w.l(strerror.o)
    0x08026120   0x00000004   Code   RO         3671    .text               c_w.l(strtok_r.o)
    0x08026124   0x00000014   Code   RO         3673    .text               c_w.l(strchr.o)
    0x08026138   0x00000024   Code   RO         3675    .text               c_w.l(strstr.o)
    0x0802615c   0x00000048   Code   RO         3677    .text               c_w.l(strcpy.o)
    0x080261a4   0x00000032   Code   RO         3679    .text               c_w.l(strncasecmp.o)
    0x080261d6   0x0000003e   Code   RO         3681    .text               c_w.l(strlen.o)
    0x08026214   0x00000096   Code   RO         3683    .text               c_w.l(strncmp.o)
    0x080262aa   0x00000018   Code   RO         3685    .text               c_w.l(strcat.o)
    0x080262c2   0x0000008a   Code   RO         3687    .text               c_w.l(rt_memcpy_v6.o)
    0x0802634c   0x00000064   Code   RO         3689    .text               c_w.l(rt_memcpy_w.o)
    0x080263b0   0x00000044   Code   RO         3693    .text               c_w.l(rt_memclr.o)
    0x080263f4   0x0000004e   Code   RO         3695    .text               c_w.l(rt_memclr_w.o)
    0x08026442   0x00000056   Code   RO         3697    .text               c_w.l(strncpy.o)
    0x08026498   0x00000006   Code   RO         3701    .text               c_w.l(heapauxi.o)
    0x0802649e   0x00000002   Code   RO         3765    .text               c_w.l(use_no_semi.o)
    0x080264a0   0x00000000   Code   RO         3769    .text               c_w.l(indicate_semi.o)
    0x080264a0   0x00000010   Code   RO         3771    .text               c_w.l(rt_ctype_table.o)
    0x080264b0   0x00000008   Code   RO         3776    .text               c_w.l(rt_heap_descriptor_intlibspace.o)
    0x080264b8   0x00000008   Code   RO         3781    .text               c_w.l(rt_errno_addr_intlibspace.o)
    0x080264c0   0x00000004   Code   RO         3783    .text               c_w.l(hguard.o)
    0x080264c4   0x0000008a   Code   RO         3785    .text               c_w.l(init_alloc.o)
    0x0802654e   0x0000000e   Code   RO         3789    .text               c_w.l(h1_init.o)
    0x0802655c   0x00000016   Code   RO         3803    .text               c_w.l(_rserrno.o)
    0x08026572   0x00000024   Code   RO         3805    .text               c_w.l(_printf_truncate.o)
    0x08026596   0x000000b8   Code   RO         3807    .text               c_w.l(_printf_intcommon.o)
    0x0802664e   0x0000041e   Code   RO         3809    .text               c_w.l(_printf_fp_dec.o)
    0x08026a6c   0x00000030   Code   RO         3811    .text               c_w.l(_printf_char_common.o)
    0x08026a9c   0x0000000a   Code   RO         3813    .text               c_w.l(_sputc.o)
    0x08026aa6   0x00000010   Code   RO         3815    .text               c_w.l(_snputc.o)
    0x08026ab6   0x0000002c   Code   RO         3817    .text               c_w.l(_printf_char.o)
    0x08026ae2   0x00000002   PAD
    0x08026ae4   0x00000024   Code   RO         3819    .text               c_w.l(_printf_char_file.o)
    0x08026b08   0x000000bc   Code   RO         3821    .text               c_w.l(_printf_wctomb.o)
    0x08026bc4   0x00000078   Code   RO         3824    .text               c_w.l(_printf_longlong_dec.o)
    0x08026c3c   0x00000078   Code   RO         3830    .text               c_w.l(_printf_oct_int_ll.o)
    0x08026cb4   0x0000001c   Code   RO         3848    .text               c_w.l(_chval.o)
    0x08026cd0   0x00000030   Code   RO         3850    .text               c_w.l(scanf_char.o)
    0x08026d00   0x00000040   Code   RO         3852    .text               c_w.l(_sgetc.o)
    0x08026d40   0x0000009e   Code   RO         3854    .text               c_w.l(_strtoul.o)
    0x08026dde   0x00000002   PAD
    0x08026de0   0x000000f8   Code   RO         3864    .text               c_w.l(fseek.o)
    0x08026ed8   0x000000f0   Code   RO         3866    .text               c_w.l(stdio.o)
    0x08026fc8   0x00000138   Code   RO         3869    .text               c_w.l(initio.o)
    0x08027100   0x00000044   Code   RO         3877    .text               c_w.l(strtok_int.o)
    0x08027144   0x00000008   Code   RO         3953    .text               c_w.l(libspace.o)
    0x0802714c   0x00000008   Code   RO         3974    .text               c_w.l(rt_locale_intlibspace.o)
    0x08027154   0x00000034   Code   RO         3980    .text               c_w.l(h1_extend.o)
    0x08027188   0x0000008a   Code   RO         3984    .text               c_w.l(lludiv10.o)
    0x08027212   0x00000012   Code   RO         3986    .text               c_w.l(isspace.o)
    0x08027224   0x00000080   Code   RO         3988    .text               c_w.l(_printf_fp_infnan.o)
    0x080272a4   0x0000002c   Code   RO         3992    .text               c_w.l(_printf_wchar.o)
    0x080272d0   0x00000378   Code   RO         3994    .text               c_w.l(_scanf.o)
    0x08027648   0x000000e4   Code   RO         3996    .text               c_w.l(bigflt0.o)
    0x0802772c   0x00000008   Code   RO         4021    .text               c_w.l(ferror.o)
    0x08027734   0x00000242   Code   RO         4023    .text               c_w.l(filbuf.o)
    0x08027976   0x000001e0   Code   RO         4025    .text               c_w.l(flsbuf.o)
    0x08027b56   0x00000046   Code   RO         4027    .text               c_w.l(ftell.o)
    0x08027b9c   0x00000046   Code   RO         4029    .text               c_w.l(setvbuf.o)
    0x08027be2   0x00000040   Code   RO         4035    .text               c_w.l(_wcrtomb.o)
    0x08027c22   0x0000000e   Code   RO         4043    .text               c_w.l(defsig_rtred_outer.o)
    0x08027c30   0x0000000e   Code   RO         4047    .text               c_w.l(defsig_rtmem_outer.o)
    0x08027c3e   0x00000020   Code   RO         4051    .text               c_w.l(strcspn.o)
    0x08027c5e   0x0000001c   Code   RO         4053    .text               c_w.l(strspn.o)
    0x08027c7a   0x0000004a   Code   RO         4085    .text               c_w.l(sys_stackheap_outer.o)
    0x08027cc4   0x0000011c   Code   RO         4093    .text               c_w.l(freadfast.o)
    0x08027de0   0x000000c0   Code   RO         4097    .text               c_w.l(fwritefast.o)
    0x08027ea0   0x00000034   Code   RO         4099    .text               c_w.l(flushlinebuffered.o)
    0x08027ed4   0x0000000c   Code   RO         4109    .text               c_w.l(exit.o)
    0x08027ee0   0x0000000a   Code   RO         4111    .text               c_w.l(defsig_exit.o)
    0x08027eea   0x00000002   PAD
    0x08027eec   0x00000034   Code   RO         4113    .text               c_w.l(defsig_rtred_inner.o)
    0x08027f20   0x00000050   Code   RO         4115    .text               c_w.l(defsig_rtmem_inner.o)
    0x08027f70   0x00000064   Code   RO         4137    .text               c_w.l(fflush.o)
    0x08027fd4   0x00000032   Code   RO         4147    .text               c_w.l(defsig_general.o)
    0x08028006   0x00000002   PAD
    0x08028008   0x00000008   Code   RO         4163    .text               c_w.l(rt_fp_status_addr_intlibspace.o)
    0x08028010   0x0000003e   Code   RO         3999    CL$$btod_d2e        c_w.l(btod.o)
    0x0802804e   0x00000046   Code   RO         4001    CL$$btod_d2e_denorm_low  c_w.l(btod.o)
    0x08028094   0x00000060   Code   RO         4000    CL$$btod_d2e_norm_op1  c_w.l(btod.o)
    0x080280f4   0x00000338   Code   RO         4009    CL$$btod_div_common  c_w.l(btod.o)
    0x0802842c   0x000000c6   Code   RO         4006    CL$$btod_e2e        c_w.l(btod.o)
    0x080284f2   0x00000028   Code   RO         4003    CL$$btod_ediv       c_w.l(btod.o)
    0x0802851a   0x00000028   Code   RO         4002    CL$$btod_emul       c_w.l(btod.o)
    0x08028542   0x00000244   Code   RO         4008    CL$$btod_mult_common  c_w.l(btod.o)
    0x08028786   0x00000028   Code   RO         3938    i.__ARM_fpclassify  m_ws.l(fpclassify.o)
    0x080287ae   0x000000aa   Code   RO         3940    i.__kernel_poly     m_ws.l(poly.o)
    0x08028858   0x00000010   Code   RO         3936    i.__mathlib_dbl_underflow  m_ws.l(dunder.o)
    0x08028868   0x0000000e   Code   RO         3619    i._is_digit         c_w.l(__printf_wp.o)
    0x08028876   0x00000002   PAD
    0x08028878   0x000000dc   Code   RO         3752    i.floor             m_ws.l(floor.o)
    0x08028954   0x0000001a   Code   RO         3861    i.fputc             c_w.l(fputc.o)
    0x0802896e   0x00000002   PAD
    0x08028970   0x000009ec   Code   RO         3756    i.pow               m_ws.l(pow.o)
    0x0802935c   0x0000004c   Code   RO         3944    i.sqrt              m_ws.l(sqrt.o)
    0x080293a8   0x0000002c   Code   RO         4038    locale$$code        c_w.l(lc_ctype_c.o)
    0x080293d4   0x0000002c   Code   RO         4041    locale$$code        c_w.l(lc_numeric_c.o)
    0x08029400   0x00000150   Code   RO         3705    x$fpl$dadd          fz_ws.l(daddsub_clz.o)
    0x08029550   0x00000010   Code   RO         4079    x$fpl$dcheck1       fz_ws.l(dcheck1.o)
    0x08029560   0x00000018   Code   RO         3923    x$fpl$dcmpinf       fz_ws.l(dcmpi.o)
    0x08029578   0x000002b0   Code   RO         3712    x$fpl$ddiv          fz_ws.l(ddiv.o)
    0x08029828   0x0000005e   Code   RO         3715    x$fpl$dfix          fz_ws.l(dfix.o)
    0x08029886   0x00000002   PAD
    0x08029888   0x0000005a   Code   RO         3719    x$fpl$dfixu         fz_ws.l(dfixu.o)
    0x080298e2   0x0000002e   Code   RO         3724    x$fpl$dflt          fz_ws.l(dflt_clz.o)
    0x08029910   0x00000078   Code   RO         3729    x$fpl$dleqf         fz_ws.l(dleqf.o)
    0x08029988   0x00000154   Code   RO         3731    x$fpl$dmul          fz_ws.l(dmul.o)
    0x08029adc   0x0000009c   Code   RO         3925    x$fpl$dnaninf       fz_ws.l(dnaninf.o)
    0x08029b78   0x0000000c   Code   RO         3927    x$fpl$dretinf       fz_ws.l(dretinf.o)
    0x08029b84   0x0000006c   Code   RO         3733    x$fpl$drleqf        fz_ws.l(drleqf.o)
    0x08029bf0   0x00000016   Code   RO         3706    x$fpl$drsb          fz_ws.l(daddsub_clz.o)
    0x08029c06   0x00000002   PAD
    0x08029c08   0x000001cc   Code   RO         4081    x$fpl$dsqrt         fz_ws.l(dsqrt_noumaal.o)
    0x08029dd4   0x000001d4   Code   RO         3707    x$fpl$dsub          fz_ws.l(daddsub_clz.o)
    0x08029fa8   0x00000056   Code   RO         3735    x$fpl$f2d           fz_ws.l(f2d.o)
    0x08029ffe   0x00000002   PAD
    0x0802a000   0x00000184   Code   RO         3738    x$fpl$fdiv          fz_ws.l(fdiv.o)
    0x0802a184   0x00000060   Code   RO         3747    x$fpl$ffltll        fz_ws.l(ffltll_clz.o)
    0x0802a1e4   0x00000026   Code   RO         3741    x$fpl$ffltu         fz_ws.l(fflt_clz.o)
    0x0802a20a   0x0000008c   Code   RO         3929    x$fpl$fnaninf       fz_ws.l(fnaninf.o)
    0x0802a296   0x0000000e   Code   RO         4149    x$fpl$fpinit        fz_ws.l(fpinit.o)
    0x0802a2a4   0x0000000a   Code   RO         3931    x$fpl$fretinf       fz_ws.l(fretinf.o)
    0x0802a2ae   0x00000004   Code   RO         3749    x$fpl$printf1       fz_ws.l(printf1.o)
    0x0802a2b2   0x00000064   Code   RO         4129    x$fpl$retnan        fz_ws.l(retnan.o)
    0x0802a316   0x0000005c   Code   RO         3933    x$fpl$scalbn        fz_ws.l(scalbn.o)
    0x0802a372   0x00000030   Code   RO         4151    x$fpl$trapveneer    fz_ws.l(trapv.o)
    0x0802a3a2   0x00000000   Code   RO         3935    x$fpl$usenofp       fz_ws.l(usenofp.o)
    0x0802a3a2   0x00000006   Data   RO          136    .constdata          retarget.o
    0x0802a3a8   0x00000007   Data   RO          137    .constdata          retarget.o
    0x0802a3af   0x00000007   Data   RO          138    .constdata          retarget.o
    0x0802a3b6   0x00000004   Data   RO          159    .constdata          chipminer.o
    0x0802a3ba   0x0000000e   Data   RO          160    .constdata          chipminer.o
    0x0802a3c8   0x0000000c   Data   RO          161    .constdata          chipminer.o
    0x0802a3d4   0x00000011   Data   RO          162    .constdata          chipminer.o
    0x0802a3e5   0x0000000e   Data   RO          163    .constdata          chipminer.o
    0x0802a3f3   0x00000013   Data   RO          164    .constdata          chipminer.o
    0x0802a406   0x00000006   Data   RO          165    .constdata          chipminer.o
    0x0802a40c   0x00000014   Data   RO          166    .constdata          chipminer.o
    0x0802a420   0x0000000e   Data   RO          167    .constdata          chipminer.o
    0x0802a42e   0x0000000e   Data   RO          168    .constdata          chipminer.o
    0x0802a43c   0x0000000c   Data   RO          169    .constdata          chipminer.o
    0x0802a448   0x00000011   Data   RO          170    .constdata          chipminer.o
    0x0802a459   0x0000000c   Data   RO          171    .constdata          chipminer.o
    0x0802a465   0x00000016   Data   RO          172    .constdata          chipminer.o
    0x0802a47b   0x0000000b   Data   RO          173    .constdata          chipminer.o
    0x0802a486   0x00000016   Data   RO          174    .constdata          chipminer.o
    0x0802a49c   0x0000000e   Data   RO          175    .constdata          chipminer.o
    0x0802a4aa   0x00000015   Data   RO          176    .constdata          chipminer.o
    0x0802a4bf   0x00000001   PAD
    0x0802a4c0   0x00000efb   Data   RO          177    .constdata          chipminer.o
    0x0802b3bb   0x00000040   Data   RO          360    .constdata          sha2.o
    0x0802b3fb   0x00000085   Data   RO          489    .constdata          serial.o
    0x0802b480   0x000000a8   Data   RO         1137    .constdata          device.o
    0x0802b528   0x00000016   Data   RO         1152    .constdata          idle.o
    0x0802b53e   0x000001c6   Data   RO         1171    .constdata          ipc.o
    0x0802b704   0x00000122   Data   RO         1204    .constdata          kservice.o
    0x0802b826   0x00000009   Data   RO         1222    .constdata          mem.o
    0x0802b82f   0x0000001e   Data   RO         1223    .constdata          mem.o
    0x0802b84d   0x00000003   PAD
    0x0802b850   0x00000138   Data   RO         1224    .constdata          mem.o
    0x0802b988   0x0000003e   Data   RO         1245    .constdata          mempool.o
    0x0802b9c6   0x0000005e   Data   RO         1263    .constdata          object.o
    0x0802ba24   0x0000004e   Data   RO         1284    .constdata          scheduler.o
    0x0802ba72   0x000000aa   Data   RO         1304    .constdata          thread.o
    0x0802bb1c   0x0000005c   Data   RO         1321    .constdata          timer.o
    0x0802bb78   0x00000013   Data   RO         1340    .constdata          cpuport.o
    0x0802bb8b   0x00000023   Data   RO         1398    .constdata          dfs.o
    0x0802bbae   0x00000005   Data   RO         1432    .constdata          dfs_fs.o
    0x0802bbb3   0x00000013   Data   RO         1433    .constdata          dfs_fs.o
    0x0802bbc6   0x00000003   Data   RO         1434    .constdata          dfs_fs.o
    0x0802bbc9   0x0000000e   Data   RO         1435    .constdata          dfs_fs.o
    0x0802bbd7   0x0000001d   Data   RO         1436    .constdata          dfs_fs.o
    0x0802bbf4   0x00000003   Data   RO         1472    .constdata          dfs_file.o
    0x0802bbf7   0x00000018   Data   RO         1473    .constdata          dfs_file.o
    0x0802bc0f   0x00000003   Data   RO         1474    .constdata          dfs_file.o
    0x0802bc12   0x0000001c   Data   RO         1475    .constdata          dfs_file.o
    0x0802bc2e   0x00000004   Data   RO         1476    .constdata          dfs_file.o
    0x0802bc32   0x0000000b   Data   RO         1477    .constdata          dfs_file.o
    0x0802bc3d   0x00000005   Data   RO         1478    .constdata          dfs_file.o
    0x0802bc42   0x00000025   Data   RO         1479    .constdata          dfs_file.o
    0x0802bc67   0x00000006   Data   RO         1499    .constdata          dfs_posix.o
    0x0802bc6d   0x00000013   Data   RO         1500    .constdata          dfs_posix.o
    0x0802bc80   0x000000a3   Data   RO         1568    .constdata          spi_core.o
    0x0802bd23   0x000000d9   Data   RO         1581    .constdata          spi_dev.o
    0x0802bdfc   0x00000006   Data   RO         1594    .constdata          cmd.o
    0x0802be02   0x00000010   Data   RO         1595    .constdata          cmd.o
    0x0802be12   0x00000008   Data   RO         1596    .constdata          cmd.o
    0x0802be1a   0x00000023   Data   RO         1597    .constdata          cmd.o
    0x0802be3d   0x0000000c   Data   RO         1598    .constdata          cmd.o
    0x0802be49   0x0000000c   Data   RO         1599    .constdata          cmd.o
    0x0802be55   0x00000009   Data   RO         1600    .constdata          cmd.o
    0x0802be5e   0x00000019   Data   RO         1601    .constdata          cmd.o
    0x0802be77   0x0000000b   Data   RO         1602    .constdata          cmd.o
    0x0802be82   0x00000015   Data   RO         1603    .constdata          cmd.o
    0x0802be97   0x0000000b   Data   RO         1604    .constdata          cmd.o
    0x0802bea2   0x00000015   Data   RO         1605    .constdata          cmd.o
    0x0802beb7   0x0000000d   Data   RO         1606    .constdata          cmd.o
    0x0802bec4   0x00000018   Data   RO         1607    .constdata          cmd.o
    0x0802bedc   0x0000000e   Data   RO         1608    .constdata          cmd.o
    0x0802beea   0x0000001d   Data   RO         1609    .constdata          cmd.o
    0x0802bf07   0x0000000d   Data   RO         1610    .constdata          cmd.o
    0x0802bf14   0x0000001b   Data   RO         1611    .constdata          cmd.o
    0x0802bf2f   0x0000000b   Data   RO         1612    .constdata          cmd.o
    0x0802bf3a   0x00000015   Data   RO         1613    .constdata          cmd.o
    0x0802bf4f   0x0000000c   Data   RO         1614    .constdata          cmd.o
    0x0802bf5b   0x00000016   Data   RO         1615    .constdata          cmd.o
    0x0802bf71   0x00000005   Data   RO         1616    .constdata          cmd.o
    0x0802bf76   0x0000001a   Data   RO         1617    .constdata          cmd.o
    0x0802bf90   0x00000006   Data   RO         1618    .constdata          cmd.o
    0x0802bf96   0x00000019   Data   RO         1619    .constdata          cmd.o
    0x0802bfaf   0x00000001   PAD
    0x0802bfb0   0x000000d7   Data   RO         1620    .constdata          cmd.o
    0x0802c087   0x00000001   PAD
    0x0802c088   0x000000c4   Data   RO         1757    .constdata          finsh_ops.o
    0x0802c14c   0x00000040   Data   RO         1790    .constdata          finsh_token.o
    0x0802c18c   0x0000004d   Data   RO         1856    .constdata          shell.o
    0x0802c1d9   0x00000013   Data   RO         1923    .constdata          clock_time.o
    0x0802c1ec   0x000000a6   Data   RO         1975    .constdata          pthread.o
    0x0802c292   0x00000002   PAD
    0x0802c294   0x0000016d   Data   RO         1996    .constdata          pthread_attr.o
    0x0802c401   0x0000003a   Data   RO         2083    .constdata          pthread_tls.o
    0x0802c43b   0x00000001   PAD
    0x0802c43c   0x00000040   Data   RO         2384    .constdata          sockets.o
    0x0802c47c   0x000000b3   Data   RO         2495    .constdata          sys_arch.o
    0x0802c52f   0x00000001   PAD
    0x0802c530   0x00000089   Data   RO         2546    .constdata          dhcp.o
    0x0802c5b9   0x00000003   PAD
    0x0802c5bc   0x00000064   Data   RO         2608    .constdata          init.o
    0x0802c620   0x0000001c   Data   RO         2651    .constdata          memp.o
    0x0802c63c   0x00000054   Data   RO         2812    .constdata          tcp.o
    0x0802c690   0x00000055   Data   RO         2866    .constdata          tcp_out.o
    0x0802c6e5   0x00000003   PAD
    0x0802c6e8   0x00000004   Data   RO         3024    .constdata          ip_addr.o
    0x0802c6ec   0x00000004   Data   RO         3025    .constdata          ip_addr.o
    0x0802c6f0   0x00000050   Data   RO         3057    .constdata          etharp.o
    0x0802c740   0x00000007   Data   RO         3086    .constdata          ethernetif.o
    0x0802c747   0x0000001e   Data   RO         3087    .constdata          ethernetif.o
    0x0802c765   0x00000008   Data   RO         3088    .constdata          ethernetif.o
    0x0802c76d   0x00000017   Data   RO         3089    .constdata          ethernetif.o
    0x0802c784   0x00000008   Data   RO         3090    .constdata          ethernetif.o
    0x0802c78c   0x00000023   Data   RO         3091    .constdata          ethernetif.o
    0x0802c7af   0x0000000a   Data   RO         3092    .constdata          ethernetif.o
    0x0802c7b9   0x0000001c   Data   RO         3093    .constdata          ethernetif.o
    0x0802c7d5   0x00000041   Data   RO         3094    .constdata          ethernetif.o
    0x0802c816   0x00000005   Data   RO         3161    .constdata          ping.o
    0x0802c81b   0x00000012   Data   RO         3162    .constdata          ping.o
    0x0802c82d   0x00000092   Data   RO         3183    .constdata          nanohttp-base64.o
    0x0802c8bf   0x00000092   Data   RO         3203    .constdata          nanohttp-client.o
    0x0802c951   0x0000006e   Data   RO         3271    .constdata          nanohttp-common.o
    0x0802c9bf   0x00000001   PAD
    0x0802c9c0   0x000000fc   Data   RO         3306    .constdata          nanohttp-mime.o
    0x0802cabc   0x0000003d   Data   RO         3326    .constdata          nanohttp-request.o
    0x0802caf9   0x00000040   Data   RO         3348    .constdata          nanohttp-response.o
    0x0802cb39   0x00000003   PAD
    0x0802cb3c   0x000001a3   Data   RO         3365    .constdata          nanohttp-server.o
    0x0802ccdf   0x00000089   Data   RO         3398    .constdata          nanohttp-socket.o
    0x0802cd68   0x0000008f   Data   RO         3446    .constdata          nanohttp-stream.o
    0x0802cdf7   0x0000001b   Data   RO         3462    .constdata          cjson.o
    0x0802ce12   0x00000028   Data   RO         3607    .constdata          c_w.l(_printf_hex_int_ll_ptr.o)
    0x0802ce3a   0x00000011   Data   RO         3627    .constdata          c_w.l(__printf_flags_ss_wp.o)
    0x0802ce4b   0x00000005   PAD
    0x0802ce50   0x00000088   Data   RO         3757    .constdata          m_ws.l(pow.o)
    0x0802ced8   0x00000008   Data   RO         3822    .constdata          c_w.l(_printf_wctomb.o)
    0x0802cee0   0x00000008   Data   RO         3942    .constdata          m_ws.l(qnan.o)
    0x0802cee8   0x00000094   Data   RO         3997    .constdata          c_w.l(bigflt0.o)
    0x0802cf7c   0x000000d6   Data   RO         1621    .conststring        cmd.o
    0x0802d052   0x000000d8   Data   RO         1691    .conststring        finsh_error.o
    0x0802d12a   0x0000002c   Data   RO         1791    .conststring        finsh_token.o
    0x0802d156   0x00000068   Data   RO         2813    .conststring        tcp.o
    0x0802d1be   0x00000002   PAD
    0x0802d1c0   0x00000004   Data   RO         1893    .rti_fn.0           components.o
    0x0802d1c4   0x00000004   Data   RO         1894    .rti_fn.1.post      components.o
    0x0802d1c8   0x00000004   Data   RO         1895    .rti_fn.7           components.o
    0x0802d1cc   0x0000000c   Data   RO          179    FSymTab             chipminer.o
    0x0802d1d8   0x0000000c   Data   RO          180    FSymTab             chipminer.o
    0x0802d1e4   0x0000000c   Data   RO          181    FSymTab             chipminer.o
    0x0802d1f0   0x0000000c   Data   RO          182    FSymTab             chipminer.o
    0x0802d1fc   0x0000000c   Data   RO          183    FSymTab             chipminer.o
    0x0802d208   0x0000000c   Data   RO          184    FSymTab             chipminer.o
    0x0802d214   0x0000000c   Data   RO          185    FSymTab             chipminer.o
    0x0802d220   0x0000000c   Data   RO          186    FSymTab             chipminer.o
    0x0802d22c   0x0000000c   Data   RO          187    FSymTab             chipminer.o
    0x0802d238   0x0000000c   Data   RO         1226    FSymTab             mem.o
    0x0802d244   0x0000000c   Data   RO         1437    FSymTab             dfs_fs.o
    0x0802d250   0x0000000c   Data   RO         1438    FSymTab             dfs_fs.o
    0x0802d25c   0x0000000c   Data   RO         1480    FSymTab             dfs_file.o
    0x0802d268   0x0000000c   Data   RO         1481    FSymTab             dfs_file.o
    0x0802d274   0x0000000c   Data   RO         1482    FSymTab             dfs_file.o
    0x0802d280   0x0000000c   Data   RO         1483    FSymTab             dfs_file.o
    0x0802d28c   0x0000000c   Data   RO         1501    FSymTab             dfs_posix.o
    0x0802d298   0x0000000c   Data   RO         1623    FSymTab             cmd.o
    0x0802d2a4   0x0000000c   Data   RO         1624    FSymTab             cmd.o
    0x0802d2b0   0x0000000c   Data   RO         1625    FSymTab             cmd.o
    0x0802d2bc   0x0000000c   Data   RO         1626    FSymTab             cmd.o
    0x0802d2c8   0x0000000c   Data   RO         1627    FSymTab             cmd.o
    0x0802d2d4   0x0000000c   Data   RO         1628    FSymTab             cmd.o
    0x0802d2e0   0x0000000c   Data   RO         1629    FSymTab             cmd.o
    0x0802d2ec   0x0000000c   Data   RO         1630    FSymTab             cmd.o
    0x0802d2f8   0x0000000c   Data   RO         1631    FSymTab             cmd.o
    0x0802d304   0x0000000c   Data   RO         1632    FSymTab             cmd.o
    0x0802d310   0x0000000c   Data   RO         1633    FSymTab             cmd.o
    0x0802d31c   0x0000000c   Data   RO         1634    FSymTab             cmd.o
    0x0802d328   0x0000000c   Data   RO         3096    FSymTab             ethernetif.o
    0x0802d334   0x0000000c   Data   RO         3097    FSymTab             ethernetif.o
    0x0802d340   0x0000000c   Data   RO         3098    FSymTab             ethernetif.o
    0x0802d34c   0x0000000c   Data   RO         3099    FSymTab             ethernetif.o
    0x0802d358   0x0000000c   Data   RO         3164    FSymTab             ping.o
    0x0802d364   0x00000020   Data   RO         4184    Region$$Table       anon$$obj.o
    0x0802d384   0x00000010   Data   RO         1635    VSymTab             cmd.o
    0x0802d394   0x00000110   Data   RO         4037    locale$$data        c_w.l(lc_ctype_c.o)
    0x0802d4a4   0x0000001c   Data   RO         4040    locale$$data        c_w.l(lc_numeric_c.o)


    Execution Region RW_IRAM1 (Base: 0x20000000, Size: 0x000078c0, Max: 0x00010000, ABSOLUTE, COMPRESSED[0x000000dc])

    Base Addr    Size         Type   Attr      Idx    E Section Name        Object

    0x20000000   0x00000018   Data   RW          178    .data               chipminer.o
    0x20000018   0x00000008   Data   RW          433    .data               platform.o
    0x20000020   0x00000008   Data   RW          467    .data               rt_stm32f10x_spi.o
    0x20000028   0x00000010   Data   RW          514    .data               stm32_eth.o
    0x20000038   0x00000018   Data   RW          596    .data               usart.o
    0x20000050   0x00000014   Data   RW          619    .data               system_stm32f10x.o
    0x20000064   0x00000014   Data   RW          665    .data               stm32f10x_rcc.o
    0x20000078   0x00000004   Data   RW         1123    .data               clock.o
    0x2000007c   0x00000004   Data   RW         1153    .data               idle.o
    0x20000080   0x00000001   Data   RW         1188    .data               irq.o
    0x20000081   0x00000003   PAD
    0x20000084   0x00000008   Data   RW         1205    .data               kservice.o
    0x2000008c   0x00000020   Data   RW         1225    .data               mem.o
    0x200000ac   0x00000008   Data   RW         1246    .data               mempool.o
    0x200000b4   0x000000a4   Data   RW         1264    .data               object.o
    0x20000158   0x00000018   Data   RW         1285    .data               scheduler.o
    0x20000170   0x0000000c   Data   RW         1322    .data               timer.o
    0x2000017c   0x00000004   Data   RW         1341    .data               cpuport.o
    0x20000180   0x00000004   Data   RW         1342    .data               cpuport.o
    0x20000184   0x00000004   Data   RW         1343    .data               cpuport.o
    0x20000188   0x00000004   Data   RW         1344    .data               cpuport.o
    0x2000018c   0x00000004   Data   RW         1622    .data               cmd.o
    0x20000190   0x00000008   Data   RW         1654    .data               finsh_compiler.o
    0x20000198   0x00000040   Data   RW         1692    .data               finsh_error.o
    0x200001d8   0x00000008   Data   RW         1708    .data               finsh_heap.o
    0x200001e0   0x00000004   Data   RW         1806    .data               finsh_var.o
    0x200001e4   0x0000000c   Data   RW         1829    .data               finsh_vm.o
    0x200001f0   0x00000004   Data   RW         1857    .data               shell.o
    0x200001f4   0x00000004   Data   RW         1876    .data               symbol.o
    0x200001f8   0x00000004   Data   RW         1877    .data               symbol.o
    0x200001fc   0x00000004   Data   RW         1878    .data               symbol.o
    0x20000200   0x00000004   Data   RW         1879    .data               symbol.o
    0x20000204   0x00000008   Data   RW         1924    .data               clock_time.o
    0x2000020c   0x00000004   Data   RW         1955    .data               mqueue.o
    0x20000210   0x00000002   Data   RW         1976    .data               pthread.o
    0x20000212   0x00000002   Data   RW         2043    .data               pthread_mutex.o
    0x20000214   0x00000008   Data   RW         2111    .data               semaphore.o
    0x2000021c   0x00000014   Data   RW         2296    .data               netdb.o
    0x20000230   0x00000008   Data   RW         2385    .data               sockets.o
    0x20000238   0x0000000c   Data   RW         2438    .data               tcpip.o
    0x20000244   0x00000006   Data   RW         2496    .data               sys_arch.o
    0x2000024a   0x00000002   PAD
    0x2000024c   0x00000004   Data   RW         2547    .data               dhcp.o
    0x20000250   0x00000014   Data   RW         2581    .data               dns.o
    0x20000264   0x00000002   Data   RW         2652    .data               memp.o
    0x20000266   0x00000002   PAD
    0x20000268   0x0000000c   Data   RW         2691    .data               netif.o
    0x20000274   0x00000001   Data   RW         2735    .data               pbuf.o
    0x20000275   0x00000003   PAD
    0x20000278   0x00000004   Data   RW         2780    .data               raw.o
    0x2000027c   0x00000020   Data   RW         2814    .data               tcp.o
    0x2000029c   0x0000001c   Data   RW         2841    .data               tcp_in.o
    0x200002b8   0x00000008   Data   RW         2879    .data               timers.o
    0x200002c0   0x00000004   Data   RW         2923    .data               udp.o
    0x200002c4   0x00000014   Data   RW         2995    .data               ip.o
    0x200002d8   0x00000001   Data   RW         3058    .data               etharp.o
    0x200002d9   0x00000001   PAD
    0x200002da   0x00000002   Data   RW         3163    .data               ping.o
    0x200002dc   0x00000004   Data   RW         3204    .data               nanohttp-client.o
    0x200002e0   0x00000008   Data   RW         3292    .data               nanohttp-logging.o
    0x200002e8   0x00000024   Data   RW         3366    .data               nanohttp-server.o
    0x2000030c   0x0000000c   Data   RW         3463    .data               cjson.o
    0x20000318   0x00000004   Data   RW         3658    .data               c_w.l(stdio_streams.o)
    0x2000031c   0x00000004   Data   RW         3659    .data               c_w.l(stdio_streams.o)
    0x20000320   0x00000004   Data   RW         3660    .data               c_w.l(stdio_streams.o)
    0x20000324   0x00000004   PAD
    0x20000328   0x00001130   Zero   RW          158    .bss                chipminer.o
    0x20001458   0x000000bc   Zero   RW          432    .bss                platform.o
    0x20001514   0x00002554   Zero   RW          513    .bss                stm32_eth.o
    0x20003a68   0x00000088   Zero   RW          593    .bss                usart.o
    0x20003af0   0x00000080   Zero   RW          594    .bss                usart.o
    0x20003b70   0x00000088   Zero   RW          595    .bss                usart.o
    0x20003bf8   0x00000180   Zero   RW         1151    .bss                idle.o
    0x20003d78   0x00000400   Zero   RW         1203    .bss                kservice.o
    0x20004178   0x00000020   Zero   RW         1221    .bss                mem.o
    0x20004198   0x00000100   Zero   RW         1283    .bss                scheduler.o
    0x20004298   0x000000d4   Zero   RW         1397    .bss                dfs.o
    0x2000436c   0x00000124   Zero   RW         1471    .bss                dfs_file.o
    0x20004490   0x00000080   Zero   RW         1707    .bss                finsh_heap.o
    0x20004510   0x00000140   Zero   RW         1742    .bss                finsh_node.o
    0x20004650   0x000000c0   Zero   RW         1805    .bss                finsh_var.o
    0x20004710   0x00000180   Zero   RW         1828    .bss                finsh_vm.o
    0x20004890   0x00001080   Zero   RW         1855    .bss                shell.o
    0x20005910   0x00000020   Zero   RW         1954    .bss                mqueue.o
    0x20005930   0x00000040   Zero   RW         2082    .bss                pthread_tls.o
    0x20005970   0x00000020   Zero   RW         2110    .bss                semaphore.o
    0x20005990   0x00000014   Zero   RW         2295    .bss                netdb.o
    0x200059a4   0x00000060   Zero   RW         2383    .bss                sockets.o
    0x20005a04   0x00000032   Zero   RW         2545    .bss                dhcp.o
    0x20005a36   0x00000002   PAD
    0x20005a38   0x00000663   Zero   RW         2580    .bss                dns.o
    0x2000609b   0x00000001   PAD
    0x2000609c   0x00000014   Zero   RW         2840    .bss                tcp_in.o
    0x200060b0   0x00000010   Zero   RW         3023    .bss                ip_addr.o
    0x200060c0   0x000000a0   Zero   RW         3056    .bss                etharp.o
    0x20006160   0x00000580   Zero   RW         3085    .bss                ethernetif.o
    0x200066e0   0x0000004b   Zero   RW         3291    .bss                nanohttp-logging.o
    0x2000672b   0x00000001   PAD
    0x2000672c   0x00000040   Zero   RW         3364    .bss                nanohttp-server.o
    0x2000676c   0x00000050   Zero   RW         3655    .bss                c_w.l(stdio_streams.o)
    0x200067bc   0x00000050   Zero   RW         3656    .bss                c_w.l(stdio_streams.o)
    0x2000680c   0x00000050   Zero   RW         3657    .bss                c_w.l(stdio_streams.o)
    0x2000685c   0x00000060   Zero   RW         3954    .bss                c_w.l(libspace.o)
    0x200068bc   0x00000004   PAD
    0x200068c0   0x00000800   Zero   RW         1116    HEAP                startup_stm32f10x_cl.o
    0x200070c0   0x00000800   Zero   RW         1115    STACK               startup_stm32f10x_cl.o


==============================================================================

Image component sizes


      Code (inc. data)   RO Data    RW Data    ZI Data      Debug   Object Name

      2564        860          0          0          0      29247   api_lib.o
      5192       1216          0          0          0      30622   api_msg.o
       108         18          0          0          0      23191   board.o
      7712       3552       4208         24       4400      64567   chipminer.o
      4004        190         27         12          0      21141   cjson.o
        96          6          0          4          0       1432   clock.o
       416         76         19          8          0       8962   clock_time.o
      2760       1190       1024          4          0      11227   cmd.o
        64         12         12          0          0       4021   components.o
       212         24          0          0          0        740   context_rvds.o
       408        220         19         16          0       2655   cpuport.o
        16          0          0          0          0       1440   def.o
       836        114        168          0          0       5489   device.o
       880        140         35          0        212       8761   dfs.o
      1452        188        163          0        292       7549   dfs_file.o
      1256        288         94          0          0      10314   dfs_fs.o
      1104         48         37          0          0       9175   dfs_posix.o
      5204       1018        137          4         50      20017   dhcp.o
      1536        242          0         20       1635      12329   dns.o
      2424        514         80          1        160      11759   etharp.o
      2740        818        262          0       1408      30218   ethernetif.o
      1916        102          0          8          0       9378   finsh_compiler.o
        36          4        216         64          0       1593   finsh_error.o
       424         14          0          8        128       3389   finsh_heap.o
        76          4          0          0          0       1528   finsh_init.o
       332          6          0          0        320       3448   finsh_node.o
      1248         36        196          0          0       8496   finsh_ops.o
      1890         32          0          0          0      10545   finsh_parser.o
      1272         18        108          0          0       6128   finsh_token.o
       352         16          0          4        192       7293   finsh_var.o
       176         22          0         12        384       6886   finsh_vm.o
       816        338          0          0          0       2435   icmp.o
       320        100         22          4        384       2811   idle.o
       552         70          0          0          0       3369   inet_chksum.o
        40          4        100          0          0      14764   init.o
       792        122          0         20          0      11170   ip.o
       564         76          8          0         16       9359   ip_addr.o
      5220        268        454          0          0      22631   ipc.o
        56          6          0          1          0       1326   irq.o
      1920        164        290          8       1024      11985   kservice.o
      1948        562        363         32         32      10098   mem.o
       100         10         28          2          0       2977   memp.o
       924         98         62          8          0       5362   mempool.o
       412         70          0          0          0       2173   misc.o
       608         14          0          4         32       5770   mqueue.o
         0          0          0          0          0       1660   msd.o
       296          4        146          0          0       2138   nanohttp-base64.o
      2208        816        146          4          0      24848   nanohttp-client.o
      2000        366        110          0          0      16591   nanohttp-common.o
       316         68          0          8         75       3451   nanohttp-logging.o
      2806        538        252          0          0      11960   nanohttp-mime.o
       956        190         61          0          0       9957   nanohttp-request.o
       892        306         64          0          0       3387   nanohttp-response.o
      4532       1704        419         36         64      16866   nanohttp-server.o
      1668        654        137          0          0      14435   nanohttp-socket.o
       164         66          0          0          0       1571   nanohttp-ssl.o
      1812        618        143          0          0       8590   nanohttp-stream.o
       772        306          0          0          0       8113   netbuf.o
       564        110          0         20         20      11651   netdb.o
       572         80          0         12          0      19551   netif.o
       202          0          0          0          0      10819   netifapi.o
       716        150         94        164          0       5948   object.o
      3266       1138          0          1          0      10131   pbuf.o
       532        138         35          2          0       5703   ping.o
       148         34          0          8        188      33743   platform.o
      1440        196        166          2          0       8690   pthread.o
       668         78        365          0          0       7046   pthread_attr.o
         0          0          0          0          0       2512   pthread_cond.o
       436         16          0          2          0       4088   pthread_mutex.o
       444        120         58          0         64       2987   pthread_tls.o
       464         96          0          4          0       3501   raw.o
        44          0         20          0          0       3353   retarget.o
       556         26          0          8          0       2937   rt_stm32f10x_spi.o
       648        152         78         24        256       4827   scheduler.o
       752         28          0          8         32       5476   semaphore.o
      1316        274        133          0          0       6181   serial.o
      7680        296         64          0          0       5299   sha2.o
      1564        254         77          4       4224       6681   shell.o
      5452        612         64          8         96      39236   sockets.o
      1452        120        163          0          0       6478   spi_core.o
       704        170        217          0          0       4631   spi_dev.o
       224         98          0          0          0     308862   startup.o
        64         26        336          0       4096        880   startup_stm32f10x_cl.o
      7284        240          0         16       9556      46177   stm32_eth.o
      2060        120          0          0          0       5674   stm32f10x_dma.o
      1556        100          0          0          0       9608   stm32f10x_flash.o
      2388        202          0          0          0       7465   stm32f10x_gpio.o
        64         10          0          0          0       1347   stm32f10x_it.o
      2352        140          0         20          0      13782   stm32f10x_rcc.o
      2148         98          0          0          0       8638   stm32f10x_spi.o
      3092        126          0          0          0      11384   stm32f10x_usart.o
         0          0          0         16          0       4181   symbol.o
      1768        314        179          6          0      12375   sys_arch.o
       424         46          0         20          0       2287   system_stm32f10x.o
      3620        790        188         32          0      21356   tcp.o
      5344        826          0         28         20      16531   tcp_in.o
      3996        838         85          0          0      10863   tcp_out.o
       776        144          0         12          0      20592   tcpip.o
      1500        214        170          0          0       8042   thread.o
       912        106         92         12          0       6759   timer.o
       612        140          0          8          0       4771   timers.o
      1108        158          0          4          0      14266   udp.o
       416         40          0         24        400       2365   usart.o

    ----------------------------------------------------------------------
    152736      27390      12248        792      29764    1353011   Object Totals
         0          0         32          0          0          0   (incl. Generated)
         8          0         22         11          4          0   (incl. Padding)

    ----------------------------------------------------------------------

      Code (inc. data)   RO Data    RW Data    ZI Data      Debug   Library Member Name

        60          8          0          0          0         84   __0sscanf.o
        20          0          0          0          0         84   __2fprintf.o
        24          4          0          0          0         84   __2printf.o
        56          6          0          0          0         88   __2snprintf.o
        44          6          0          0          0         84   __2sprintf.o
        90          0          0          0          0          0   __dczerorl2.o
         8          0          0          0          0         68   __main.o
       396          6         17          0          0         92   __printf_flags_ss_wp.o
        14          0          0          0          0         68   __printf_wp.o
        52          8          0          0          0          0   __scatter.o
        28          0          0          0          0          0   __scatter_zi.o
        28          0          0          0          0         68   _chval.o
         6          0          0          0          0          0   _printf_a.o
         6          0          0          0          0          0   _printf_c.o
        44          0          0          0          0        108   _printf_char.o
        48          6          0          0          0         96   _printf_char_common.o
        36          4          0          0          0         80   _printf_char_file.o
        42          0          0          0          0         68   _printf_charcount.o
         6          0          0          0          0          0   _printf_d.o
       120         18          0          0          0         92   _printf_dec.o
         6          0          0          0          0          0   _printf_e.o
         6          0          0          0          0          0   _printf_f.o
      1054          0          0          0          0        216   _printf_fp_dec.o
       128         16          0          0          0         84   _printf_fp_infnan.o
         6          0          0          0          0          0   _printf_g.o
       156          6         40          0          0        160   _printf_hex_int_ll_ptr.o
         6          0          0          0          0          0   _printf_i.o
       184          0          0          0          0         88   _printf_intcommon.o
        10          0          0          0          0          0   _printf_l.o
         6          0          0          0          0          0   _printf_lc.o
        10          0          0          0          0          0   _printf_ll.o
         6          0          0          0          0          0   _printf_lld.o
         6          0          0          0          0          0   _printf_lli.o
         6          0          0          0          0          0   _printf_llo.o
         6          0          0          0          0          0   _printf_llu.o
         6          0          0          0          0          0   _printf_llx.o
       120         16          0          0          0         92   _printf_longlong_dec.o
         6          0          0          0          0          0   _printf_ls.o
         6          0          0          0          0          0   _printf_n.o
         6          0          0          0          0          0   _printf_o.o
       120          8          0          0          0        124   _printf_oct_int_ll.o
         6          0          0          0          0          0   _printf_p.o
        82          0          0          0          0        108   _printf_pad.o
         0          0          0          0          0          0   _printf_percent.o
         4          0          0          0          0          0   _printf_percent_end.o
         6          0          0          0          0          0   _printf_s.o
        82          0          0          0          0         80   _printf_str.o
        36          0          0          0          0         84   _printf_truncate.o
         6          0          0          0          0          0   _printf_u.o
        44          0          0          0          0        108   _printf_wchar.o
       188          6          8          0          0         92   _printf_wctomb.o
         6          0          0          0          0          0   _printf_x.o
        22          0          0          0          0        100   _rserrno.o
       888          6          0          0          0        100   _scanf.o
       336          0          0          0          0         96   _scanf_int.o
        64          0          0          0          0         84   _sgetc.o
        16          0          0          0          0         68   _snputc.o
        10          0          0          0          0         68   _sputc.o
       158          0          0          0          0         92   _strtoul.o
        64          0          0          0          0         92   _wcrtomb.o
        26          0          0          0          0         80   atoi.o
        26          0          0          0          0         80   atol.o
       228          6        148          0          0         96   bigflt0.o
      1910        128          0          0          0        672   btod.o
        36          4          0          0          0         76   c89vsprintf.o
        10          0          0          0          0         68   defsig_exit.o
        50          0          0          0          0         88   defsig_general.o
        80         58          0          0          0         76   defsig_rtmem_inner.o
        14          0          0          0          0         80   defsig_rtmem_outer.o
        52         38          0          0          0         76   defsig_rtred_inner.o
        14          0          0          0          0         80   defsig_rtred_outer.o
        12          0          0          0          0         72   exit.o
        76          0          0          0          0         88   fclose.o
         8          0          0          0          0         68   feof.o
         8          0          0          0          0         68   ferror.o
       100          4          0          0          0        120   fflush.o
       578          0          0          0          0        132   filbuf.o
       480          0          0          0          0         88   flsbuf.o
        52          4          0          0          0         80   flushlinebuffered.o
       236          4          0          0          0        128   fopen.o
        26          0          0          0          0         68   fputc.o
       284          0          0          0          0         96   freadfast.o
       248          4          0          0          0         84   fseek.o
        70          0          0          0          0         76   ftell.o
       192          0          0          0          0         88   fwritefast.o
        94          0          0          0          0         80   h1_alloc.o
        52          0          0          0          0         68   h1_extend.o
        78          0          0          0          0         80   h1_free.o
        14          0          0          0          0         84   h1_init.o
         6          0          0          0          0        152   heapauxi.o
         4          0          0          0          0        136   hguard.o
         0          0          0          0          0          0   indicate_semi.o
       138          0          0          0          0        168   init_alloc.o
       312         46          0          0          0        112   initio.o
        18          0          0          0          0         76   isspace.o
        44         10        272          0          0         76   lc_ctype_c.o
        44         10         28          0          0         76   lc_numeric_c.o
         6          0          0          0          0          0   libinit.o
        42          0          0          0          0          0   libinit2.o
         2          0          0          0          0          0   libshutdown.o
         6          0          0          0          0          0   libshutdown2.o
         8          4          0          0         96         68   libspace.o
       138          0          0          0          0         80   lludiv10.o
         0          0          0          0          0          0   maybetermalloc1.o
        16          4          0          0          0         76   rt_ctype_table.o
         8          4          0          0          0         68   rt_errno_addr_intlibspace.o
         8          4          0          0          0         68   rt_fp_status_addr_intlibspace.o
         8          4          0          0          0         68   rt_heap_descriptor_intlibspace.o
         8          4          0          0          0         68   rt_locale_intlibspace.o
        68          0          0          0          0         68   rt_memclr.o
        78          0          0          0          0         80   rt_memclr_w.o
       138          0          0          0          0         68   rt_memcpy_v6.o
       100          0          0          0          0         80   rt_memcpy_w.o
         0          0          0          0          0          0   rtentry.o
        12          0          0          0          0          0   rtentry2.o
         6          0          0          0          0          0   rtentry4.o
         2          0          0          0          0          0   rtexit.o
        10          0          0          0          0          0   rtexit2.o
        48         10          0          0          0         84   scanf_char.o
        70          0          0          0          0         80   setvbuf.o
       240          6          0          0          0        156   stdio.o
         0          0          0         12        240          0   stdio_streams.o
        24          0          0          0          0         68   strcat.o
        20          0          0          0          0         68   strchr.o
        72          0          0          0          0         80   strcpy.o
        32          0          0          0          0         80   strcspn.o
       264        228          0          0          0         68   strerror.o
        62          0          0          0          0         76   strlen.o
        50          0          0          0          0         84   strncasecmp.o
       150          0          0          0          0         80   strncmp.o
        86          0          0          0          0         76   strncpy.o
        28          0          0          0          0         80   strspn.o
        36          0          0          0          0         80   strstr.o
        68          4          0          0          0         84   strtok_int.o
         4          0          0          0          0         68   strtok_r.o
       112          0          0          0          0         88   strtol.o
        18          0          0          0          0         76   sys_remove.o
        74          0          0          0          0         80   sys_stackheap_outer.o
        26          0          0          0          0         76   tolower.o
        30          0          0          0          0         76   toupper.o
         2          0          0          0          0         68   use_no_semi.o
       826         16          0          0          0        356   daddsub_clz.o
        16          4          0          0          0         68   dcheck1.o
        24          0          0          0          0         68   dcmpi.o
       688        140          0          0          0        212   ddiv.o
        94          4          0          0          0         92   dfix.o
        90          4          0          0          0         92   dfixu.o
        46          0          0          0          0         68   dflt_clz.o
       120          4          0          0          0         92   dleqf.o
       340         12          0          0          0        104   dmul.o
       156          4          0          0          0         92   dnaninf.o
        12          0          0          0          0         68   dretinf.o
       108          0          0          0          0         80   drleqf.o
       460         56          0          0          0        120   dsqrt_noumaal.o
        86          4          0          0          0         84   f2d.o
       388         76          0          0          0         96   fdiv.o
        38          0          0          0          0         68   fflt_clz.o
        96          0          0          0          0         84   ffltll_clz.o
       140          4          0          0          0         84   fnaninf.o
        14          0          0          0          0         76   fpinit.o
        10          0          0          0          0         68   fretinf.o
         4          0          0          0          0         68   printf1.o
       100          0          0          0          0         68   retnan.o
        92          0          0          0          0         68   scalbn.o
        48          0          0          0          0         68   trapv.o
         0          0          0          0          0          0   usenofp.o
        16          6          0          0          0         68   dunder.o
       220         16          0          0          0         84   floor.o
        40          0          0          0          0         68   fpclassify.o
       170          0          0          0          0         96   poly.o
      2540        190        136          0          0        340   pow.o
         0          0          8          0          0          0   qnan.o
        76          0          0          0          0         84   sqrt.o

    ----------------------------------------------------------------------
     19890       1252        662         12        344      12588   Library Totals
        26          0          5          0          8          0   (incl. Padding)

    ----------------------------------------------------------------------

      Code (inc. data)   RO Data    RW Data    ZI Data      Debug   Library Name

     12806        712        513         12        336       9504   c_w.l
      3996        328          0          0          0       2344   fz_ws.l
      3062        212        144          0          0        740   m_ws.l

    ----------------------------------------------------------------------
     19890       1252        662         12        344      12588   Library Totals

    ----------------------------------------------------------------------

==============================================================================


      Code (inc. data)   RO Data    RW Data    ZI Data      Debug   

    172626      28642      12910        804      30108    1348075   Grand Totals
    172626      28642      12910        220      30108    1348075   ELF Image Totals (compressed)
    172626      28642      12910        220          0          0   ROM Totals

==============================================================================

    Total RO  Size (Code + RO Data)               185536 ( 181.19kB)
    Total RW  Size (RW Data + ZI Data)             30912 (  30.19kB)
    Total ROM Size (Code + RO Data + RW Data)     185756 ( 181.40kB)

==============================================================================

