ARM Linker, 4.1 [Build 791] [Professional]

==============================================================================

Section Cross References

    application.o(.text) refers to platform.o(.text) for rt_platform_init
    application.o(.text) refers to components.o(.text) for rt_components_init
    application.o(.text) refers to dfs_fs.o(.text) for dfs_mount
    application.o(.text) refers to kservice.o(.text) for rt_kprintf
    application.o(.text) refers to ethernetif.o(.text) for eth_system_device_init
    application.o(.text) refers to stm32_eth.o(.text) for rt_hw_stm32_eth_init
    application.o(.text) refers to device.o(.text) for rt_device_init_all
    application.o(.text) refers to sys_arch.o(.text) for lwip_sys_init
    application.o(.text) refers to shell.o(.text) for finsh_system_init
    application.o(.text) refers to thread.o(.text) for rt_thread_create
    startup.o(.text) refers to kservice.o(.text) for rt_kprintf
    startup.o(.text) refers to board.o(.text) for rt_hw_board_init
    startup.o(.text) refers to clock.o(.text) for rt_system_tick_init
    startup.o(.text) refers to object.o(.text) for rt_system_object_init
    startup.o(.text) refers to timer.o(.text) for rt_system_timer_init
    startup.o(.text) refers to mem.o(.text) for rt_system_heap_init
    startup.o(.text) refers to scheduler.o(.text) for rt_system_scheduler_init
    startup.o(.text) refers to device.o(.text) for rt_device_init_all
    startup.o(.text) refers to application.o(.text) for rt_application_init
    startup.o(.text) refers to idle.o(.text) for rt_thread_idle_init
    startup.o(.text) refers to context_rvds.o(.text) for rt_hw_interrupt_disable
    board.o(.text) refers to misc.o(.text) for NVIC_SetVectorTable
    board.o(.text) refers to irq.o(.text) for rt_interrupt_enter
    board.o(.text) refers to clock.o(.text) for rt_tick_increase
    board.o(.text) refers to usart.o(.text) for rt_hw_usart_init
    board.o(.text) refers to kservice.o(.text) for rt_console_set_device
    board.o(.text) refers to system_stm32f10x.o(.data) for SystemCoreClock
    msd.o(.text) refers to ipc.o(.text) for rt_mutex_take
    msd.o(.text) refers to clock.o(.text) for rt_tick_get
    msd.o(.text) refers to kservice.o(.text) for rt_memset
    msd.o(.text) refers to spi_core.o(.text) for rt_spi_configure
    msd.o(.text) refers to aeabi_memset.o(.text) for __aeabi_memset
    msd.o(.text) refers to device.o(.text) for rt_device_find
    msd.o(.text) refers to msd.o(.constdata) for .constdata
    msd.o(.text) refers to msd.o(.bss) for .bss
    platform.o(.text) refers to stm32f10x_rcc.o(.text) for RCC_APB2PeriphClockCmd
    platform.o(.text) refers to stm32f10x_gpio.o(.text) for GPIO_Init
    platform.o(.text) refers to rt_stm32f10x_spi.o(.text) for stm32_spi_register
    platform.o(.text) refers to spi_core.o(.text) for rt_spi_bus_attach_device
    platform.o(.text) refers to platform.o(.bss) for .bss
    platform.o(.text) refers to platform.o(.data) for .data
    rt_stm32f10x_spi.o(.text) refers to stm32f10x_spi.o(.text) for SPI_StructInit
    rt_stm32f10x_spi.o(.text) refers to stm32f10x_gpio.o(.text) for GPIO_ResetBits
    rt_stm32f10x_spi.o(.text) refers to stm32f10x_rcc.o(.text) for RCC_APB2PeriphClockCmd
    rt_stm32f10x_spi.o(.text) refers to spi_core.o(.text) for rt_spi_bus_register
    rt_stm32f10x_spi.o(.text) refers to system_stm32f10x.o(.data) for SystemCoreClock
    rt_stm32f10x_spi.o(.text) refers to rt_stm32f10x_spi.o(.data) for .data
    rt_stm32f10x_spi.o(.data) refers to rt_stm32f10x_spi.o(.text) for configure
    serial.o(.text) refers to kservice.o(.text) for rt_memset
    serial.o(.text) refers to mempool.o(.text) for rt_mp_init
    serial.o(.text) refers to stm32f10x_usart.o(.text) for USART_Cmd
    serial.o(.text) refers to context_rvds.o(.text) for rt_hw_interrupt_disable
    serial.o(.text) refers to stm32f10x_dma.o(.text) for DMA_Cmd
    serial.o(.text) refers to device.o(.text) for rt_device_register
    serial.o(.text) refers to serial.o(.constdata) for .constdata
    stm32_eth.o(.text) refers to stm32f10x_rcc.o(.text) for RCC_AHBPeriphResetCmd
    stm32_eth.o(.text) refers to startup.o(.text) for assert_failed
    stm32_eth.o(.text) refers to stm32_eth.o(.data) for .data
    stm32_eth.o(.text) refers to irq.o(.text) for rt_interrupt_enter
    stm32_eth.o(.text) refers to ethernetif.o(.text) for eth_device_ready
    stm32_eth.o(.text) refers to ipc.o(.text) for rt_sem_release
    stm32_eth.o(.text) refers to kservice.o(.text) for rt_set_errno
    stm32_eth.o(.text) refers to def.o(.text) for lwip_htons
    stm32_eth.o(.text) refers to pbuf.o(.text) for pbuf_alloc
    stm32_eth.o(.text) refers to stm32_eth.o(.bss) for .bss
    stm32_eth.o(.text) refers to stm32f10x_gpio.o(.text) for GPIO_PinRemapConfig
    stm32_eth.o(.text) refers to misc.o(.text) for NVIC_Init
    stm32f10x_it.o(.text) refers to irq.o(.text) for rt_interrupt_enter
[...]
    finsh_error_init                         0x0800c74d   Thumb Code     8  finsh_error.o(.text)
    finsh_error_set                          0x0800c755   Thumb Code     8  finsh_error.o(.text)
    finsh_errno                              0x0800c75d   Thumb Code     6  finsh_error.o(.text)
    finsh_error_string                       0x0800c763   Thumb Code    10  finsh_error.o(.text)
    finsh_heap_init                          0x0800c771   Thumb Code    30  finsh_heap.o(.text)
    finsh_heap_free                          0x0800c7af   Thumb Code    36  finsh_heap.o(.text)
    finsh_heap_allocate                      0x0800c7d3   Thumb Code   168  finsh_heap.o(.text)
    finsh_init                               0x0800c919   Thumb Code    26  finsh_init.o(.text)
    finsh_stack_bottom                       0x0800c933   Thumb Code     6  finsh_init.o(.text)
    finsh_flush                              0x0800c939   Thumb Code    18  finsh_init.o(.text)
    finsh_reset                              0x0800c94b   Thumb Code    22  finsh_init.o(.text)
    finsh_node_init                          0x0800c965   Thumb Code    16  finsh_node.o(.text)
    finsh_node_allocate                      0x0800c975   Thumb Code    42  finsh_node.o(.text)
    finsh_node_new_id                        0x0800c99f   Thumb Code    94  finsh_node.o(.text)
    finsh_node_new_char                      0x0800c9fd   Thumb Code    26  finsh_node.o(.text)
    finsh_node_new_int                       0x0800ca17   Thumb Code    26  finsh_node.o(.text)
    finsh_node_new_long                      0x0800ca31   Thumb Code    26  finsh_node.o(.text)
    finsh_node_new_string                    0x0800ca4b   Thumb Code    70  finsh_node.o(.text)
    finsh_node_new_ptr                       0x0800ca91   Thumb Code    26  finsh_node.o(.text)
    OP_no_op                                 0x0800cab1   Thumb Code     2  finsh_ops.o(.text)
    OP_add_byte                              0x0800cab3   Thumb Code    20  finsh_ops.o(.text)
    OP_add_word                              0x0800cac7   Thumb Code    20  finsh_ops.o(.text)
    OP_add_dword                             0x0800cadb   Thumb Code    20  finsh_ops.o(.text)
    OP_sub_byte                              0x0800caef   Thumb Code    20  finsh_ops.o(.text)
    OP_sub_word                              0x0800cb03   Thumb Code    20  finsh_ops.o(.text)
    OP_sub_dword                             0x0800cb17   Thumb Code    22  finsh_ops.o(.text)
    OP_div_byte                              0x0800cb2d   Thumb Code    22  finsh_ops.o(.text)
    OP_div_word                              0x0800cb43   Thumb Code    26  finsh_ops.o(.text)
    OP_div_dword                             0x0800cb5d   Thumb Code    22  finsh_ops.o(.text)
    OP_mod_byte                              0x0800cb73   Thumb Code    28  finsh_ops.o(.text)
    OP_mod_word                              0x0800cb8f   Thumb Code    32  finsh_ops.o(.text)
    OP_mod_dword                             0x0800cbaf   Thumb Code    28  finsh_ops.o(.text)
    OP_mul_byte                              0x0800cbcb   Thumb Code    20  finsh_ops.o(.text)
    OP_mul_word                              0x0800cbdf   Thumb Code    20  finsh_ops.o(.text)
    OP_mul_dword                             0x0800cbf3   Thumb Code    22  finsh_ops.o(.text)
    OP_and_byte                              0x0800cc09   Thumb Code    20  finsh_ops.o(.text)
    OP_and_word                              0x0800cc1d   Thumb Code    20  finsh_ops.o(.text)
    OP_and_dword                             0x0800cc31   Thumb Code    22  finsh_ops.o(.text)
    OP_or_byte                               0x0800cc47   Thumb Code    20  finsh_ops.o(.text)
    OP_or_word                               0x0800cc5b   Thumb Code    20  finsh_ops.o(.text)
    OP_or_dword                              0x0800cc6f   Thumb Code    22  finsh_ops.o(.text)
    OP_xor_byte                              0x0800cc85   Thumb Code    20  finsh_ops.o(.text)
    OP_xor_word                              0x0800cc99   Thumb Code    20  finsh_ops.o(.text)
    OP_xor_dword                             0x0800ccad   Thumb Code    22  finsh_ops.o(.text)
    OP_bw_byte                               0x0800ccc3   Thumb Code    14  finsh_ops.o(.text)
    OP_bw_word                               0x0800ccd1   Thumb Code    14  finsh_ops.o(.text)
    OP_bw_dword                              0x0800ccdf   Thumb Code    14  finsh_ops.o(.text)
    OP_shl_byte                              0x0800cced   Thumb Code    20  finsh_ops.o(.text)
    OP_shl_word                              0x0800cd01   Thumb Code    20  finsh_ops.o(.text)
    OP_shl_dword                             0x0800cd15   Thumb Code    22  finsh_ops.o(.text)
    OP_shr_byte                              0x0800cd2b   Thumb Code    20  finsh_ops.o(.text)
    OP_shr_word                              0x0800cd3f   Thumb Code    24  finsh_ops.o(.text)
    OP_shr_dword                             0x0800cd57   Thumb Code    22  finsh_ops.o(.text)
    OP_ld_byte                               0x0800cd6d   Thumb Code    24  finsh_ops.o(.text)
    OP_ld_word                               0x0800cd85   Thumb Code    24  finsh_ops.o(.text)
    OP_ld_dword                              0x0800cd9d   Thumb Code    28  finsh_ops.o(.text)
    OP_ld_value_byte                         0x0800cdb9   Thumb Code    32  finsh_ops.o(.text)
    OP_ld_value_byte_stack                   0x0800cdd9   Thumb Code    14  finsh_ops.o(.text)
    OP_ld_value_word                         0x0800cde7   Thumb Code    32  finsh_ops.o(.text)
    OP_ld_value_word_stack                   0x0800ce07   Thumb Code    14  finsh_ops.o(.text)
    OP_ld_value_dword                        0x0800ce15   Thumb Code    30  finsh_ops.o(.text)
    OP_ld_value_dword_stack                  0x0800ce33   Thumb Code    14  finsh_ops.o(.text)
    OP_st_byte                               0x0800ce41   Thumb Code    24  finsh_ops.o(.text)
    OP_st_word                               0x0800ce59   Thumb Code    24  finsh_ops.o(.text)
    OP_st_dword                              0x0800ce71   Thumb Code    22  finsh_ops.o(.text)
    OP_pop                                   0x0800ce87   Thumb Code    18  finsh_ops.o(.text)
    OP_call                                  0x0800ce99   Thumb Code   238  finsh_ops.o(.text)
    finsh_parser_run                         0x0800d4ad   Thumb Code   154  finsh_parser.o(.text)
    finsh_parser_init                        0x0800d547   Thumb Code    12  finsh_parser.o(.text)
    finsh_token_init                         0x0800d6f5   Thumb Code    18  finsh_token.o(.text)
    token_get_string                         0x0800d819   Thumb Code   100  finsh_token.o(.text)
    finsh_token_token                        0x0800da2b   Thumb Code    24  finsh_token.o(.text)
    finsh_token_get_token                    0x0800da43   Thumb Code    14  finsh_token.o(.text)
    finsh_var_init                           0x0800dbed   Thumb Code    14  finsh_var.o(.text)
    finsh_var_insert                         0x0800dbfb   Thumb Code    90  finsh_var.o(.text)
    finsh_var_delete                         0x0800dc55   Thumb Code    60  finsh_var.o(.text)
    finsh_var_lookup                         0x0800dc91   Thumb Code    50  finsh_var.o(.text)
    finsh_sysvar_append                      0x0800dcc3   Thumb Code    50  finsh_var.o(.text)
    finsh_sysvar_lookup                      0x0800dcf5   Thumb Code    72  finsh_var.o(.text)
    finsh_vm_run                             0x0800dd4d   Thumb Code    40  finsh_vm.o(.text)
    finsh_syscall_append                     0x0800dd75   Thumb Code    42  finsh_vm.o(.text)
    finsh_syscall_lookup                     0x0800dd9f   Thumb Code    72  finsh_vm.o(.text)
    strcmp                                   0x0800ddfd   Thumb Code    24  shell.o(.text)
    strdup                                   0x0800de15   Thumb Code    36  shell.o(.text)
    finsh_get_prompt                         0x0800de39   Thumb Code    26  shell.o(.text)
    finsh_set_device                         0x0800de79   Thumb Code    92  shell.o(.text)
    finsh_get_device                         0x0800ded5   Thumb Code    38  shell.o(.text)
    finsh_set_echo                           0x0800defb   Thumb Code    46  shell.o(.text)
    finsh_get_echo                           0x0800df29   Thumb Code    42  shell.o(.text)
    finsh_auto_complete                      0x0800df53   Thumb Code    34  shell.o(.text)
    finsh_run_line                           0x0800df75   Thumb Code   136  shell.o(.text)
    finsh_handle_history                     0x0800dffd   Thumb Code   178  shell.o(.text)
    finsh_push_history                       0x0800e0af   Thumb Code   140  shell.o(.text)
    finsh_thread_entry                       0x0800e13b   Thumb Code   560  shell.o(.text)
    finsh_system_function_init               0x0800e36b   Thumb Code    10  shell.o(.text)
    finsh_system_var_init                    0x0800e375   Thumb Code    10  shell.o(.text)
    finsh_system_init                        0x0800e37f   Thumb Code   110  shell.o(.text)
    rt_components_board_init                 0x0800e451   Thumb Code    20  components.o(.text)
    rt_components_init                       0x0800e465   Thumb Code    20  components.o(.text)
    netconn_new_with_proto_and_callback      0x0800e485   Thumb Code   158  api_lib.o(.text)
    netconn_delete                           0x0800e523   Thumb Code    32  api_lib.o(.text)
    netconn_getaddr                          0x0800e543   Thumb Code   102  api_lib.o(.text)
    netconn_bind                             0x0800e5a9   Thumb Code    72  api_lib.o(.text)
    netconn_connect                          0x0800e5f1   Thumb Code    72  api_lib.o(.text)
    netconn_disconnect                       0x0800e639   Thumb Code    66  api_lib.o(.text)
    netconn_listen_with_backlog              0x0800e67b   Thumb Code    66  api_lib.o(.text)
    netconn_accept                           0x0800e6bd   Thumb Code   164  api_lib.o(.text)
    netconn_recv_tcp_pbuf                    0x0800eadd   Thumb Code    42  api_lib.o(.text)
    netconn_recv                             0x0800eb07   Thumb Code   212  api_lib.o(.text)
    netconn_recved                           0x0800ebdb   Thumb Code    40  api_lib.o(.text)
    netconn_send                             0x0800ec03   Thumb Code    72  api_lib.o(.text)
    netconn_sendto                           0x0800ec4b   Thumb Code    18  api_lib.o(.text)
    netconn_write                            0x0800ec5d   Thumb Code   114  api_lib.o(.text)
    netconn_close                            0x0800ed19   Thumb Code     4  api_lib.o(.text)
    netconn_shutdown                         0x0800ed1d   Thumb Code    12  api_lib.o(.text)
    netconn_gethostbyname                    0x0800ed29   Thumb Code   110  api_lib.o(.text)
    netconn_free                             0x0800f6f7   Thumb Code   108  api_msg.o(.text)
    netconn_alloc                            0x0800f763   Thumb Code   148  api_msg.o(.text)
    do_newconn                               0x0800fa91   Thumb Code    32  api_msg.o(.text)
    do_delconn                               0x0800fb63   Thumb Code   228  api_msg.o(.text)
    do_bind                                  0x0800fc47   Thumb Code    82  api_msg.o(.text)
    do_connect                               0x0800fd3d   Thumb Code   164  api_msg.o(.text)
    do_disconnect                            0x0800fde1   Thumb Code    42  api_msg.o(.text)
    do_listen                                0x0800fe0b   Thumb Code   166  api_msg.o(.text)
    do_send                                  0x0800feb1   Thumb Code   400  api_msg.o(.text)
    do_recv                                  0x08010041   Thumb Code    68  api_msg.o(.text)
    do_write                                 0x08010085   Thumb Code   130  api_msg.o(.text)
    do_getaddr                               0x08010107   Thumb Code   138  api_msg.o(.text)
    do_close                                 0x08010191   Thumb Code   144  api_msg.o(.text)
    do_gethostbyname                         0x08010265   Thumb Code    36  api_msg.o(.text)
    netbuf_new                               0x080102dd   Thumb Code    26  netbuf.o(.text)
    netbuf_delete                            0x080102f7   Thumb Code    32  netbuf.o(.text)
    netbuf_alloc                             0x08010317   Thumb Code    78  netbuf.o(.text)
    netbuf_free                              0x08010365   Thumb Code    40  netbuf.o(.text)
    netbuf_ref                               0x0801038d   Thumb Code    78  netbuf.o(.text)
    netbuf_chain                             0x080103db   Thumb Code    60  netbuf.o(.text)
    netbuf_data                              0x08010417   Thumb Code    76  netbuf.o(.text)
    netbuf_next                              0x08010463   Thumb Code    46  netbuf.o(.text)
    netbuf_first                             0x08010491   Thumb Code    28  netbuf.o(.text)
    do_netifapi_netif_add                    0x080105e1   Thumb Code    42  netifapi.o(.text)
    do_netifapi_netif_set_addr               0x0801060b   Thumb Code    26  netifapi.o(.text)
    do_netifapi_netif_common                 0x08010625   Thumb Code    34  netifapi.o(.text)
    netifapi_netif_add                       0x08010647   Thumb Code    36  netifapi.o(.text)
    netifapi_netif_set_addr                  0x0801066b   Thumb Code    32  netifapi.o(.text)
    netifapi_netif_common                    0x0801068b   Thumb Code    32  netifapi.o(.text)
    lwip_socket_init                         0x080106ad   Thumb Code     2  sockets.o(.text)
    lwip_accept                              0x0801085f   Thumb Code   354  sockets.o(.text)
    lwip_bind                                0x080109c1   Thumb Code   124  sockets.o(.text)
    lwip_close                               0x08010a3d   Thumb Code   346  sockets.o(.text)
    lwip_connect                             0x08010b97   Thumb Code   126  sockets.o(.text)
    lwip_listen                              0x08010c15   Thumb Code    90  sockets.o(.text)
    lwip_recvfrom                            0x08010c6f   Thumb Code   508  sockets.o(.text)
    lwip_read                                0x08010e6b   Thumb Code    14  sockets.o(.text)
    lwip_recv                                0x08010e79   Thumb Code    14  sockets.o(.text)
    lwip_sendto                              0x08010e87   Thumb Code   228  sockets.o(.text)
    lwip_send                                0x08010f6b   Thumb Code   306  sockets.o(.text)
    lwip_socket                              0x0801109d   Thumb Code   140  sockets.o(.text)
    lwip_write                               0x08011129   Thumb Code     4  sockets.o(.text)
    lwip_select                              0x0801123f   Thumb Code   822  sockets.o(.text)
    lwip_shutdown                            0x08011575   Thumb Code   150  sockets.o(.text)
    lwip_getpeername                         0x0801167d   Thumb Code     4  sockets.o(.text)
    lwip_getsockname                         0x08011681   Thumb Code     4  sockets.o(.text)
    lwip_getsockopt                          0x080117cd   Thumb Code   366  sockets.o(.text)
    lwip_setsockopt                          0x08011a4f   Thumb Code   230  sockets.o(.text)
    lwip_ioctl                               0x08011b35   Thumb Code    88  sockets.o(.text)
    lwip_fcntl                               0x08011b8d   Thumb Code    70  sockets.o(.text)
    tcpip_input                              0x08011c77   Thumb Code    74  tcpip.o(.text)
    tcpip_callback_with_block                0x08011cc1   Thumb Code    92  tcpip.o(.text)
    tcpip_timeout                            0x08011d1d   Thumb Code    64  tcpip.o(.text)
    tcpip_untimeout                          0x08011d5d   Thumb Code    60  tcpip.o(.text)
    tcpip_apimsg                             0x08011d99   Thumb Code    62  tcpip.o(.text)
    tcpip_netifapi                           0x08011dd7   Thumb Code    76  tcpip.o(.text)
    tcpip_init                               0x08011e23   Thumb Code    62  tcpip.o(.text)
    pbuf_free_callback                       0x08011e65   Thumb Code     8  tcpip.o(.text)
    mem_free_callback                        0x08011e6d   Thumb Code     8  tcpip.o(.text)
    sys_arch_assert                          0x08011f25   Thumb Code    44  sys_arch.o(.text)
    lwip_system_init                         0x08011fdd   Thumb Code    84  sys_arch.o(.text)
    sys_init                                 0x08012031   Thumb Code     2  sys_arch.o(.text)
    lwip_sys_init                            0x08012033   Thumb Code     2  sys_arch.o(.text)
    sys_sem_new                              0x08012035   Thumb Code   102  sys_arch.o(.text)
    sys_sem_free                             0x0801209b   Thumb Code    62  sys_arch.o(.text)
    sys_sem_signal                           0x080120d9   Thumb Code     6  sys_arch.o(.text)
    sys_arch_sem_wait                        0x080120df   Thumb Code   120  sys_arch.o(.text)
    sys_sem_valid                            0x08012157   Thumb Code     4  sys_arch.o(.text)
    sys_sem_set_invalid                      0x0801215b   Thumb Code     6  sys_arch.o(.text)
    sys_mutex_new                            0x08012161   Thumb Code   100  sys_arch.o(.text)
    sys_mutex_lock                           0x080121c5   Thumb Code    68  sys_arch.o(.text)
    sys_mutex_unlock                         0x08012209   Thumb Code     6  sys_arch.o(.text)
    sys_mutex_free                           0x0801220f   Thumb Code    64  sys_arch.o(.text)
    sys_mutex_valid                          0x0801224f   Thumb Code     4  sys_arch.o(.text)
    sys_mutex_set_invalid                    0x08012253   Thumb Code     6  sys_arch.o(.text)
    sys_mbox_new                             0x08012259   Thumb Code   364  sys_arch.o(.text)
    sys_mbox_free                            0x080123c5   Thumb Code    66  sys_arch.o(.text)
    sys_mbox_post                            0x08012407   Thumb Code    80  sys_arch.o(.text)
    sys_mbox_trypost                         0x08012457   Thumb Code    18  sys_arch.o(.text)
    sys_arch_mbox_fetch                      0x08012469   Thumb Code   150  sys_arch.o(.text)
    sys_arch_mbox_tryfetch                   0x080124ff   Thumb Code    28  sys_arch.o(.text)
    sys_mbox_valid                           0x0801251b   Thumb Code     4  sys_arch.o(.text)
    sys_mbox_set_invalid                     0x0801251f   Thumb Code     6  sys_arch.o(.text)
    sys_thread_new                           0x08012525   Thumb Code   130  sys_arch.o(.text)
    sys_arch_protect                         0x080125a7   Thumb Code     4  sys_arch.o(.text)
    sys_arch_unprotect                       0x080125ab   Thumb Code     4  sys_arch.o(.text)
    sys_jiffies                              0x080125af   Thumb Code     4  sys_arch.o(.text)
    lwip_htons                               0x080125e9   Thumb Code     4  def.o(.text)
    lwip_ntohs                               0x080125ed   Thumb Code     4  def.o(.text)
    lwip_htonl                               0x080125f1   Thumb Code     4  def.o(.text)
    lwip_ntohl                               0x080125f5   Thumb Code     4  def.o(.text)
    dhcp_renew                               0x08012d39   Thumb Code   130  dhcp.o(.text)
    dhcp_coarse_tmr                          0x08012e3b   Thumb Code    90  dhcp.o(.text)
    dhcp_release                             0x08012f2f   Thumb Code   158  dhcp.o(.text)
    dhcp_fine_tmr                            0x08012fcd   Thumb Code   124  dhcp.o(.text)
    dhcp_set_struct                          0x080130c7   Thumb Code    80  dhcp.o(.text)
    dhcp_cleanup                             0x08013117   Thumb Code    40  dhcp.o(.text)
    dhcp_stop                                0x0801313f   Thumb Code    90  dhcp.o(.text)
    dhcp_start                               0x080137b9   Thumb Code   220  dhcp.o(.text)
    dhcp_inform                              0x08013895   Thumb Code   168  dhcp.o(.text)
    dhcp_network_changed                     0x0801393d   Thumb Code    66  dhcp.o(.text)
    dns_setserver                            0x08013a4d   Thumb Code    32  dns.o(.text)
    dns_init                                 0x08013bc5   Thumb Code    64  dns.o(.text)
    dns_getserver                            0x08013c05   Thumb Code    20  dns.o(.text)
    dns_tmr                                  0x08013de7   Thumb Code    28  dns.o(.text)
    dns_gethostbyname                        0x08013e03   Thumb Code   374  dns.o(.text)
    lwip_init                                0x0801404d   Thumb Code    32  init.o(.text)
    netif_init                               0x08014071   Thumb Code     2  netif.o(.text)
    netif_set_gw                             0x08014073   Thumb Code     8  netif.o(.text)
    netif_set_netmask                        0x0801407b   Thumb Code     8  netif.o(.text)
    netif_set_ipaddr                         0x08014083   Thumb Code    90  netif.o(.text)
    netif_set_addr                           0x080140dd   Thumb Code    30  netif.o(.text)
    netif_add                                0x080140fb   Thumb Code    98  netif.o(.text)
    netif_set_default                        0x0801415d   Thumb Code     6  netif.o(.text)
    netif_set_down                           0x08014163   Thumb Code    18  netif.o(.text)
    netif_remove                             0x08014175   Thumb Code    68  netif.o(.text)
    netif_find                               0x080141b9   Thumb Code    58  netif.o(.text)
    netif_set_up                             0x080141f3   Thumb Code    32  netif.o(.text)
    netif_set_link_up                        0x08014213   Thumb Code    56  netif.o(.text)
    netif_set_link_down                      0x0801424b   Thumb Code    18  netif.o(.text)
    pbuf_free                                0x0801430d   Thumb Code   130  pbuf.o(.text)
    pbuf_alloc                               0x0801438f   Thumb Code   486  pbuf.o(.text)
    pbuf_realloc                             0x08014575   Thumb Code   182  pbuf.o(.text)
    pbuf_header                              0x0801462b   Thumb Code   762  pbuf.o(.text)
    pbuf_clen                                0x08014925   Thumb Code    18  pbuf.o(.text)
    pbuf_ref                                 0x08014937   Thumb Code    26  pbuf.o(.text)
    pbuf_cat                                 0x08014951   Thumb Code   106  pbuf.o(.text)
    pbuf_chain                               0x080149bb   Thumb Code    16  pbuf.o(.text)
    pbuf_dechain                             0x080149cb   Thumb Code   102  pbuf.o(.text)
    pbuf_copy                                0x08014a31   Thumb Code   258  pbuf.o(.text)
    pbuf_copy_partial                        0x08014b33   Thumb Code   130  pbuf.o(.text)
    pbuf_take                                0x08014bb5   Thumb Code   146  pbuf.o(.text)
    pbuf_coalesce                            0x08014c47   Thumb Code    62  pbuf.o(.text)
    pbuf_get_at                              0x08014c85   Thumb Code    24  pbuf.o(.text)
    pbuf_memcmp                              0x08014c9d   Thumb Code    68  pbuf.o(.text)
    pbuf_memfind                             0x08014ce1   Thumb Code   588  pbuf.o(.text)
    pbuf_strstr                              0x08014f2d   Thumb Code    50  pbuf.o(.text)
    raw_input                                0x08014f61   Thumb Code   100  raw.o(.text)
    raw_bind                                 0x08014fc5   Thumb Code    10  raw.o(.text)
    raw_connect                              0x08014fcf   Thumb Code    10  raw.o(.text)
    raw_recv                                 0x08014fd9   Thumb Code     6  raw.o(.text)
    raw_sendto                               0x08014fdf   Thumb Code   160  raw.o(.text)
    raw_send                                 0x0801507f   Thumb Code     4  raw.o(.text)
    raw_remove                               0x08015083   Thumb Code    36  raw.o(.text)
    raw_new                                  0x080150a7   Thumb Code    40  raw.o(.text)
    tcp_seg_free                             0x08015135   Thumb Code    26  tcp.o(.text)
    tcp_segs_free                            0x0801514f   Thumb Code    18  tcp.o(.text)
    tcp_pcb_purge                            0x08015161   Thumb Code    70  tcp.o(.text)
    tcp_slowtmr                              0x080151a7   Thumb Code   736  tcp.o(.text)
    tcp_pcb_remove                           0x08015487   Thumb Code   154  tcp.o(.text)
    tcp_close                                0x0801581b   Thumb Code    22  tcp.o(.text)
    tcp_update_rcv_ann_wnd                   0x08015831   Thumb Code    80  tcp.o(.text)
    tcp_recved                               0x08015881   Thumb Code    90  tcp.o(.text)
    tcp_recv_null                            0x080158db   Thumb Code    34  tcp.o(.text)
    tcp_fasttmr                              0x080158fd   Thumb Code   100  tcp.o(.text)
    tcp_tmr                                  0x08015961   Thumb Code    28  tcp.o(.text)
    tcp_shutdown                             0x0801597d   Thumb Code    78  tcp.o(.text)
    tcp_abandon                              0x080159cb   Thumb Code   160  tcp.o(.text)
    tcp_abort                                0x08015a6b   Thumb Code     4  tcp.o(.text)
    tcp_bind                                 0x08015aad   Thumb Code   324  tcp.o(.text)
    tcp_listen_with_backlog                  0x08015bf7   Thumb Code   142  tcp.o(.text)
    tcp_eff_send_mss                         0x08015c85   Thumb Code    32  tcp.o(.text)
    tcp_next_iss                             0x08015ca5   Thumb Code    12  tcp.o(.text)
    tcp_connect                              0x08015cb1   Thumb Code   226  tcp.o(.text)
    tcp_setprio                              0x08015d93   Thumb Code     4  tcp.o(.text)
    tcp_seg_copy                             0x08015d97   Thumb Code    38  tcp.o(.text)
    tcp_alloc                                0x08015dbd   Thumb Code   252  tcp.o(.text)
    tcp_new                                  0x08015eb9   Thumb Code     4  tcp.o(.text)
    tcp_arg                                  0x08015ebd   Thumb Code     4  tcp.o(.text)
    tcp_recv                                 0x08015ec1   Thumb Code     6  tcp.o(.text)
    tcp_sent                                 0x08015ec7   Thumb Code     6  tcp.o(.text)
    tcp_err                                  0x08015ecd   Thumb Code     6  tcp.o(.text)
    tcp_accept                               0x08015ed3   Thumb Code     4  tcp.o(.text)
    tcp_poll                                 0x08015ed7   Thumb Code    10  tcp.o(.text)
    tcp_debug_state_str                      0x08015ee1   Thumb Code     8  tcp.o(.text)
    tcp_input                                0x08016eb7   Thumb Code   988  tcp_in.o(.text)
    tcp_enqueue_flags                        0x08017557   Thumb Code   302  tcp_out.o(.text)
    tcp_send_fin                             0x08017685   Thumb Code    58  tcp_out.o(.text)
    tcp_write                                0x0801779f   Thumb Code  1462  tcp_out.o(.text)
    tcp_send_empty_ack                       0x08017d55   Thumb Code    76  tcp_out.o(.text)
    tcp_output                               0x08017fb7   Thumb Code   454  tcp_out.o(.text)
    tcp_rst                                  0x0801817d   Thumb Code   142  tcp_out.o(.text)
    tcp_rexmit_rto                           0x0801820b   Thumb Code    44  tcp_out.o(.text)
    tcp_rexmit                               0x08018237   Thumb Code    78  tcp_out.o(.text)
    tcp_rexmit_fast                          0x08018285   Thumb Code    86  tcp_out.o(.text)
    tcp_keepalive                            0x080182db   Thumb Code    60  tcp_out.o(.text)
    tcp_zero_window_probe                    0x08018317   Thumb Code   190  tcp_out.o(.text)
    sys_timeout                              0x080183d5   Thumb Code   106  timers.o(.text)
    tcp_timer_needed                         0x08018465   Thumb Code    34  timers.o(.text)
    sys_timeouts_init                        0x080184d7   Thumb Code    52  timers.o(.text)
    sys_untimeout                            0x0801850b   Thumb Code    66  timers.o(.text)
    sys_timeouts_mbox_fetch                  0x0801854d   Thumb Code    96  timers.o(.text)
    udp_input                                0x0801863d   Thumb Code   380  udp.o(.text)
    udp_bind                                 0x080187b9   Thumb Code   158  udp.o(.text)
    udp_sendto_if                            0x08018857   Thumb Code   206  udp.o(.text)
    udp_sendto                               0x08018925   Thumb Code    40  udp.o(.text)
    udp_send                                 0x0801894d   Thumb Code     6  udp.o(.text)
    udp_connect                              0x08018953   Thumb Code    72  udp.o(.text)
    udp_disconnect                           0x0801899b   Thumb Code    16  udp.o(.text)
    udp_recv                                 0x080189ab   Thumb Code     6  udp.o(.text)
    udp_remove                               0x080189b1   Thumb Code    36  udp.o(.text)
    udp_new                                  0x080189d5   Thumb Code    28  udp.o(.text)
    icmp_input                               0x08018a91   Thumb Code   348  icmp.o(.text)
    icmp_dest_unreach                        0x08018bed   Thumb Code     8  icmp.o(.text)
    inet_chksum_pseudo                       0x08018e17   Thumb Code   134  inet_chksum.o(.text)
    inet_chksum_pseudo_partial               0x08018e9d   Thumb Code   178  inet_chksum.o(.text)
    inet_chksum                              0x08018f4f   Thumb Code    12  inet_chksum.o(.text)
    inet_chksum_pbuf                         0x08018f5b   Thumb Code    72  inet_chksum.o(.text)
    ip_route                                 0x08018fe9   Thumb Code    54  ip.o(.text)
    ip_input                                 0x0801901f   Thumb Code   356  ip.o(.text)
    ip_output_if                             0x08019183   Thumb Code   186  ip.o(.text)
    ip_output                                0x0801923d   Thumb Code    74  ip.o(.text)
    ip4_addr_isbroadcast                     0x08019301   Thumb Code    46  ip_addr.o(.text)
    ip4_addr_netmask_valid                   0x0801932f   Thumb Code    38  ip_addr.o(.text)
    ipaddr_aton                              0x08019355   Thumb Code   264  ip_addr.o(.text)
    ipaddr_addr                              0x0801945d   Thumb Code    20  ip_addr.o(.text)
    ipaddr_ntoa_r                            0x08019471   Thumb Code   120  ip_addr.o(.text)
    ipaddr_ntoa                              0x080194e9   Thumb Code     6  ip_addr.o(.text)
    etharp_tmr                               0x080195af   Thumb Code    50  etharp.o(.text)
    etharp_find_addr                         0x08019809   Thumb Code    70  etharp.o(.text)
    etharp_request                           0x08019b79   Thumb Code    34  etharp.o(.text)
    etharp_query                             0x08019b9b   Thumb Code   306  etharp.o(.text)
    etharp_output                            0x08019ccd   Thumb Code   196  etharp.o(.text)
    ethernet_input                           0x08019d91   Thumb Code   110  etharp.o(.text)
    eth_device_init_with_flag                0x08019f19   Thumb Code   170  ethernetif.o(.text)
    eth_device_init                          0x08019fc3   Thumb Code     4  ethernetif.o(.text)
    eth_device_ready                         0x08019fc7   Thumb Code    16  ethernetif.o(.text)
    eth_device_linkchange                    0x08019fd7   Thumb Code    64  ethernetif.o(.text)
    eth_system_device_init                   0x0801a0fb   Thumb Code   266  ethernetif.o(.text)
    set_if                                   0x0801a205   Thumb Code   532  ethernetif.o(.text)
    set_dns                                  0x0801a419   Thumb Code    26  ethernetif.o(.text)
    list_if                                  0x0801a433   Thumb Code   286  ethernetif.o(.text)
    list_tcps                                0x0801a551   Thumb Code   240  ethernetif.o(.text)
    atoi                                     0x0801a7c1   Thumb Code    26  atoi.o(.text)
    strtol                                   0x0801a7db   Thumb Code   112  strtol.o(.text)
    strcpy                                   0x0801a84b   Thumb Code    72  strcpy.o(.text)
    strlen                                   0x0801a893   Thumb Code    62  strlen.o(.text)
    strncmp                                  0x0801a8d1   Thumb Code   150  strncmp.o(.text)
    strcat                                   0x0801a967   Thumb Code    24  strcat.o(.text)
    __aeabi_memcpy                           0x0801a97f   Thumb Code     0  rt_memcpy_v6.o(.text)
    __rt_memcpy                              0x0801a97f   Thumb Code   138  rt_memcpy_v6.o(.text)
    _memcpy_lastbytes                        0x0801a9e5   Thumb Code     0  rt_memcpy_v6.o(.text)
    __aeabi_memcpy4                          0x0801aa09   Thumb Code     0  rt_memcpy_w.o(.text)
    __aeabi_memcpy8                          0x0801aa09   Thumb Code     0  rt_memcpy_w.o(.text)
    __rt_memcpy_w                            0x0801aa09   Thumb Code   100  rt_memcpy_w.o(.text)
    _memcpy_lastbytes_aligned                0x0801aa51   Thumb Code     0  rt_memcpy_w.o(.text)
    __aeabi_memclr                           0x0801aa6d   Thumb Code     0  rt_memclr.o(.text)
    __rt_memclr                              0x0801aa6d   Thumb Code    68  rt_memclr.o(.text)
    _memset                                  0x0801aa71   Thumb Code     0  rt_memclr.o(.text)
    __aeabi_memclr4                          0x0801aab1   Thumb Code     0  rt_memclr_w.o(.text)
    __aeabi_memclr8                          0x0801aab1   Thumb Code     0  rt_memclr_w.o(.text)
    __rt_memclr_w                            0x0801aab1   Thumb Code    78  rt_memclr_w.o(.text)
    _memset_w                                0x0801aab5   Thumb Code     0  rt_memclr_w.o(.text)
    strncpy                                  0x0801aaff   Thumb Code    86  strncpy.o(.text)
    __use_two_region_memory                  0x0801ab55   Thumb Code     2  heapauxi.o(.text)
    __rt_heap_escrow                         0x0801ab57   Thumb Code     2  heapauxi.o(.text)
    __rt_heap_expand                         0x0801ab59   Thumb Code     2  heapauxi.o(.text)
    __I$use$semihosting                      0x0801ab5b   Thumb Code     0  use_no_semi.o(.text)
    __use_no_semihosting_swi                 0x0801ab5b   Thumb Code     2  use_no_semi.o(.text)
    __rt_ctype_table                         0x0801ab5d   Thumb Code    16  rt_ctype_table.o(.text)
    __semihosting_library_function           0x0801ab5d   Thumb Code     0  indicate_semi.o(.text)
    __rt_locale                              0x0801ab6d   Thumb Code     8  rt_locale_intlibspace.o(.text)
    __aeabi_errno_addr                       0x0801ab75   Thumb Code     8  rt_errno_addr_intlibspace.o(.text)
    __errno$intlibspace                      0x0801ab75   Thumb Code     0  rt_errno_addr_intlibspace.o(.text)
    __rt_errno_addr$intlibspace              0x0801ab75   Thumb Code     0  rt_errno_addr_intlibspace.o(.text)
    _chval                                   0x0801ab7d   Thumb Code    28  _chval.o(.text)
    _strtoul                                 0x0801ab99   Thumb Code   158  _strtoul.o(.text)
    __user_libspace                          0x0801ac39   Thumb Code     8  libspace.o(.text)
    __user_perproc_libspace                  0x0801ac39   Thumb Code     0  libspace.o(.text)
    __user_perthread_libspace                0x0801ac39   Thumb Code     0  libspace.o(.text)
    __user_setup_stackheap                   0x0801ac41   Thumb Code    74  sys_stackheap_outer.o(.text)
    exit                                     0x0801ac8b   Thumb Code    12  exit.o(.text)
    _sys_exit                                0x0801ac99   Thumb Code     8  sys_exit.o(.text)
    __rt_fp_status_addr                      0x0801aca5   Thumb Code     8  rt_fp_status_addr_intlibspace.o(.text)
    _get_lc_ctype                            0x0801acad   Thumb Code    44  lc_ctype_c.o(locale$$code)
    _fp_init                                 0x0801acd9   Thumb Code    14  fpinit.o(x$fpl$fpinit)
    __fplib_config_pureend_doubles           0x0801ace5   Thumb Code     0  fpinit.o(x$fpl$fpinit)
    __lowest_bit_bitmap                      0x0801afef   Data         256  kservice.o(.constdata)
    __fsym_list_mem_name                     0x0801b111   Data           9  mem.o(.constdata)
    __fsym_list_mem_desc                     0x0801b11a   Data          30  mem.o(.constdata)
    __fsym_mkfs_name                         0x0801b496   Data           5  dfs_fs.o(.constdata)
    __fsym_mkfs_desc                         0x0801b49b   Data          19  dfs_fs.o(.constdata)
    __fsym_df_name                           0x0801b4ae   Data           3  dfs_fs.o(.constdata)
    __fsym_df_desc                           0x0801b4b1   Data          14  dfs_fs.o(.constdata)
    __fsym_ls_name                           0x0801b4dc   Data           3  dfs_file.o(.constdata)
    __fsym_ls_desc                           0x0801b4df   Data          24  dfs_file.o(.constdata)
    __fsym_rm_name                           0x0801b4f7   Data           3  dfs_file.o(.constdata)
    __fsym_rm_desc                           0x0801b4fa   Data          28  dfs_file.o(.constdata)
    __fsym_cat_name                          0x0801b516   Data           4  dfs_file.o(.constdata)
    __fsym_cat_desc                          0x0801b51a   Data          11  dfs_file.o(.constdata)
    __fsym_copy_name                         0x0801b525   Data           5  dfs_file.o(.constdata)
    __fsym_copy_desc                         0x0801b52a   Data          37  dfs_file.o(.constdata)
    __fsym_mkdir_name                        0x0801b54f   Data           6  dfs_posix.o(.constdata)
    __fsym_mkdir_desc                        0x0801b555   Data          19  dfs_posix.o(.constdata)
    __fsym_chdir_name                        0x0801b568   Data           3  dfs_posix.o(.constdata)
    __fsym_chdir_desc                        0x0801b56b   Data          33  dfs_posix.o(.constdata)
    __fsym_hello_name                        0x0801b708   Data           6  cmd.o(.constdata)
    __fsym_hello_desc                        0x0801b70e   Data          16  cmd.o(.constdata)
    __fsym_version_name                      0x0801b71e   Data           8  cmd.o(.constdata)
    __fsym_version_desc                      0x0801b726   Data          35  cmd.o(.constdata)
    __fsym_list_thread_name                  0x0801b749   Data          12  cmd.o(.constdata)
    __fsym_list_thread_desc                  0x0801b755   Data          12  cmd.o(.constdata)
    __fsym_list_sem_name                     0x0801b761   Data           9  cmd.o(.constdata)
    __fsym_list_sem_desc                     0x0801b76a   Data          25  cmd.o(.constdata)
    __fsym_list_event_name                   0x0801b783   Data          11  cmd.o(.constdata)
    __fsym_list_event_desc                   0x0801b78e   Data          21  cmd.o(.constdata)
    __fsym_list_mutex_name                   0x0801b7a3   Data          11  cmd.o(.constdata)
    __fsym_list_mutex_desc                   0x0801b7ae   Data          21  cmd.o(.constdata)
    __fsym_list_mailbox_name                 0x0801b7c3   Data          13  cmd.o(.constdata)
    __fsym_list_mailbox_desc                 0x0801b7d0   Data          24  cmd.o(.constdata)
    __fsym_list_msgqueue_name                0x0801b7e8   Data          14  cmd.o(.constdata)
    __fsym_list_msgqueue_desc                0x0801b7f6   Data          29  cmd.o(.constdata)
    __fsym_list_mempool_name                 0x0801b813   Data          13  cmd.o(.constdata)
    __fsym_list_mempool_desc                 0x0801b820   Data          27  cmd.o(.constdata)
    __fsym_list_timer_name                   0x0801b83b   Data          11  cmd.o(.constdata)
    __fsym_list_timer_desc                   0x0801b846   Data          21  cmd.o(.constdata)
    __fsym_list_device_name                  0x0801b85b   Data          12  cmd.o(.constdata)
    __fsym_list_device_desc                  0x0801b867   Data          22  cmd.o(.constdata)
    __fsym_list_name                         0x0801b87d   Data           5  cmd.o(.constdata)
    __fsym_list_desc                         0x0801b882   Data          26  cmd.o(.constdata)
    __vsym_dummy_name                        0x0801b89c   Data           6  cmd.o(.constdata)
    __vsym_dummy_desc                        0x0801b8a2   Data          25  cmd.o(.constdata)
    op_table                                 0x0801b994   Data         196  finsh_ops.o(.constdata)
    memp_sizes                               0x0801bcc4   Data          28  memp.o(.constdata)
    tcp_persist_backoff                      0x0801bce0   Data           7  tcp.o(.constdata)
    tcp_state_str                            0x0801bce8   Data          44  tcp.o(.constdata)
    tcp_backoff                              0x0801bd14   Data          13  tcp.o(.constdata)
    tcp_pcb_lists                            0x0801bd24   Data          16  tcp.o(.constdata)
    ip_addr_any                              0x0801bd8c   Data           4  ip_addr.o(.constdata)
    ip_addr_broadcast                        0x0801bd90   Data           4  ip_addr.o(.constdata)
    ethbroadcast                             0x0801bd94   Data           6  etharp.o(.constdata)
    ethzero                                  0x0801bd9a   Data           6  etharp.o(.constdata)
    __fsym_set_if_name                       0x0801bde4   Data           7  ethernetif.o(.constdata)
    __fsym_set_if_desc                       0x0801bdeb   Data          30  ethernetif.o(.constdata)
    __fsym_set_dns_name                      0x0801be09   Data           8  ethernetif.o(.constdata)
    __fsym_set_dns_desc                      0x0801be11   Data          23  ethernetif.o(.constdata)
    __fsym_list_if_name                      0x0801be28   Data           8  ethernetif.o(.constdata)
    __fsym_list_if_desc                      0x0801be30   Data          35  ethernetif.o(.constdata)
    __fsym_list_tcps_name                    0x0801be53   Data          10  ethernetif.o(.constdata)
    __fsym_list_tcps_desc                    0x0801be5d   Data          28  ethernetif.o(.constdata)
    __rt_init_rti_start                      0x0801c0fc   Data           4  components.o(.rti_fn.0)
    __rt_init_rti_board_end                  0x0801c100   Data           4  components.o(.rti_fn.1.post)
    __rt_init_rti_end                        0x0801c104   Data           4  components.o(.rti_fn.7)
    FSymTab$$Base                            0x0801c108   Number         0  mem.o(FSymTab)
    __fsym_list_mem                          0x0801c108   Data          12  mem.o(FSymTab)
    __fsym_mkfs                              0x0801c114   Data          12  dfs_fs.o(FSymTab)
    __fsym_df                                0x0801c120   Data          12  dfs_fs.o(FSymTab)
    __fsym_ls                                0x0801c12c   Data          12  dfs_file.o(FSymTab)
    __fsym_rm                                0x0801c138   Data          12  dfs_file.o(FSymTab)
    __fsym_cat                               0x0801c144   Data          12  dfs_file.o(FSymTab)
    __fsym_copy                              0x0801c150   Data          12  dfs_file.o(FSymTab)
    __fsym_mkdir                             0x0801c15c   Data          12  dfs_posix.o(FSymTab)
    __fsym_chdir                             0x0801c168   Data          12  dfs_posix.o(FSymTab)
    __fsym_hello                             0x0801c174   Data          12  cmd.o(FSymTab)
    __fsym_version                           0x0801c180   Data          12  cmd.o(FSymTab)
    __fsym_list_thread                       0x0801c18c   Data          12  cmd.o(FSymTab)
    __fsym_list_sem                          0x0801c198   Data          12  cmd.o(FSymTab)
    __fsym_list_event                        0x0801c1a4   Data          12  cmd.o(FSymTab)
    __fsym_list_mutex                        0x0801c1b0   Data          12  cmd.o(FSymTab)
    __fsym_list_mailbox                      0x0801c1bc   Data          12  cmd.o(FSymTab)
    __fsym_list_msgqueue                     0x0801c1c8   Data          12  cmd.o(FSymTab)
    __fsym_list_mempool                      0x0801c1d4   Data          12  cmd.o(FSymTab)
    __fsym_list_timer                        0x0801c1e0   Data          12  cmd.o(FSymTab)
    __fsym_list_device                       0x0801c1ec   Data          12  cmd.o(FSymTab)
    __fsym_list                              0x0801c1f8   Data          12  cmd.o(FSymTab)
    __fsym_set_if                            0x0801c204   Data          12  ethernetif.o(FSymTab)
    __fsym_set_dns                           0x0801c210   Data          12  ethernetif.o(FSymTab)
    __fsym_list_if                           0x0801c21c   Data          12  ethernetif.o(FSymTab)
    __fsym_list_tcps                         0x0801c228   Data          12  ethernetif.o(FSymTab)
    FSymTab$$Limit                           0x0801c234   Number         0  ethernetif.o(FSymTab)
    Region$$Table$$Base                      0x0801c234   Number         0  anon$$obj.o(Region$$Table)
    Region$$Table$$Limit                     0x0801c254   Number         0  anon$$obj.o(Region$$Table)
    VSymTab$$Base                            0x0801c254   Number         0  cmd.o(VSymTab)
    __vsym_dummy                             0x0801c254   Data          16  cmd.o(VSymTab)
    VSymTab$$Limit                           0x0801c264   Number         0  cmd.o(VSymTab)
    __ctype                                  0x0801c271   Data           0  lc_ctype_c.o(locale$$data)
    DMATxDescToSet                           0x20000010   Data           4  stm32_eth.o(.data)
    DMARxDescToGet                           0x20000014   Data           4  stm32_eth.o(.data)
    DMAPTPTxDescToSet                        0x20000018   Data           4  stm32_eth.o(.data)
    DMAPTPRxDescToGet                        0x2000001c   Data           4  stm32_eth.o(.data)
    uart1                                    0x20000020   Data          12  usart.o(.data)
    uart2                                    0x2000002c   Data          12  usart.o(.data)
    SystemCoreClock                          0x20000038   Data           4  system_stm32f10x.o(.data)
    AHBPrescTable                            0x2000003c   Data          16  system_stm32f10x.o(.data)
    rt_interrupt_nest                        0x20000068   Data           1  irq.o(.data)
    rt_object_trytake_hook                   0x200000a4   Data           4  object.o(.data)
    rt_object_take_hook                      0x200000a8   Data           4  object.o(.data)
    rt_object_put_hook                       0x200000ac   Data           4  object.o(.data)
    rt_object_container                      0x200000b0   Data         144  object.o(.data)
    rt_current_priority                      0x20000140   Data           1  scheduler.o(.data)
    rt_current_thread                        0x20000144   Data           4  scheduler.o(.data)
    rt_thread_ready_priority_group           0x20000148   Data           4  scheduler.o(.data)
    rt_thread_defunct                        0x20000150   Data           8  scheduler.o(.data)
    rt_interrupt_from_thread                 0x20000168   Data           4  cpuport.o(.data)
    rt_interrupt_to_thread                   0x2000016c   Data           4  cpuport.o(.data)
    rt_thread_switch_interrupt_flag          0x20000170   Data           4  cpuport.o(.data)
    working_directory                        0x20000174   Data         256  dfs.o(.data)
    finsh_compile_sp                         0x20000278   Data           4  finsh_compiler.o(.data)
    finsh_compile_pc                         0x2000027c   Data           4  finsh_compiler.o(.data)
    global_errno                             0x20000280   Data           1  finsh_error.o(.data)
    global_sysvar_list                       0x200002c8   Data           4  finsh_var.o(.data)
    global_syscall_list                      0x200002cc   Data           4  finsh_vm.o(.data)
    finsh_sp                                 0x200002d0   Data           4  finsh_vm.o(.data)
    finsh_pc                                 0x200002d4   Data           4  finsh_vm.o(.data)
    shell                                    0x200002d8   Data           4  shell.o(.data)
    _syscall_table_begin                     0x20000360   Data           4  symbol.o(.data)
    _syscall_table_end                       0x20000364   Data           4  symbol.o(.data)
    _sysvar_table_begin                      0x20000368   Data           4  symbol.o(.data)
    _sysvar_table_end                        0x2000036c   Data           4  symbol.o(.data)
    netif_list                               0x200003a8   Data           4  netif.o(.data)
    netif_default                            0x200003ac   Data           4  netif.o(.data)
    tcp_ticks                                0x200003c0   Data           4  tcp.o(.data)
    tcp_bound_pcbs                           0x200003c4   Data           4  tcp.o(.data)
    tcp_listen_pcbs                          0x200003c8   Data           4  tcp.o(.data)
    tcp_active_pcbs                          0x200003cc   Data           4  tcp.o(.data)
    tcp_tw_pcbs                              0x200003d0   Data           4  tcp.o(.data)
    tcp_tmp_pcb                              0x200003d4   Data           4  tcp.o(.data)
    tcp_input_pcb                            0x200003f0   Data           4  tcp_in.o(.data)
    udp_pcbs                                 0x200003fc   Data           4  udp.o(.data)
    current_netif                            0x20000404   Data           4  ip.o(.data)
    current_header                           0x20000408   Data           4  ip.o(.data)
    current_iphdr_src                        0x2000040c   Data           4  ip.o(.data)
    current_iphdr_dest                       0x20000410   Data           4  ip.o(.data)
    uart1_int_rx                             0x20002a28   Data         136  usart.o(.bss)
    uart1_device                             0x20002ab0   Data          64  usart.o(.bss)
    uart2_device                             0x20002af0   Data          64  usart.o(.bss)
    uart2_int_rx                             0x20002b30   Data         136  usart.o(.bss)
    rt_thread_priority_table                 0x20002dd8   Data         256  scheduler.o(.bss)
    filesystem_operation_table               0x20002ed8   Data          16  dfs.o(.bss)
    filesystem_table                         0x20002ee8   Data          32  dfs.o(.bss)
    fd_table                                 0x20002f2c   Data         128  dfs.o(.bss)
    finsh_heap                               0x200030d0   Data         128  finsh_heap.o(.bss)
    global_node_table                        0x20003150   Data         320  finsh_node.o(.bss)
    global_variable                          0x20003290   Data         192  finsh_var.o(.bss)
    finsh_vm_stack                           0x20003350   Data         256  finsh_vm.o(.bss)
    text_segment                             0x20003450   Data         128  finsh_vm.o(.bss)
    dhcp_rx_options_val                      0x20003db0   Data          40  dhcp.o(.bss)
    dhcp_rx_options_given                    0x20003dd8   Data          10  dhcp.o(.bss)
    __libspace_start                         0x20004a8c   Data          96  libspace.o(.bss)
    __temporary_stack_top$libspace           0x20004aec   Data           0  libspace.o(.bss)
    Image$$RW_IRAM1$$ZI$$Limit               0x200050f0   Number         0  startup_stm32f10x_cl.o(STACK)



==============================================================================

Memory Map of the image

  Image Entry point : 0x08000151

  Load Region LR_IROM1 (Base: 0x08000000, Size: 0x0001c78c, Max: 0x00040000, ABSOLUTE, COMPRESSED[0x0001c448])

    Execution Region ER_IROM1 (Base: 0x08000000, Size: 0x0001c374, Max: 0x00040000, ABSOLUTE)

    Base Addr    Size         Type   Attr      Idx    E Section Name        Object

    0x08000000   0x00000150   Data   RO          981    RESET               startup_stm32f10x_cl.o
    0x08000150   0x00000008   Code   RO         3546  * !!!main             c_w.l(__main.o)
    0x08000158   0x00000034   Code   RO         4036    !!!scatter          c_w.l(__scatter.o)
    0x0800018c   0x0000005a   Code   RO         4034    !!dczerorl2         c_w.l(__dczerorl2.o)
    0x080001e6   0x00000002   PAD
    0x080001e8   0x0000001c   Code   RO         4038    !!handler_zi        c_w.l(__scatter_zi.o)
    0x08000204   0x00000006   Code   RO         3972    .ARM.Collect$$libinit$$00000000  c_w.l(libinit.o)
    0x0800020a   0x00000000   Code   RO         3722    .ARM.Collect$$libinit$$00000006  c_w.l(libinit2.o)
    0x0800020a   0x00000000   Code   RO         3724    .ARM.Collect$$libinit$$00000008  c_w.l(libinit2.o)
    0x0800020a   0x00000000   Code   RO         3726    .ARM.Collect$$libinit$$0000000A  c_w.l(libinit2.o)
    0x0800020a   0x00000006   Code   RO         3727    .ARM.Collect$$libinit$$0000000B  c_w.l(libinit2.o)
    0x08000210   0x00000000   Code   RO         3729    .ARM.Collect$$libinit$$0000000D  c_w.l(libinit2.o)
    0x08000210   0x0000000c   Code   RO         3730    .ARM.Collect$$libinit$$0000000E  c_w.l(libinit2.o)
    0x0800021c   0x00000000   Code   RO         3731    .ARM.Collect$$libinit$$0000000F  c_w.l(libinit2.o)
    0x0800021c   0x00000000   Code   RO         3733    .ARM.Collect$$libinit$$00000011  c_w.l(libinit2.o)
    0x0800021c   0x00000000   Code   RO         3735    .ARM.Collect$$libinit$$00000013  c_w.l(libinit2.o)
    0x0800021c   0x00000000   Code   RO         3737    .ARM.Collect$$libinit$$00000015  c_w.l(libinit2.o)
    0x0800021c   0x00000000   Code   RO         3739    .ARM.Collect$$libinit$$00000017  c_w.l(libinit2.o)
    0x0800021c   0x00000000   Code   RO         3741    .ARM.Collect$$libinit$$00000019  c_w.l(libinit2.o)
    0x0800021c   0x00000000   Code   RO         3743    .ARM.Collect$$libinit$$0000001B  c_w.l(libinit2.o)
    0x0800021c   0x00000000   Code   RO         3745    .ARM.Collect$$libinit$$0000001D  c_w.l(libinit2.o)
    0x0800021c   0x00000000   Code   RO         3747    .ARM.Collect$$libinit$$0000001F  c_w.l(libinit2.o)
    0x0800021c   0x00000000   Code   RO         3749    .ARM.Collect$$libinit$$00000021  c_w.l(libinit2.o)
    0x0800021c   0x00000000   Code   RO         3753    .ARM.Collect$$libinit$$00000028  c_w.l(libinit2.o)
    0x0800021c   0x00000000   Code   RO         3755    .ARM.Collect$$libinit$$0000002A  c_w.l(libinit2.o)
    0x0800021c   0x00000000   Code   RO         3757    .ARM.Collect$$libinit$$0000002C  c_w.l(libinit2.o)
    0x0800021c   0x00000000   Code   RO         3759    .ARM.Collect$$libinit$$0000002E  c_w.l(libinit2.o)
    0x0800021c   0x00000002   Code   RO         3760    .ARM.Collect$$libinit$$0000002F  c_w.l(libinit2.o)
    0x0800021e   0x00000002   Code   RO         4031    .ARM.Collect$$libshutdown$$00000000  c_w.l(libshutdown.o)
    0x08000220   0x00000000   Code   RO         3897    .ARM.Collect$$libshutdown$$00000003  c_w.l(libshutdown2.o)
    0x08000220   0x00000000   Code   RO         3900    .ARM.Collect$$libshutdown$$00000006  c_w.l(libshutdown2.o)
    0x08000220   0x00000000   Code   RO         3903    .ARM.Collect$$libshutdown$$00000009  c_w.l(libshutdown2.o)
    0x08000220   0x00000000   Code   RO         3905    .ARM.Collect$$libshutdown$$0000000B  c_w.l(libshutdown2.o)
    0x08000220   0x00000000   Code   RO         3908    .ARM.Collect$$libshutdown$$0000000E  c_w.l(libshutdown2.o)
    0x08000220   0x00000002   Code   RO         3909    .ARM.Collect$$libshutdown$$0000000F  c_w.l(libshutdown2.o)
    0x08000222   0x00000000   Code   RO         3598    .ARM.Collect$$rtentry$$00000000  c_w.l(rtentry.o)
    0x08000222   0x00000000   Code   RO         3797    .ARM.Collect$$rtentry$$00000002  c_w.l(rtentry2.o)
    0x08000222   0x00000006   Code   RO         3809    .ARM.Collect$$rtentry$$00000004  c_w.l(rtentry4.o)
    0x08000228   0x00000000   Code   RO         3799    .ARM.Collect$$rtentry$$00000009  c_w.l(rtentry2.o)
    0x08000228   0x00000004   Code   RO         3800    .ARM.Collect$$rtentry$$0000000A  c_w.l(rtentry2.o)
    0x0800022c   0x00000000   Code   RO         3802    .ARM.Collect$$rtentry$$0000000C  c_w.l(rtentry2.o)
    0x0800022c   0x00000008   Code   RO         3803    .ARM.Collect$$rtentry$$0000000D  c_w.l(rtentry2.o)
    0x08000234   0x00000002   Code   RO         3977    .ARM.Collect$$rtexit$$00000000  c_w.l(rtexit.o)
    0x08000236   0x00000000   Code   RO         4002    .ARM.Collect$$rtexit$$00000002  c_w.l(rtexit2.o)
    0x08000236   0x00000004   Code   RO         4003    .ARM.Collect$$rtexit$$00000003  c_w.l(rtexit2.o)
    0x0800023a   0x00000006   Code   RO         4004    .ARM.Collect$$rtexit$$00000004  c_w.l(rtexit2.o)
    0x08000240   0x000000c4   Code   RO            3    .text               application.o
    0x08000304   0x000000bc   Code   RO          236    .text               startup.o
    0x080003c0   0x0000006c   Code   RO          257    .text               board.o
    0x0800042c   0x00000094   Code   RO          309    .text               platform.o
    0x080004c0   0x0000022c   Code   RO          343    .text               rt_stm32f10x_spi.o
    0x080006ec   0x00000524   Code   RO          365    .text               serial.o
    0x08000c10   0x00001c74   Code   RO          386    .text               stm32_eth.o
    0x08002884   0x00000040   Code   RO          432    .text               stm32f10x_it.o
    0x080028c4   0x000001a0   Code   RO          456    .text               usart.o
    0x08002a64   0x000001a8   Code   RO          482    .text               system_stm32f10x.o
    0x08002c0c   0x00000930   Code   RO          528    .text               stm32f10x_rcc.o
    0x0800353c   0x00000864   Code   RO          774    .text               stm32f10x_spi.o
    0x08003da0   0x00000954   Code   RO          838    .text               stm32f10x_gpio.o
    0x080046f4   0x00000c14   Code   RO          858    .text               stm32f10x_usart.o
    0x08005308   0x0000080c   Code   RO          898    .text               stm32f10x_dma.o
    0x08005b14   0x0000019c   Code   RO          961    .text               misc.o
    0x08005cb0   0x00000040   Code   RO          982    .text               startup_stm32f10x_cl.o
    0x08005cf0   0x00000060   Code   RO          986    .text               clock.o
    0x08005d50   0x00000344   Code   RO         1000    .text               device.o
    0x08006094   0x00000140   Code   RO         1014    .text               idle.o
    0x080061d4   0x00001464   Code   RO         1034    .text               ipc.o
    0x08007638   0x00000038   Code   RO         1051    .text               irq.o
    0x08007670   0x0000077c   Code   RO         1066    .text               kservice.o
    0x08007dec   0x00000754   Code   RO         1084    .text               mem.o
    0x08008540   0x0000039c   Code   RO         1104    .text               mempool.o
    0x080088dc   0x000002cc   Code   RO         1122    .text               object.o
    0x08008ba8   0x00000288   Code   RO         1142    .text               scheduler.o
    0x08008e30   0x000005dc   Code   RO         1163    .text               thread.o
    0x0800940c   0x00000390   Code   RO         1180    .text               timer.o
    0x0800979c   0x00000198   Code   RO         1199    .text               cpuport.o
    0x08009934   0x000000d4   Code   RO         1218    .text               context_rvds.o
    0x08009a08   0x00000350   Code   RO         1256    .text               dfs.o
    0x08009d58   0x000004e8   Code   RO         1291    .text               dfs_fs.o
    0x0800a240   0x000005b0   Code   RO         1313    .text               dfs_file.o
    0x0800a7f0   0x000004ac   Code   RO         1341    .text               dfs_posix.o
    0x0800ac9c   0x000005ac   Code   RO         1413    .text               spi_core.o
    0x0800b248   0x000002c0   Code   RO         1426    .text               spi_dev.o
    0x0800b508   0x00000ac8   Code   RO         1439    .text               cmd.o
    0x0800bfd0   0x0000077c   Code   RO         1499    .text               finsh_compiler.o
    0x0800c74c   0x00000024   Code   RO         1536    .text               finsh_error.o
    0x0800c770   0x000001a8   Code   RO         1552    .text               finsh_heap.o
    0x0800c918   0x0000004c   Code   RO         1569    .text               finsh_init.o
    0x0800c964   0x0000014c   Code   RO         1587    .text               finsh_node.o
    0x0800cab0   0x000004e0   Code   RO         1602    .text               finsh_ops.o
    0x0800cf90   0x00000762   Code   RO         1620    .text               finsh_parser.o
    0x0800d6f2   0x00000002   PAD
    0x0800d6f4   0x000004f8   Code   RO         1635    .text               finsh_token.o
    0x0800dbec   0x00000160   Code   RO         1650    .text               finsh_var.o
    0x0800dd4c   0x000000b0   Code   RO         1673    .text               finsh_vm.o
    0x0800ddfc   0x00000648   Code   RO         1700    .text               shell.o
    0x0800e444   0x00000040   Code   RO         1739    .text               components.o
    0x0800e484   0x00000a04   Code   RO         1965    .text               api_lib.o
    0x0800ee88   0x00001454   Code   RO         2044    .text               api_msg.o
    0x080102dc   0x00000304   Code   RO         2116    .text               netbuf.o
    0x080105e0   0x000000ca   Code   RO         2172    .text               netifapi.o
    0x080106aa   0x00000002   PAD
    0x080106ac   0x0000154c   Code   RO         2220    .text               sockets.o
    0x08011bf8   0x00000308   Code   RO         2272    .text               tcpip.o
    0x08011f00   0x000006e8   Code   RO         2329    .text               sys_arch.o
    0x080125e8   0x00000010   Code   RO         2366    .text               def.o
    0x080125f8   0x00001454   Code   RO         2379    .text               dhcp.o
    0x08013a4c   0x00000600   Code   RO         2414    .text               dns.o
    0x0801404c   0x00000024   Code   RO         2442    .text               init.o
    0x08014070   0x0000023c   Code   RO         2518    .text               netif.o
    0x080142ac   0x00000cb2   Code   RO         2562    .text               pbuf.o
    0x08014f5e   0x00000002   PAD
    0x08014f60   0x000001d4   Code   RO         2607    .text               raw.o
    0x08015134   0x00000e1c   Code   RO         2639    .text               tcp.o
    0x08015f50   0x000014e4   Code   RO         2667    .text               tcp_in.o
    0x08017434   0x00000fa0   Code   RO         2693    .text               tcp_out.o
    0x080183d4   0x00000268   Code   RO         2706    .text               timers.o
    0x0801863c   0x00000454   Code   RO         2750    .text               udp.o
    0x08018a90   0x00000330   Code   RO         2786    .text               icmp.o
    0x08018dc0   0x00000228   Code   RO         2810    .text               inet_chksum.o
    0x08018fe8   0x00000318   Code   RO         2822    .text               ip.o
    0x08019300   0x00000234   Code   RO         2850    .text               ip_addr.o
    0x08019534   0x00000978   Code   RO         2883    .text               etharp.o
    0x08019eac   0x00000914   Code   RO         2912    .text               ethernetif.o
    0x0801a7c0   0x0000001a   Code   RO         3480    .text               c_w.l(atoi.o)
    0x0801a7da   0x00000070   Code   RO         3484    .text               c_w.l(strtol.o)
    0x0801a84a   0x00000048   Code   RO         3516    .text               c_w.l(strcpy.o)
    0x0801a892   0x0000003e   Code   RO         3520    .text               c_w.l(strlen.o)
    0x0801a8d0   0x00000096   Code   RO         3522    .text               c_w.l(strncmp.o)
    0x0801a966   0x00000018   Code   RO         3524    .text               c_w.l(strcat.o)
    0x0801a97e   0x0000008a   Code   RO         3526    .text               c_w.l(rt_memcpy_v6.o)
    0x0801aa08   0x00000064   Code   RO         3528    .text               c_w.l(rt_memcpy_w.o)
    0x0801aa6c   0x00000044   Code   RO         3532    .text               c_w.l(rt_memclr.o)
    0x0801aab0   0x0000004e   Code   RO         3534    .text               c_w.l(rt_memclr_w.o)
    0x0801aafe   0x00000056   Code   RO         3536    .text               c_w.l(strncpy.o)
    0x0801ab54   0x00000006   Code   RO         3544    .text               c_w.l(heapauxi.o)
    0x0801ab5a   0x00000002   Code   RO         3593    .text               c_w.l(use_no_semi.o)
    0x0801ab5c   0x00000000   Code   RO         3597    .text               c_w.l(indicate_semi.o)
    0x0801ab5c   0x00000010   Code   RO         3599    .text               c_w.l(rt_ctype_table.o)
    0x0801ab6c   0x00000008   Code   RO         3609    .text               c_w.l(rt_locale_intlibspace.o)
    0x0801ab74   0x00000008   Code   RO         3614    .text               c_w.l(rt_errno_addr_intlibspace.o)
    0x0801ab7c   0x0000001c   Code   RO         3683    .text               c_w.l(_chval.o)
    0x0801ab98   0x0000009e   Code   RO         3689    .text               c_w.l(_strtoul.o)
    0x0801ac36   0x00000002   PAD
    0x0801ac38   0x00000008   Code   RO         3793    .text               c_w.l(libspace.o)
    0x0801ac40   0x0000004a   Code   RO         3926    .text               c_w.l(sys_stackheap_outer.o)
    0x0801ac8a   0x0000000c   Code   RO         3953    .text               c_w.l(exit.o)
    0x0801ac96   0x00000002   PAD
    0x0801ac98   0x0000000c   Code   RO         3975    .text               c_w.l(sys_exit.o)
    0x0801aca4   0x00000008   Code   RO         4011    .text               c_w.l(rt_fp_status_addr_intlibspace.o)
    0x0801acac   0x0000002c   Code   RO         3873    locale$$code        c_w.l(lc_ctype_c.o)
    0x0801acd8   0x0000000e   Code   RO         3995    x$fpl$fpinit        fz_ws.l(fpinit.o)
    0x0801ace6   0x00000085   Data   RO          366    .constdata          serial.o
    0x0801ad6b   0x000000a8   Data   RO         1001    .constdata          device.o
    0x0801ae13   0x00000016   Data   RO         1016    .constdata          idle.o
    0x0801ae29   0x000001c6   Data   RO         1035    .constdata          ipc.o
    0x0801afef   0x00000122   Data   RO         1068    .constdata          kservice.o
    0x0801b111   0x00000009   Data   RO         1086    .constdata          mem.o
    0x0801b11a   0x0000001e   Data   RO         1087    .constdata          mem.o
    0x0801b138   0x00000138   Data   RO         1088    .constdata          mem.o
    0x0801b270   0x0000003e   Data   RO         1105    .constdata          mempool.o
    0x0801b2ae   0x0000005e   Data   RO         1123    .constdata          object.o
    0x0801b30c   0x0000004e   Data   RO         1144    .constdata          scheduler.o
    0x0801b35a   0x000000aa   Data   RO         1164    .constdata          thread.o
    0x0801b404   0x0000005c   Data   RO         1181    .constdata          timer.o
    0x0801b460   0x00000013   Data   RO         1200    .constdata          cpuport.o
    0x0801b473   0x00000023   Data   RO         1258    .constdata          dfs.o
    0x0801b496   0x00000005   Data   RO         1292    .constdata          dfs_fs.o
    0x0801b49b   0x00000013   Data   RO         1293    .constdata          dfs_fs.o
    0x0801b4ae   0x00000003   Data   RO         1294    .constdata          dfs_fs.o
    0x0801b4b1   0x0000000e   Data   RO         1295    .constdata          dfs_fs.o
    0x0801b4bf   0x0000001d   Data   RO         1296    .constdata          dfs_fs.o
    0x0801b4dc   0x00000003   Data   RO         1315    .constdata          dfs_file.o
    0x0801b4df   0x00000018   Data   RO         1316    .constdata          dfs_file.o
    0x0801b4f7   0x00000003   Data   RO         1317    .constdata          dfs_file.o
    0x0801b4fa   0x0000001c   Data   RO         1318    .constdata          dfs_file.o
    0x0801b516   0x00000004   Data   RO         1319    .constdata          dfs_file.o
    0x0801b51a   0x0000000b   Data   RO         1320    .constdata          dfs_file.o
    0x0801b525   0x00000005   Data   RO         1321    .constdata          dfs_file.o
    0x0801b52a   0x00000025   Data   RO         1322    .constdata          dfs_file.o
    0x0801b54f   0x00000006   Data   RO         1342    .constdata          dfs_posix.o
    0x0801b555   0x00000013   Data   RO         1343    .constdata          dfs_posix.o
    0x0801b568   0x00000003   Data   RO         1344    .constdata          dfs_posix.o
    0x0801b56b   0x00000021   Data   RO         1345    .constdata          dfs_posix.o
    0x0801b58c   0x000000a3   Data   RO         1414    .constdata          spi_core.o
    0x0801b62f   0x000000d9   Data   RO         1427    .constdata          spi_dev.o
    0x0801b708   0x00000006   Data   RO         1440    .constdata          cmd.o
    0x0801b70e   0x00000010   Data   RO         1441    .constdata          cmd.o
    0x0801b71e   0x00000008   Data   RO         1442    .constdata          cmd.o
    0x0801b726   0x00000023   Data   RO         1443    .constdata          cmd.o
    0x0801b749   0x0000000c   Data   RO         1444    .constdata          cmd.o
    0x0801b755   0x0000000c   Data   RO         1445    .constdata          cmd.o
    0x0801b761   0x00000009   Data   RO         1446    .constdata          cmd.o
    0x0801b76a   0x00000019   Data   RO         1447    .constdata          cmd.o
    0x0801b783   0x0000000b   Data   RO         1448    .constdata          cmd.o
    0x0801b78e   0x00000015   Data   RO         1449    .constdata          cmd.o
    0x0801b7a3   0x0000000b   Data   RO         1450    .constdata          cmd.o
    0x0801b7ae   0x00000015   Data   RO         1451    .constdata          cmd.o
    0x0801b7c3   0x0000000d   Data   RO         1452    .constdata          cmd.o
    0x0801b7d0   0x00000018   Data   RO         1453    .constdata          cmd.o
    0x0801b7e8   0x0000000e   Data   RO         1454    .constdata          cmd.o
    0x0801b7f6   0x0000001d   Data   RO         1455    .constdata          cmd.o
    0x0801b813   0x0000000d   Data   RO         1456    .constdata          cmd.o
    0x0801b820   0x0000001b   Data   RO         1457    .constdata          cmd.o
    0x0801b83b   0x0000000b   Data   RO         1458    .constdata          cmd.o
    0x0801b846   0x00000015   Data   RO         1459    .constdata          cmd.o
    0x0801b85b   0x0000000c   Data   RO         1460    .constdata          cmd.o
    0x0801b867   0x00000016   Data   RO         1461    .constdata          cmd.o
    0x0801b87d   0x00000005   Data   RO         1462    .constdata          cmd.o
    0x0801b882   0x0000001a   Data   RO         1463    .constdata          cmd.o
    0x0801b89c   0x00000006   Data   RO         1464    .constdata          cmd.o
    0x0801b8a2   0x00000019   Data   RO         1465    .constdata          cmd.o
    0x0801b8bb   0x00000001   PAD
    0x0801b8bc   0x000000d7   Data   RO         1466    .constdata          cmd.o
    0x0801b993   0x00000001   PAD
    0x0801b994   0x000000c4   Data   RO         1603    .constdata          finsh_ops.o
    0x0801ba58   0x00000040   Data   RO         1636    .constdata          finsh_token.o
    0x0801ba98   0x0000004d   Data   RO         1702    .constdata          shell.o
    0x0801bae5   0x00000003   PAD
    0x0801bae8   0x00000040   Data   RO         2222    .constdata          sockets.o
    0x0801bb28   0x000000b3   Data   RO         2330    .constdata          sys_arch.o
    0x0801bbdb   0x00000001   PAD
    0x0801bbdc   0x00000089   Data   RO         2381    .constdata          dhcp.o
    0x0801bc65   0x00000003   PAD
    0x0801bc68   0x0000005c   Data   RO         2443    .constdata          init.o
    0x0801bcc4   0x0000001c   Data   RO         2485    .constdata          memp.o
    0x0801bce0   0x00000054   Data   RO         2640    .constdata          tcp.o
    0x0801bd34   0x00000055   Data   RO         2694    .constdata          tcp_out.o
    0x0801bd89   0x00000003   PAD
    0x0801bd8c   0x00000004   Data   RO         2852    .constdata          ip_addr.o
    0x0801bd90   0x00000004   Data   RO         2853    .constdata          ip_addr.o
    0x0801bd94   0x00000050   Data   RO         2885    .constdata          etharp.o
    0x0801bde4   0x00000007   Data   RO         2914    .constdata          ethernetif.o
    0x0801bdeb   0x0000001e   Data   RO         2915    .constdata          ethernetif.o
    0x0801be09   0x00000008   Data   RO         2916    .constdata          ethernetif.o
    0x0801be11   0x00000017   Data   RO         2917    .constdata          ethernetif.o
    0x0801be28   0x00000008   Data   RO         2918    .constdata          ethernetif.o
    0x0801be30   0x00000023   Data   RO         2919    .constdata          ethernetif.o
    0x0801be53   0x0000000a   Data   RO         2920    .constdata          ethernetif.o
    0x0801be5d   0x0000001c   Data   RO         2921    .constdata          ethernetif.o
    0x0801be79   0x00000041   Data   RO         2922    .constdata          ethernetif.o
    0x0801beba   0x000000d6   Data   RO         1467    .conststring        cmd.o
    0x0801bf90   0x000000d8   Data   RO         1537    .conststring        finsh_error.o
    0x0801c068   0x0000002c   Data   RO         1637    .conststring        finsh_token.o
    0x0801c094   0x00000068   Data   RO         2641    .conststring        tcp.o
    0x0801c0fc   0x00000004   Data   RO         1740    .rti_fn.0           components.o
    0x0801c100   0x00000004   Data   RO         1741    .rti_fn.1.post      components.o
    0x0801c104   0x00000004   Data   RO         1742    .rti_fn.7           components.o
    0x0801c108   0x0000000c   Data   RO         1090    FSymTab             mem.o
    0x0801c114   0x0000000c   Data   RO         1297    FSymTab             dfs_fs.o
    0x0801c120   0x0000000c   Data   RO         1298    FSymTab             dfs_fs.o
    0x0801c12c   0x0000000c   Data   RO         1323    FSymTab             dfs_file.o
    0x0801c138   0x0000000c   Data   RO         1324    FSymTab             dfs_file.o
    0x0801c144   0x0000000c   Data   RO         1325    FSymTab             dfs_file.o
    0x0801c150   0x0000000c   Data   RO         1326    FSymTab             dfs_file.o
    0x0801c15c   0x0000000c   Data   RO         1346    FSymTab             dfs_posix.o
    0x0801c168   0x0000000c   Data   RO         1347    FSymTab             dfs_posix.o
    0x0801c174   0x0000000c   Data   RO         1469    FSymTab             cmd.o
    0x0801c180   0x0000000c   Data   RO         1470    FSymTab             cmd.o
    0x0801c18c   0x0000000c   Data   RO         1471    FSymTab             cmd.o
    0x0801c198   0x0000000c   Data   RO         1472    FSymTab             cmd.o
    0x0801c1a4   0x0000000c   Data   RO         1473    FSymTab             cmd.o
    0x0801c1b0   0x0000000c   Data   RO         1474    FSymTab             cmd.o
    0x0801c1bc   0x0000000c   Data   RO         1475    FSymTab             cmd.o
    0x0801c1c8   0x0000000c   Data   RO         1476    FSymTab             cmd.o
    0x0801c1d4   0x0000000c   Data   RO         1477    FSymTab             cmd.o
    0x0801c1e0   0x0000000c   Data   RO         1478    FSymTab             cmd.o
    0x0801c1ec   0x0000000c   Data   RO         1479    FSymTab             cmd.o
    0x0801c1f8   0x0000000c   Data   RO         1480    FSymTab             cmd.o
    0x0801c204   0x0000000c   Data   RO         2924    FSymTab             ethernetif.o
    0x0801c210   0x0000000c   Data   RO         2925    FSymTab             ethernetif.o
    0x0801c21c   0x0000000c   Data   RO         2926    FSymTab             ethernetif.o
    0x0801c228   0x0000000c   Data   RO         2927    FSymTab             ethernetif.o
    0x0801c234   0x00000020   Data   RO         4032    Region$$Table       anon$$obj.o
    0x0801c254   0x00000010   Data   RO         1481    VSymTab             cmd.o
    0x0801c264   0x00000110   Data   RO         3872    locale$$data        c_w.l(lc_ctype_c.o)


    Execution Region RW_IRAM1 (Base: 0x20000000, Size: 0x000050f0, Max: 0x00010000, ABSOLUTE, COMPRESSED[0x000000d4])

    Base Addr    Size         Type   Attr      Idx    E Section Name        Object

    0x20000000   0x00000008   Data   RW          311    .data               platform.o
    0x20000008   0x00000008   Data   RW          344    .data               rt_stm32f10x_spi.o
    0x20000010   0x00000010   Data   RW          388    .data               stm32_eth.o
    0x20000020   0x00000018   Data   RW          460    .data               usart.o
    0x20000038   0x00000014   Data   RW          483    .data               system_stm32f10x.o
    0x2000004c   0x00000014   Data   RW          529    .data               stm32f10x_rcc.o
    0x20000060   0x00000004   Data   RW          987    .data               clock.o
    0x20000064   0x00000004   Data   RW         1017    .data               idle.o
    0x20000068   0x00000001   Data   RW         1052    .data               irq.o
    0x20000069   0x00000003   PAD
    0x2000006c   0x00000008   Data   RW         1069    .data               kservice.o
    0x20000074   0x00000020   Data   RW         1089    .data               mem.o
    0x20000094   0x00000008   Data   RW         1106    .data               mempool.o
    0x2000009c   0x000000a4   Data   RW         1124    .data               object.o
    0x20000140   0x00000018   Data   RW         1145    .data               scheduler.o
    0x20000158   0x0000000c   Data   RW         1182    .data               timer.o
    0x20000164   0x00000004   Data   RW         1201    .data               cpuport.o
    0x20000168   0x00000004   Data   RW         1202    .data               cpuport.o
    0x2000016c   0x00000004   Data   RW         1203    .data               cpuport.o
    0x20000170   0x00000004   Data   RW         1204    .data               cpuport.o
    0x20000174   0x00000100   Data   RW         1259    .data               dfs.o
    0x20000274   0x00000004   Data   RW         1468    .data               cmd.o
    0x20000278   0x00000008   Data   RW         1500    .data               finsh_compiler.o
    0x20000280   0x00000040   Data   RW         1538    .data               finsh_error.o
    0x200002c0   0x00000008   Data   RW         1554    .data               finsh_heap.o
    0x200002c8   0x00000004   Data   RW         1652    .data               finsh_var.o
    0x200002cc   0x0000000c   Data   RW         1675    .data               finsh_vm.o
    0x200002d8   0x00000085   Data   RW         1703    .data               shell.o
    0x2000035d   0x00000003   PAD
    0x20000360   0x00000004   Data   RW         1723    .data               symbol.o
    0x20000364   0x00000004   Data   RW         1724    .data               symbol.o
    0x20000368   0x00000004   Data   RW         1725    .data               symbol.o
    0x2000036c   0x00000004   Data   RW         1726    .data               symbol.o
    0x20000370   0x00000008   Data   RW         2223    .data               sockets.o
    0x20000378   0x0000000c   Data   RW         2273    .data               tcpip.o
    0x20000384   0x00000006   Data   RW         2331    .data               sys_arch.o
    0x2000038a   0x00000002   PAD
    0x2000038c   0x00000004   Data   RW         2382    .data               dhcp.o
    0x20000390   0x00000014   Data   RW         2416    .data               dns.o
    0x200003a4   0x0000000c   Data   RW         2519    .data               netif.o
    0x200003b0   0x00000001   Data   RW         2563    .data               pbuf.o
    0x200003b1   0x00000003   PAD
    0x200003b4   0x00000004   Data   RW         2608    .data               raw.o
    0x200003b8   0x00000020   Data   RW         2642    .data               tcp.o
    0x200003d8   0x0000001c   Data   RW         2669    .data               tcp_in.o
    0x200003f4   0x00000008   Data   RW         2707    .data               timers.o
    0x200003fc   0x00000004   Data   RW         2751    .data               udp.o
    0x20000400   0x00000014   Data   RW         2823    .data               ip.o
    0x20000414   0x00000001   Data   RW         2886    .data               etharp.o
    0x20000415   0x00000003   PAD
    0x20000418   0x000000bc   Zero   RW          310    .bss                platform.o
    0x200004d4   0x00002554   Zero   RW          387    .bss                stm32_eth.o
    0x20002a28   0x00000088   Zero   RW          457    .bss                usart.o
    0x20002ab0   0x00000080   Zero   RW          458    .bss                usart.o
    0x20002b30   0x00000088   Zero   RW          459    .bss                usart.o
    0x20002bb8   0x00000180   Zero   RW         1015    .bss                idle.o
    0x20002d38   0x00000080   Zero   RW         1067    .bss                kservice.o
    0x20002db8   0x00000020   Zero   RW         1085    .bss                mem.o
    0x20002dd8   0x00000100   Zero   RW         1143    .bss                scheduler.o
    0x20002ed8   0x000000d4   Zero   RW         1257    .bss                dfs.o
    0x20002fac   0x00000124   Zero   RW         1314    .bss                dfs_file.o
    0x200030d0   0x00000080   Zero   RW         1553    .bss                finsh_heap.o
    0x20003150   0x00000140   Zero   RW         1588    .bss                finsh_node.o
    0x20003290   0x000000c0   Zero   RW         1651    .bss                finsh_var.o
    0x20003350   0x00000180   Zero   RW         1674    .bss                finsh_vm.o
    0x200034d0   0x00000880   Zero   RW         1701    .bss                shell.o
    0x20003d50   0x00000060   Zero   RW         2221    .bss                sockets.o
    0x20003db0   0x00000032   Zero   RW         2380    .bss                dhcp.o
    0x20003de2   0x00000002   PAD
    0x20003de4   0x00000663   Zero   RW         2415    .bss                dns.o
    0x20004447   0x00000001   PAD
    0x20004448   0x00000014   Zero   RW         2668    .bss                tcp_in.o
    0x2000445c   0x00000010   Zero   RW         2851    .bss                ip_addr.o
    0x2000446c   0x000000a0   Zero   RW         2884    .bss                etharp.o
    0x2000450c   0x00000580   Zero   RW         2913    .bss                ethernetif.o
    0x20004a8c   0x00000060   Zero   RW         3794    .bss                c_w.l(libspace.o)
    0x20004aec   0x00000004   PAD
    0x20004af0   0x00000200   Zero   RW          980    HEAP                startup_stm32f10x_cl.o
    0x20004cf0   0x00000400   Zero   RW          979    STACK               startup_stm32f10x_cl.o


==============================================================================

Image component sizes


      Code (inc. data)   RO Data    RW Data    ZI Data      Debug   Object Name

      2564        862          0          0          0      29247   api_lib.o
      5204       1226          0          0          0      30626   api_msg.o
       196         94          0          0          0     302566   application.o
       108         18          0          0          0      23191   board.o
        96          6          0          4          0       1432   clock.o
      2760       1190       1024          4          0      11227   cmd.o
        64         12         12          0          0       1702   components.o
       212         24          0          0          0        740   context_rvds.o
       408        220         19         16          0       2655   cpuport.o
        16          0          0          0          0       1440   def.o
       836        114        168          0          0       5489   device.o
       848        100         35        256        212       8739   dfs.o
      1456        192        163          0        292       7549   dfs_file.o
      1256        288         94          0          0       5834   dfs_fs.o
      1196         12         85          0          0       9758   dfs_posix.o
      5204       1018        137          4         50      20017   dhcp.o
      1536        242          0         20       1635      12329   dns.o
      2424        520         80          1        160      11755   etharp.o
      2324        776        262          0       1408      29436   ethernetif.o
      1916        102          0          8          0       9378   finsh_compiler.o
        36          4        216         64          0       1593   finsh_error.o
       424         14          0          8        128       3389   finsh_heap.o
        76          4          0          0          0       1528   finsh_init.o
       332          6          0          0        320       3448   finsh_node.o
      1248         36        196          0          0       8496   finsh_ops.o
      1890         32          0          0          0      10545   finsh_parser.o
      1272         18        108          0          0       6128   finsh_token.o
       352         16          0          4        192       7293   finsh_var.o
       176         22          0         12        384       6886   finsh_vm.o
       816        338          0          0          0       2435   icmp.o
       320        100         22          4        384       2811   idle.o
       552         70          0          0          0       3369   inet_chksum.o
        36          4         92          0          0      14764   init.o
       792        122          0         20          0      11170   ip.o
       564         76          8          0         16       9359   ip_addr.o
      5220        268        454          0          0      22631   ipc.o
        56          6          0          1          0       1326   irq.o
      1916        166        290          8        128      11973   kservice.o
      1876        508        363         32         32       6103   mem.o
         0          0         28          0          0       1165   memp.o
       924         98         62          8          0       5362   mempool.o
       412         70          0          0          0       2173   misc.o
         0          0          0          0          0       1956   msd.o
       772        308          0          0          0       8113   netbuf.o
         0          0          0          0          0        888   netdb.o
       572         80          0         12          0      19551   netif.o
       202          0          0          0          0      10819   netifapi.o
       716        150         94        164          0       5948   object.o
      3250       1144          0          1          0      10083   pbuf.o
       148         34          0          8        188      35031   platform.o
       468        102          0          4          0       3501   raw.o
       556         26          0          8          0       2937   rt_stm32f10x_spi.o
       648        152         78         24        256       4827   scheduler.o
      1316        274        133          0          0       5353   serial.o
      1608        250         77        133       2176       6138   shell.o
      5452        612         64          8         96      35300   sockets.o
      1452        120        163          0          0       6478   spi_core.o
       704        170        217          0          0       4631   spi_dev.o
       188         88          0          0          0       1291   startup.o
        64         26        336          0       1536        880   startup_stm32f10x_cl.o
      7284        240          0         16       9556      39921   stm32_eth.o
      2060        120          0          0          0       5674   stm32f10x_dma.o
      2388        202          0          0          0       7465   stm32f10x_gpio.o
        64         10          0          0          0       1347   stm32f10x_it.o
      2352        140          0         20          0      13782   stm32f10x_rcc.o
      2148         98          0          0          0       8638   stm32f10x_spi.o
      3092        126          0          0          0      11384   stm32f10x_usart.o
         0          0          0         16          0       4181   symbol.o
      1768        314        179          6          0      12375   sys_arch.o
       424         46          0         20          0       2287   system_stm32f10x.o
      3612        796        188         32          0      21344   tcp.o
      5348        828          0         28         20      16527   tcp_in.o
      4000        840         85          0          0      10863   tcp_out.o
       776        146          0         12          0      20584   tcpip.o
      1500        214        170          0          0       8042   thread.o
       912        106         92         12          0       6759   timer.o
       616        144          0          8          0       4795   timers.o
      1108        160          0          4          0      14270   udp.o
       416         40          0         24        400       2365   usart.o

    ----------------------------------------------------------------------
    107904      17100       5838       1048      19572    1045385   Object Totals
         0          0         32          0          0          0   (incl. Generated)
         6          0         12         14          3          0   (incl. Padding)

    ----------------------------------------------------------------------

      Code (inc. data)   RO Data    RW Data    ZI Data      Debug   Library Member Name

        90          0          0          0          0          0   __dczerorl2.o
         8          0          0          0          0         68   __main.o
        52          8          0          0          0          0   __scatter.o
        28          0          0          0          0          0   __scatter_zi.o
        28          0          0          0          0         68   _chval.o
       158          0          0          0          0         92   _strtoul.o
        26          0          0          0          0         80   atoi.o
        12          0          0          0          0         72   exit.o
         6          0          0          0          0        152   heapauxi.o
         0          0          0          0          0          0   indicate_semi.o
        44         10        272          0          0         76   lc_ctype_c.o
         6          0          0          0          0          0   libinit.o
        20          0          0          0          0          0   libinit2.o
         2          0          0          0          0          0   libshutdown.o
         2          0          0          0          0          0   libshutdown2.o
         8          4          0          0         96         68   libspace.o
        16          4          0          0          0         76   rt_ctype_table.o
         8          4          0          0          0         68   rt_errno_addr_intlibspace.o
         8          4          0          0          0         68   rt_fp_status_addr_intlibspace.o
         8          4          0          0          0         68   rt_locale_intlibspace.o
        68          0          0          0          0         68   rt_memclr.o
        78          0          0          0          0         80   rt_memclr_w.o
       138          0          0          0          0         68   rt_memcpy_v6.o
       100          0          0          0          0         80   rt_memcpy_w.o
         0          0          0          0          0          0   rtentry.o
        12          0          0          0          0          0   rtentry2.o
         6          0          0          0          0          0   rtentry4.o
         2          0          0          0          0          0   rtexit.o
        10          0          0          0          0          0   rtexit2.o
        24          0          0          0          0         68   strcat.o
        72          0          0          0          0         80   strcpy.o
        62          0          0          0          0         76   strlen.o
       150          0          0          0          0         80   strncmp.o
        86          0          0          0          0         76   strncpy.o
       112          0          0          0          0         88   strtol.o
        12          4          0          0          0         68   sys_exit.o
        74          0          0          0          0         80   sys_stackheap_outer.o
         2          0          0          0          0         68   use_no_semi.o
        14          0          0          0          0         76   fpinit.o

    ----------------------------------------------------------------------
      1558         42        272          0        100       2012   Library Totals
         6          0          0          0          4          0   (incl. Padding)

    ----------------------------------------------------------------------

      Code (inc. data)   RO Data    RW Data    ZI Data      Debug   Library Name

      1538         42        272          0         96       1936   c_w.l
        14          0          0          0          0         76   fz_ws.l

    ----------------------------------------------------------------------
      1558         42        272          0        100       2012   Library Totals

    ----------------------------------------------------------------------

==============================================================================


      Code (inc. data)   RO Data    RW Data    ZI Data      Debug   

    109462      17142       6110       1048      19672    1038973   Grand Totals
    109462      17142       6110        212      19672    1038973   ELF Image Totals (compressed)
    109462      17142       6110        212          0          0   ROM Totals

==============================================================================

    Total RO  Size (Code + RO Data)               115572 ( 112.86kB)
    Total RW  Size (RW Data + ZI Data)             20720 (  20.23kB)
    Total ROM Size (Code + RO Data + RW Data)     115784 ( 113.07kB)

==============================================================================

