<html>
<body>
<pre>
<h1>µVision Build Log</h1>
<h2>Project:</h2>
E:\WORK\Work\Project\ChipCircle\bitcoin\arm\study\RT-Thread_1.2.0beta\bsp\stm32f107\project.uvproj
Project File Date:  09/27/2013

<h2>Output:</h2>
Build target 'RT-Thread STM32'
compiling chipminer.c...
compiling cJSON.c...
linking...
Program Size: Code=167770 RO-data=12186 RW-data=920 ZI-data=30048  
FromELF: creating hex file...
User command #1: fromelf --bin .\build\chipminer.axf --output rtthread.bin
".\build\chipminer.axf" - 0 Error(s), 0 Warning(s).
Load "E:\\WORK\\Work\\Project\\ChipCircle\\bitcoin\\arm\\study\\RT-Thread_1.2.0beta\\bsp\\stm32f107\\build\\chipminer.AXF" 
Erase Done.
Programming Done.
Verify OK.
Application running ...
Build target 'RT-Thread STM32'
compiling chipminer.c...
compiling cJSON.c...
linking...
Program Size: Code=167666 RO-data=12186 RW-data=920 ZI-data=30048  
FromELF: creating hex file...
User command #1: fromelf --bin .\build\chipminer.axf --output rtthread.bin
".\build\chipminer.axf" - 0 Error(s), 0 Warning(s).
Load "E:\\WORK\\Work\\Project\\ChipCircle\\bitcoin\\arm\\study\\RT-Thread_1.2.0beta\\bsp\\stm32f107\\build\\chipminer.AXF" 
Erase Done.
Programming Done.
Verify OK.
Application running ...
Build target 'RT-Thread STM32'
compiling chipminer.c...
compiling cJSON.c...
linking...
Program Size: Code=167674 RO-data=12186 RW-data=920 ZI-data=30048  
FromELF: creating hex file...
User command #1: fromelf --bin .\build\chipminer.axf --output rtthread.bin
".\build\chipminer.axf" - 0 Error(s), 0 Warning(s).
Load "E:\\WORK\\Work\\Project\\ChipCircle\\bitcoin\\arm\\study\\RT-Thread_1.2.0beta\\bsp\\stm32f107\\build\\chipminer.AXF" 
Erase Done.
Programming Done.
Verify OK.
Application running ...
Build target 'RT-Thread STM32'
compiling chipminer.c...
compiling cJSON.c...
linking...
Program Size: Code=167674 RO-data=12186 RW-data=920 ZI-data=30048  
FromELF: creating hex file...
User command #1: fromelf --bin .\build\chipminer.axf --output rtthread.bin
".\build\chipminer.axf" - 0 Error(s), 0 Warning(s).
Load "E:\\WORK\\Work\\Project\\ChipCircle\\bitcoin\\arm\\study\\RT-Thread_1.2.0beta\\bsp\\stm32f107\\build\\chipminer.AXF" 
Erase Done.
Programming Done.
Verify OK.
Application running ...
Build target 'RT-Thread STM32'
compiling chipminer.c...
compiling cJSON.c...
linking...
Program Size: Code=167678 RO-data=12182 RW-data=920 ZI-data=30048  
FromELF: creating hex file...
User command #1: fromelf --bin .\build\chipminer.axf --output rtthread.bin
".\build\chipminer.axf" - 0 Error(s), 0 Warning(s).
Load "E:\\WORK\\Work\\Project\\ChipCircle\\bitcoin\\arm\\study\\RT-Thread_1.2.0beta\\bsp\\stm32f107\\build\\chipminer.AXF" 
Erase Done.
Programming Done.
Verify OK.
Application running ...
Build target 'RT-Thread STM32'
compiling chipminer.c...
compiling cJSON.c...
linking...
Program Size: Code=167678 RO-data=12182 RW-data=920 ZI-data=30048  
FromELF: creating hex file...
User command #1: fromelf --bin .\build\chipminer.axf --output rtthread.bin
".\build\chipminer.axf" - 0 Error(s), 0 Warning(s).
Load "E:\\WORK\\Work\\Project\\ChipCircle\\bitcoin\\arm\\study\\RT-Thread_1.2.0beta\\bsp\\stm32f107\\build\\chipminer.AXF" 
Erase Done.
Programming Done.
Verify OK.
Application running ...
Build target 'RT-Thread STM32'
compiling chipminer.c...
compiling cJSON.c...
linking...
Program Size: Code=167682 RO-data=12186 RW-data=920 ZI-data=30048  
FromELF: creating hex file...
User command #1: fromelf --bin .\build\chipminer.axf --output rtthread.bin
".\build\chipminer.axf" - 0 Error(s), 0 Warning(s).
Load "E:\\WORK\\Work\\Project\\ChipCircle\\bitcoin\\arm\\study\\RT-Thread_1.2.0beta\\bsp\\stm32f107\\build\\chipminer.AXF" 
Erase Done.
Programming Done.
Verify OK.
Application running ...
Build target 'RT-Thread STM32'
compiling chipminer.c...
compiling nanohttp-server.c...
compiling cJSON.c...
linking...
Program Size: Code=167690 RO-data=12186 RW-data=920 ZI-data=30048  
FromELF: creating hex file...
User command #1: fromelf --bin .\build\chipminer.axf --output rtthread.bin
".\build\chipminer.axf" - 0 Error(s), 0 Warning(s).
Load "E:\\WORK\\Work\\Project\\ChipCircle\\bitcoin\\arm\\study\\RT-Thread_1.2.0beta\\bsp\\stm32f107\\build\\chipminer.AXF" 
Erase Done.
Programming Done.
Verify OK.
Application running ...
Build target 'RT-Thread STM32'
compiling chipminer.c...
compiling cJSON.c...
linking...
Program Size: Code=167790 RO-data=12182 RW-data=920 ZI-data=30048  
FromELF: creating hex file...
User command #1: fromelf --bin .\build\chipminer.axf --output rtthread.bin
".\build\chipminer.axf" - 0 Error(s), 0 Warning(s).
Load "E:\\WORK\\Work\\Project\\ChipCircle\\bitcoin\\arm\\study\\RT-Thread_1.2.0beta\\bsp\\stm32f107\\build\\chipminer.AXF" 
Erase Done.
Programming Done.
Verify OK.
Application running ...
