<html>
<body>
<pre>
<h1>µVision Build Log</h1>
<h2>Project:</h2>
E:\WORK\Work\Project\ChipCircle\bitcoin\arm\study\RT-Thread_1.2.0beta\bsp\stm32f107\project.uvproj
Project File Date:  09/03/2013

<h2>Output:</h2>
Load "E:\\WORK\\Work\\Project\\ChipCircle\\bitcoin\\arm\\study\\RT-Thread_1.2.0beta\\bsp\\stm32f107\\build\\rtthread-stm32.AXF" 
Load "E:\\WORK\\Work\\Project\\ChipCircle\\bitcoin\\arm\\study\\RT-Thread_1.2.0beta\\bsp\\stm32f107\\build\\rtthread-stm32.AXF" 
Erase Done.
Programming Done.
Verify OK.
Load "E:\\WORK\\Work\\Project\\ChipCircle\\bitcoin\\arm\\study\\RT-Thread_1.2.0beta\\bsp\\stm32f107\\build\\rtthread-stm32.AXF" 
Erase Done.
Programming Done.
Verify OK.
Build target 'RT-Thread STM32'
compiling chipminer.c...
compiling cJSON.c...
linking...
Program Size: Code=172578 RO-data=12910 RW-data=804 ZI-data=30108  
User command #1: fromelf --bin .\build\rtthread-stm32.axf --output rtthread.bin
".\build\rtthread-stm32.axf" - 0 Error(s), 0 Warning(s).
Build target 'RT-Thread STM32'
compiling chipminer.c...
compiling cJSON.c...
linking...
Program Size: Code=172582 RO-data=12906 RW-data=804 ZI-data=30108  
User command #1: fromelf --bin .\build\rtthread-stm32.axf --output rtthread.bin
".\build\rtthread-stm32.axf" - 0 Error(s), 0 Warning(s).
Load "E:\\WORK\\Work\\Project\\ChipCircle\\bitcoin\\arm\\study\\RT-Thread_1.2.0beta\\bsp\\stm32f107\\build\\rtthread-stm32.AXF" 
Erase Done.
Programming Done.
Verify OK.
Build target 'RT-Thread STM32'
compiling chipminer.c...
compiling cJSON.c...
linking...
Program Size: Code=172618 RO-data=12910 RW-data=804 ZI-data=30108  
User command #1: fromelf --bin .\build\rtthread-stm32.axf --output rtthread.bin
".\build\rtthread-stm32.axf" - 0 Error(s), 0 Warning(s).
Build target 'RT-Thread STM32'
compiling chipminer.c...
compiling cJSON.c...
linking...
Program Size: Code=172610 RO-data=12910 RW-data=804 ZI-data=30108  
User command #1: fromelf --bin .\build\rtthread-stm32.axf --output rtthread.bin
".\build\rtthread-stm32.axf" - 0 Error(s), 0 Warning(s).
Build target 'RT-Thread STM32'
compiling chipminer.c...
compiling cJSON.c...
linking...
Program Size: Code=172626 RO-data=12910 RW-data=804 ZI-data=30108  
User command #1: fromelf --bin .\build\rtthread-stm32.axf --output rtthread.bin
".\build\rtthread-stm32.axf" - 0 Error(s), 0 Warning(s).
Load "E:\\WORK\\Work\\Project\\ChipCircle\\bitcoin\\arm\\study\\RT-Thread_1.2.0beta\\bsp\\stm32f107\\build\\rtthread-stm32.AXF" 
Erase Done.
Programming Done.
Verify OK.
Build target 'RT-Thread STM32'
compiling chipminer.c...
compiling cJSON.c...
linking...
Program Size: Code=172626 RO-data=12910 RW-data=804 ZI-data=30108  
User command #1: fromelf --bin .\build\chipminer_%date_%time.axf --output rtthread.bin
".\build\chipminer_%date_%time.axf" - 0 Error(s), 0 Warning(s).
Build target 'RT-Thread STM32'
compiling chipminer.c...
compiling cJSON.c...
linking...
Program Size: Code=172626 RO-data=12910 RW-data=804 ZI-data=30108  
FromELF: creating hex file...
User command #1: fromelf --bin .\build\chipminer.axf --output rtthread.bin
".\build\chipminer.axf" - 0 Error(s), 0 Warning(s).
Load "E:\\WORK\\Work\\Project\\ChipCircle\\bitcoin\\arm\\study\\RT-Thread_1.2.0beta\\bsp\\stm32f107\\build\\chipminer.AXF" 
Erase Done.
Programming Done.
Verify OK.
Build target 'RT-Thread STM32'
compiling chipminer.c...
compiling cJSON.c...
linking...
Program Size: Code=172626 RO-data=12910 RW-data=804 ZI-data=30108  
FromELF: creating hex file...
User command #1: fromelf --bin .\build\chipminer.axf --output rtthread.bin
".\build\chipminer.axf" - 0 Error(s), 0 Warning(s).
Load "E:\\WORK\\Work\\Project\\ChipCircle\\bitcoin\\arm\\study\\RT-Thread_1.2.0beta\\bsp\\stm32f107\\build\\chipminer.AXF" 
Erase Done.
Programming Done.
Verify OK.
